Archive member included to satisfy reference by file (symbol)

D:/STM32/stm32cubeide/STM32CubeIDE_1.13.0/STM32CubeIDE/plugins/com.st.stm32cube.ide.mcu.externaltools.gnu-tools-for-stm32.11.3.rel1.win32_1.1.0.202305231506/tools/bin/../lib/gcc/arm-none-eabi/11.3.1/../../../../arm-none-eabi/lib/thumb/v7e-m+fp/hard\libc_nano.a(libc_a-exit.o)
                              D:/STM32/stm32cubeide/STM32CubeIDE_1.13.0/STM32CubeIDE/plugins/com.st.stm32cube.ide.mcu.externaltools.gnu-tools-for-stm32.11.3.rel1.win32_1.1.0.202305231506/tools/bin/../lib/gcc/arm-none-eabi/11.3.1/../../../../arm-none-eabi/lib/thumb/v7e-m+fp/hard/crt0.o (exit)
D:/STM32/stm32cubeide/STM32CubeIDE_1.13.0/STM32CubeIDE/plugins/com.st.stm32cube.ide.mcu.externaltools.gnu-tools-for-stm32.11.3.rel1.win32_1.1.0.202305231506/tools/bin/../lib/gcc/arm-none-eabi/11.3.1/../../../../arm-none-eabi/lib/thumb/v7e-m+fp/hard\libc_nano.a(libc_a-findfp.o)
                              D:/STM32/stm32cubeide/STM32CubeIDE_1.13.0/STM32CubeIDE/plugins/com.st.stm32cube.ide.mcu.externaltools.gnu-tools-for-stm32.11.3.rel1.win32_1.1.0.202305231506/tools/bin/../lib/gcc/arm-none-eabi/11.3.1/../../../../arm-none-eabi/lib/thumb/v7e-m+fp/hard\libc_nano.a(libc_a-exit.o) (__stdio_exit_handler)
D:/STM32/stm32cubeide/STM32CubeIDE_1.13.0/STM32CubeIDE/plugins/com.st.stm32cube.ide.mcu.externaltools.gnu-tools-for-stm32.11.3.rel1.win32_1.1.0.202305231506/tools/bin/../lib/gcc/arm-none-eabi/11.3.1/../../../../arm-none-eabi/lib/thumb/v7e-m+fp/hard\libc_nano.a(libc_a-fwalk.o)
                              D:/STM32/stm32cubeide/STM32CubeIDE_1.13.0/STM32CubeIDE/plugins/com.st.stm32cube.ide.mcu.externaltools.gnu-tools-for-stm32.11.3.rel1.win32_1.1.0.202305231506/tools/bin/../lib/gcc/arm-none-eabi/11.3.1/../../../../arm-none-eabi/lib/thumb/v7e-m+fp/hard\libc_nano.a(libc_a-findfp.o) (_fwalk_sglue)
D:/STM32/stm32cubeide/STM32CubeIDE_1.13.0/STM32CubeIDE/plugins/com.st.stm32cube.ide.mcu.externaltools.gnu-tools-for-stm32.11.3.rel1.win32_1.1.0.202305231506/tools/bin/../lib/gcc/arm-none-eabi/11.3.1/../../../../arm-none-eabi/lib/thumb/v7e-m+fp/hard\libc_nano.a(libc_a-sprintf.o)
                              ./Core/Src/uart.o (sprintf)
D:/STM32/stm32cubeide/STM32CubeIDE_1.13.0/STM32CubeIDE/plugins/com.st.stm32cube.ide.mcu.externaltools.gnu-tools-for-stm32.11.3.rel1.win32_1.1.0.202305231506/tools/bin/../lib/gcc/arm-none-eabi/11.3.1/../../../../arm-none-eabi/lib/thumb/v7e-m+fp/hard\libc_nano.a(libc_a-stdio.o)
                              D:/STM32/stm32cubeide/STM32CubeIDE_1.13.0/STM32CubeIDE/plugins/com.st.stm32cube.ide.mcu.externaltools.gnu-tools-for-stm32.11.3.rel1.win32_1.1.0.202305231506/tools/bin/../lib/gcc/arm-none-eabi/11.3.1/../../../../arm-none-eabi/lib/thumb/v7e-m+fp/hard\libc_nano.a(libc_a-findfp.o) (__sread)
D:/STM32/stm32cubeide/STM32CubeIDE_1.13.0/STM32CubeIDE/plugins/com.st.stm32cube.ide.mcu.externaltools.gnu-tools-for-stm32.11.3.rel1.win32_1.1.0.202305231506/tools/bin/../lib/gcc/arm-none-eabi/11.3.1/../../../../arm-none-eabi/lib/thumb/v7e-m+fp/hard\libc_nano.a(libc_a-memset.o)
                              D:/STM32/stm32cubeide/STM32CubeIDE_1.13.0/STM32CubeIDE/plugins/com.st.stm32cube.ide.mcu.externaltools.gnu-tools-for-stm32.11.3.rel1.win32_1.1.0.202305231506/tools/bin/../lib/gcc/arm-none-eabi/11.3.1/../../../../arm-none-eabi/lib/thumb/v7e-m+fp/hard/crt0.o (memset)
D:/STM32/stm32cubeide/STM32CubeIDE_1.13.0/STM32CubeIDE/plugins/com.st.stm32cube.ide.mcu.externaltools.gnu-tools-for-stm32.11.3.rel1.win32_1.1.0.202305231506/tools/bin/../lib/gcc/arm-none-eabi/11.3.1/../../../../arm-none-eabi/lib/thumb/v7e-m+fp/hard\libc_nano.a(libc_a-closer.o)
                              D:/STM32/stm32cubeide/STM32CubeIDE_1.13.0/STM32CubeIDE/plugins/com.st.stm32cube.ide.mcu.externaltools.gnu-tools-for-stm32.11.3.rel1.win32_1.1.0.202305231506/tools/bin/../lib/gcc/arm-none-eabi/11.3.1/../../../../arm-none-eabi/lib/thumb/v7e-m+fp/hard\libc_nano.a(libc_a-stdio.o) (_close_r)
D:/STM32/stm32cubeide/STM32CubeIDE_1.13.0/STM32CubeIDE/plugins/com.st.stm32cube.ide.mcu.externaltools.gnu-tools-for-stm32.11.3.rel1.win32_1.1.0.202305231506/tools/bin/../lib/gcc/arm-none-eabi/11.3.1/../../../../arm-none-eabi/lib/thumb/v7e-m+fp/hard\libc_nano.a(libc_a-reent.o)
                              D:/STM32/stm32cubeide/STM32CubeIDE_1.13.0/STM32CubeIDE/plugins/com.st.stm32cube.ide.mcu.externaltools.gnu-tools-for-stm32.11.3.rel1.win32_1.1.0.202305231506/tools/bin/../lib/gcc/arm-none-eabi/11.3.1/../../../../arm-none-eabi/lib/thumb/v7e-m+fp/hard\libc_nano.a(libc_a-closer.o) (errno)
D:/STM32/stm32cubeide/STM32CubeIDE_1.13.0/STM32CubeIDE/plugins/com.st.stm32cube.ide.mcu.externaltools.gnu-tools-for-stm32.11.3.rel1.win32_1.1.0.202305231506/tools/bin/../lib/gcc/arm-none-eabi/11.3.1/../../../../arm-none-eabi/lib/thumb/v7e-m+fp/hard\libc_nano.a(libc_a-impure.o)
[...]
Memory Configuration

Name             Origin             Length             Attributes
CCMRAM           0x0000000010000000 0x0000000000010000 xrw
RAM              0x0000000020000000 0x0000000000020000 xrw
FLASH            0x0000000008000000 0x0000000000100000 xr
*default*        0x0000000000000000 0xffffffffffffffff

Linker script and memory map

LOAD D:/STM32/stm32cubeide/STM32CubeIDE_1.13.0/STM32CubeIDE/plugins/com.st.stm32cube.ide.mcu.externaltools.gnu-tools-for-stm32.11.3.rel1.win32_1.1.0.202305231506/tools/bin/../lib/gcc/arm-none-eabi/11.3.1/thumb/v7e-m+fp/hard/crti.o
LOAD D:/STM32/stm32cubeide/STM32CubeIDE_1.13.0/STM32CubeIDE/plugins/com.st.stm32cube.ide.mcu.externaltools.gnu-tools-for-stm32.11.3.rel1.win32_1.1.0.202305231506/tools/bin/../lib/gcc/arm-none-eabi/11.3.1/thumb/v7e-m+fp/hard/crtbegin.o
LOAD D:/STM32/stm32cubeide/STM32CubeIDE_1.13.0/STM32CubeIDE/plugins/com.st.stm32cube.ide.mcu.externaltools.gnu-tools-for-stm32.11.3.rel1.win32_1.1.0.202305231506/tools/bin/../lib/gcc/arm-none-eabi/11.3.1/../../../../arm-none-eabi/lib/thumb/v7e-m+fp/hard/crt0.o
LOAD ./Core/Src/button.o
LOAD ./Core/Src/ds3231.o
LOAD ./Core/Src/fsmc.o
LOAD ./Core/Src/gpio.o
LOAD ./Core/Src/i2c.o
LOAD ./Core/Src/lcd.o
LOAD ./Core/Src/led_7seg.o
LOAD ./Core/Src/main.o
LOAD ./Core/Src/picture.o
LOAD ./Core/Src/ring_buff.o
LOAD ./Core/Src/software_timer.o
LOAD ./Core/Src/spi.o
LOAD ./Core/Src/stm32f4xx_hal_msp.o
LOAD ./Core/Src/stm32f4xx_it.o
LOAD ./Core/Src/syscalls.o
LOAD ./Core/Src/sysmem.o
LOAD ./Core/Src/system_stm32f4xx.o
LOAD ./Core/Src/tim.o
LOAD ./Core/Src/uart.o
LOAD ./Core/Src/usart.o
LOAD ./Core/Src/utils.o
LOAD ./Core/Startup/startup_stm32f407zetx.o
LOAD ./Drivers/STM32F4xx_HAL_Driver/Src/stm32f4xx_hal.o
LOAD ./Drivers/STM32F4xx_HAL_Driver/Src/stm32f4xx_hal_cortex.o
LOAD ./Drivers/STM32F4xx_HAL_Driver/Src/stm32f4xx_hal_dma.o
LOAD ./Drivers/STM32F4xx_HAL_Driver/Src/stm32f4xx_hal_dma_ex.o
LOAD ./Drivers/STM32F4xx_HAL_Driver/Src/stm32f4xx_hal_exti.o
LOAD ./Drivers/STM32F4xx_HAL_Driver/Src/stm32f4xx_hal_flash.o
LOAD ./Drivers/STM32F4xx_HAL_Driver/Src/stm32f4xx_hal_flash_ex.o
LOAD ./Drivers/STM32F4xx_HAL_Driver/Src/stm32f4xx_hal_flash_ramfunc.o
LOAD ./Drivers/STM32F4xx_HAL_Driver/Src/stm32f4xx_hal_gpio.o
LOAD ./Drivers/STM32F4xx_HAL_Driver/Src/stm32f4xx_hal_i2c.o
LOAD ./Drivers/STM32F4xx_HAL_Driver/Src/stm32f4xx_hal_i2c_ex.o
LOAD ./Drivers/STM32F4xx_HAL_Driver/Src/stm32f4xx_hal_pwr.o
LOAD ./Drivers/STM32F4xx_HAL_Driver/Src/stm32f4xx_hal_pwr_ex.o
LOAD ./Drivers/STM32F4xx_HAL_Driver/Src/stm32f4xx_hal_rcc.o
LOAD ./Drivers/STM32F4xx_HAL_Driver/Src/stm32f4xx_hal_rcc_ex.o
LOAD ./Drivers/STM32F4xx_HAL_Driver/Src/stm32f4xx_hal_spi.o
LOAD ./Drivers/STM32F4xx_HAL_Driver/Src/stm32f4xx_hal_sram.o
LOAD ./Drivers/STM32F4xx_HAL_Driver/Src/stm32f4xx_hal_tim.o
LOAD ./Drivers/STM32F4xx_HAL_Driver/Src/stm32f4xx_hal_tim_ex.o
LOAD ./Drivers/STM32F4xx_HAL_Driver/Src/stm32f4xx_hal_uart.o
LOAD ./Drivers/STM32F4xx_HAL_Driver/Src/stm32f4xx_ll_fsmc.o
START GROUP
LOAD D:/STM32/stm32cubeide/STM32CubeIDE_1.13.0/STM32CubeIDE/plugins/com.st.stm32cube.ide.mcu.externaltools.gnu-tools-for-stm32.11.3.rel1.win32_1.1.0.202305231506/tools/bin/../lib/gcc/arm-none-eabi/11.3.1/../../../../arm-none-eabi/lib/thumb/v7e-m+fp/hard\libc_nano.a
LOAD D:/STM32/stm32cubeide/STM32CubeIDE_1.13.0/STM32CubeIDE/plugins/com.st.stm32cube.ide.mcu.externaltools.gnu-tools-for-stm32.11.3.rel1.win32_1.1.0.202305231506/tools/bin/../lib/gcc/arm-none-eabi/11.3.1/../../../../arm-none-eabi/lib/thumb/v7e-m+fp/hard\libm.a
END GROUP
START GROUP
LOAD D:/STM32/stm32cubeide/STM32CubeIDE_1.13.0/STM32CubeIDE/plugins/com.st.stm32cube.ide.mcu.externaltools.gnu-tools-for-stm32.11.3.rel1.win32_1.1.0.202305231506/tools/bin/../lib/gcc/arm-none-eabi/11.3.1/thumb/v7e-m+fp/hard\libgcc.a
LOAD D:/STM32/stm32cubeide/STM32CubeIDE_1.13.0/STM32CubeIDE/plugins/com.st.stm32cube.ide.mcu.externaltools.gnu-tools-for-stm32.11.3.rel1.win32_1.1.0.202305231506/tools/bin/../lib/gcc/arm-none-eabi/11.3.1/../../../../arm-none-eabi/lib/thumb/v7e-m+fp/hard\libc_nano.a
END GROUP
START GROUP
LOAD D:/STM32/stm32cubeide/STM32CubeIDE_1.13.0/STM32CubeIDE/plugins/com.st.stm32cube.ide.mcu.externaltools.gnu-tools-for-stm32.11.3.rel1.win32_1.1.0.202305231506/tools/bin/../lib/gcc/arm-none-eabi/11.3.1/thumb/v7e-m+fp/hard\libgcc.a
LOAD D:/STM32/stm32cubeide/STM32CubeIDE_1.13.0/STM32CubeIDE/plugins/com.st.stm32cube.ide.mcu.externaltools.gnu-tools-for-stm32.11.3.rel1.win32_1.1.0.202305231506/tools/bin/../lib/gcc/arm-none-eabi/11.3.1/../../../../arm-none-eabi/lib/thumb/v7e-m+fp/hard\libc_nano.a
LOAD D:/STM32/stm32cubeide/STM32CubeIDE_1.13.0/STM32CubeIDE/plugins/com.st.stm32cube.ide.mcu.externaltools.gnu-tools-for-stm32.11.3.rel1.win32_1.1.0.202305231506/tools/bin/../lib/gcc/arm-none-eabi/11.3.1/../../../../arm-none-eabi/lib/thumb/v7e-m+fp/hard\libnosys.a
END GROUP
START GROUP
LOAD D:/STM32/stm32cubeide/STM32CubeIDE_1.13.0/STM32CubeIDE/plugins/com.st.stm32cube.ide.mcu.externaltools.gnu-tools-for-stm32.11.3.rel1.win32_1.1.0.202305231506/tools/bin/../lib/gcc/arm-none-eabi/11.3.1/thumb/v7e-m+fp/hard\libgcc.a
LOAD D:/STM32/stm32cubeide/STM32CubeIDE_1.13.0/STM32CubeIDE/plugins/com.st.stm32cube.ide.mcu.externaltools.gnu-tools-for-stm32.11.3.rel1.win32_1.1.0.202305231506/tools/bin/../lib/gcc/arm-none-eabi/11.3.1/../../../../arm-none-eabi/lib/thumb/v7e-m+fp/hard\libc_nano.a
LOAD D:/STM32/stm32cubeide/STM32CubeIDE_1.13.0/STM32CubeIDE/plugins/com.st.stm32cube.ide.mcu.externaltools.gnu-tools-for-stm32.11.3.rel1.win32_1.1.0.202305231506/tools/bin/../lib/gcc/arm-none-eabi/11.3.1/../../../../arm-none-eabi/lib/thumb/v7e-m+fp/hard\libnosys.a
END GROUP
LOAD D:/STM32/stm32cubeide/STM32CubeIDE_1.13.0/STM32CubeIDE/plugins/com.st.stm32cube.ide.mcu.externaltools.gnu-tools-for-stm32.11.3.rel1.win32_1.1.0.202305231506/tools/bin/../lib/gcc/arm-none-eabi/11.3.1/thumb/v7e-m+fp/hard/crtend.o
LOAD D:/STM32/stm32cubeide/STM32CubeIDE_1.13.0/STM32CubeIDE/plugins/com.st.stm32cube.ide.mcu.externaltools.gnu-tools-for-stm32.11.3.rel1.win32_1.1.0.202305231506/tools/bin/../lib/gcc/arm-none-eabi/11.3.1/thumb/v7e-m+fp/hard/crtn.o
                0x0000000020020000                _estack = (ORIGIN (RAM) + LENGTH (RAM))
                0x0000000000000200                _Min_Heap_Size = 0x200
                0x0000000000000400                _Min_Stack_Size = 0x400

.isr_vector     0x0000000008000000      0x188
                0x0000000008000000                . = ALIGN (0x4)
 *(.isr_vector)
 .isr_vector    0x0000000008000000      0x188 ./Core/Startup/startup_stm32f407zetx.o
                0x0000000008000000                g_pfnVectors
                0x0000000008000188                . = ALIGN (0x4)

.text           0x0000000008000190     0x658c
                0x0000000008000190                . = ALIGN (0x4)
 *(.text)
 .text          0x0000000008000190       0x40 D:/STM32/stm32cubeide/STM32CubeIDE_1.13.0/STM32CubeIDE/plugins/com.st.stm32cube.ide.mcu.externaltools.gnu-tools-for-stm32.11.3.rel1.win32_1.1.0.202305231506/tools/bin/../lib/gcc/arm-none-eabi/11.3.1/thumb/v7e-m+fp/hard/crtbegin.o
 .text          0x00000000080001d0       0xa0 D:/STM32/stm32cubeide/STM32CubeIDE_1.13.0/STM32CubeIDE/plugins/com.st.stm32cube.ide.mcu.externaltools.gnu-tools-for-stm32.11.3.rel1.win32_1.1.0.202305231506/tools/bin/../lib/gcc/arm-none-eabi/11.3.1/../../../../arm-none-eabi/lib/thumb/v7e-m+fp/hard\libc_nano.a(libc_a-memchr.o)
                0x00000000080001d0                memchr
 .text          0x0000000008000270       0x30 D:/STM32/stm32cubeide/STM32CubeIDE_1.13.0/STM32CubeIDE/plugins/com.st.stm32cube.ide.mcu.externaltools.gnu-tools-for-stm32.11.3.rel1.win32_1.1.0.202305231506/tools/bin/../lib/gcc/arm-none-eabi/11.3.1/thumb/v7e-m+fp/hard\libgcc.a(_aeabi_uldivmod.o)
                0x0000000008000270                __aeabi_uldivmod
 .text          0x00000000080002a0      0x2c8 D:/STM32/stm32cubeide/STM32CubeIDE_1.13.0/STM32CubeIDE/plugins/com.st.stm32cube.ide.mcu.externaltools.gnu-tools-for-stm32.11.3.rel1.win32_1.1.0.202305231506/tools/bin/../lib/gcc/arm-none-eabi/11.3.1/thumb/v7e-m+fp/hard\libgcc.a(_udivmoddi4.o)
                0x00000000080002a0                __udivmoddi4
 .text          0x0000000008000568        0x4 D:/STM32/stm32cubeide/STM32CubeIDE_1.13.0/STM32CubeIDE/plugins/com.st.stm32cube.ide.mcu.externaltools.gnu-tools-for-stm32.11.3.rel1.win32_1.1.0.202305231506/tools/bin/../lib/gcc/arm-none-eabi/11.3.1/thumb/v7e-m+fp/hard\libgcc.a(_dvmd_tls.o)
                0x0000000008000568                __aeabi_idiv0
                0x0000000008000568                __aeabi_ldiv0
 *(.text*)
 .text.button_init
                0x000000000800056c       0x18 ./Core/Src/button.o
                0x000000000800056c                button_init
 .text.button_Scan
                0x0000000008000584       0xd8 ./Core/Src/button.o
                0x0000000008000584                button_Scan
 .text.ds3231_ReadTime
                0x000000000800065c       0xc8 ./Core/Src/ds3231.o
                0x000000000800065c                ds3231_ReadTime
 .text.MX_FSMC_Init
                0x0000000008000724       0xf4 ./Core/Src/fsmc.o
                0x0000000008000724                MX_FSMC_Init
 .text.HAL_FSMC_MspInit
                0x0000000008000818       0x98 ./Core/Src/fsmc.o
 .text.HAL_SRAM_MspInit
                0x00000000080008b0       0x14 ./Core/Src/fsmc.o
                0x00000000080008b0                HAL_SRAM_MspInit
 .text.MX_GPIO_Init
                0x00000000080008c4      0x1f0 ./Core/Src/gpio.o
                0x00000000080008c4                MX_GPIO_Init
 .text.MX_I2C1_Init
                0x0000000008000ab4       0x5c ./Core/Src/i2c.o
                0x0000000008000ab4                MX_I2C1_Init
 .text.HAL_I2C_MspInit
                0x0000000008000b10       0x90 ./Core/Src/i2c.o
                0x0000000008000b10                HAL_I2C_MspInit
 .text.LCD_WR_REG
                0x0000000008000ba0       0x20 ./Core/Src/lcd.o
                0x0000000008000ba0                LCD_WR_REG
 .text.LCD_WR_DATA
                0x0000000008000bc0       0x20 ./Core/Src/lcd.o
                0x0000000008000bc0                LCD_WR_DATA
 .text.LCD_RD_DATA
                0x0000000008000be0       0x24 ./Core/Src/lcd.o
                0x0000000008000be0                LCD_RD_DATA
 .text.mypow    0x0000000008000c04       0x38 ./Core/Src/lcd.o
                0x0000000008000c04                mypow
 .text.lcd_SetDir
                0x0000000008000c3c       0x48 ./Core/Src/lcd.o
                0x0000000008000c3c                lcd_SetDir
 .text.lcd_init
                0x0000000008000c84      0x2c0 ./Core/Src/lcd.o
                0x0000000008000c84                lcd_init
 .text.led7_init
                0x0000000008000f44       0x18 ./Core/Src/led_7seg.o
                0x0000000008000f44                led7_init
 .text.led7_Scan
                0x0000000008000f5c      0x118 ./Core/Src/led_7seg.o
                0x0000000008000f5c                led7_Scan
 .text.main     0x0000000008001074       0x50 ./Core/Src/main.o
                0x0000000008001074                main
 .text.SystemClock_Config
                0x00000000080010c4       0xd4 ./Core/Src/main.o
                0x00000000080010c4                SystemClock_Config
 .text.system_init
                0x0000000008001198       0x44 ./Core/Src/main.o
                0x0000000008001198                system_init
 .text.test_LedDebug
                0x00000000080011dc       0x48 ./Core/Src/main.o
                0x00000000080011dc                test_LedDebug
 .text.test_Uart
                0x0000000008001224       0x58 ./Core/Src/main.o
                0x0000000008001224                test_Uart
 .text.Error_Handler
                0x000000000800127c        0xa ./Core/Src/main.o
                0x000000000800127c                Error_Handler
 *fill*         0x0000000008001286        0x2 
 .text.timer_init
                0x0000000008001288       0x14 ./Core/Src/software_timer.o
                0x0000000008001288                timer_init
 .text.setTimer2
                0x000000000800129c       0x38 ./Core/Src/software_timer.o
                0x000000000800129c                setTimer2
 .text.HAL_TIM_PeriodElapsedCallback
                0x00000000080012d4       0x54 ./Core/Src/software_timer.o
                0x00000000080012d4                HAL_TIM_PeriodElapsedCallback
 .text.MX_SPI1_Init
                0x0000000008001328       0x6c ./Core/Src/spi.o
                0x0000000008001328                MX_SPI1_Init
 .text.HAL_SPI_MspInit
                0x0000000008001394       0x90 ./Core/Src/spi.o
                0x0000000008001394                HAL_SPI_MspInit
 .text.HAL_MspInit
                0x0000000008001424       0x50 ./Core/Src/stm32f4xx_hal_msp.o
                0x0000000008001424                HAL_MspInit
 .text.NMI_Handler
                0x0000000008001474        0x6 ./Core/Src/stm32f4xx_it.o
                0x0000000008001474                NMI_Handler
 .text.HardFault_Handler
                0x000000000800147a        0x6 ./Core/Src/stm32f4xx_it.o
                0x000000000800147a                HardFault_Handler
 .text.MemManage_Handler
                0x0000000008001480        0x6 ./Core/Src/stm32f4xx_it.o
                0x0000000008001480                MemManage_Handler
 .text.BusFault_Handler
                0x0000000008001486        0x6 ./Core/Src/stm32f4xx_it.o
                0x0000000008001486                BusFault_Handler
 .text.UsageFault_Handler
                0x000000000800148c        0x6 ./Core/Src/stm32f4xx_it.o
                0x000000000800148c                UsageFault_Handler
 .text.SVC_Handler
                0x0000000008001492        0xe ./Core/Src/stm32f4xx_it.o
                0x0000000008001492                SVC_Handler
 .text.DebugMon_Handler
                0x00000000080014a0        0xe ./Core/Src/stm32f4xx_it.o
                0x00000000080014a0                DebugMon_Handler
 .text.PendSV_Handler
                0x00000000080014ae        0xe ./Core/Src/stm32f4xx_it.o
                0x00000000080014ae                PendSV_Handler
 .text.SysTick_Handler
                0x00000000080014bc        0xc ./Core/Src/stm32f4xx_it.o
                0x00000000080014bc                SysTick_Handler
 .text.TIM2_IRQHandler
                0x00000000080014c8       0x14 ./Core/Src/stm32f4xx_it.o
                0x00000000080014c8                TIM2_IRQHandler
 .text.USART1_IRQHandler
                0x00000000080014dc       0x14 ./Core/Src/stm32f4xx_it.o
                0x00000000080014dc                USART1_IRQHandler
 .text._sbrk    0x00000000080014f0       0x6c ./Core/Src/sysmem.o
                0x00000000080014f0                _sbrk
 .text.SystemInit
                0x000000000800155c       0x24 ./Core/Src/system_stm32f4xx.o
                0x000000000800155c                SystemInit
 .text.MX_TIM2_Init
                0x0000000008001580       0x98 ./Core/Src/tim.o
                0x0000000008001580                MX_TIM2_Init
 .text.HAL_TIM_Base_MspInit
                0x0000000008001618       0x4c ./Core/Src/tim.o
                0x0000000008001618                HAL_TIM_Base_MspInit
 .text.uart_init_rs232
                0x0000000008001664       0x1c ./Core/Src/uart.o
                0x0000000008001664                uart_init_rs232
 .text.uart_Rs232SendString
                0x0000000008001680       0x34 ./Core/Src/uart.o
                0x0000000008001680                uart_Rs232SendString
 .text.uart_Rs232SendNum
                0x00000000080016b4       0xac ./Core/Src/uart.o
                0x00000000080016b4                uart_Rs232SendNum
 .text.HAL_UART_RxCpltCallback
                0x0000000008001760       0x3c ./Core/Src/uart.o
                0x0000000008001760                HAL_UART_RxCpltCallback
 .text.MX_USART1_UART_Init
                0x000000000800179c       0x54 ./Core/Src/usart.o
                0x000000000800179c                MX_USART1_UART_Init
 .text.HAL_UART_MspInit
                0x00000000080017f0       0xa0 ./Core/Src/usart.o
                0x00000000080017f0                HAL_UART_MspInit
 .text.BCD2DEC  0x0000000008001890       0x32 ./Core/Src/utils.o
                0x0000000008001890                BCD2DEC
 *fill*         0x00000000080018c2        0x2 
 .text.Reset_Handler
                0x00000000080018c4       0x50 ./Core/Startup/startup_stm32f407zetx.o
                0x00000000080018c4                Reset_Handler
 .text.Default_Handler
                0x0000000008001914        0x2 ./Core/Startup/startup_stm32f407zetx.o
                0x0000000008001914                RTC_Alarm_IRQHandler
                0x0000000008001914                HASH_RNG_IRQHandler
                0x0000000008001914                EXTI2_IRQHandler
                0x0000000008001914                TIM8_CC_IRQHandler
                0x0000000008001914                TIM1_CC_IRQHandler
                0x0000000008001914                DMA2_Stream5_IRQHandler
                0x0000000008001914                DMA1_Stream5_IRQHandler
                0x0000000008001914                PVD_IRQHandler
                0x0000000008001914                SDIO_IRQHandler
                0x0000000008001914                TAMP_STAMP_IRQHandler
                0x0000000008001914                CAN2_RX1_IRQHandler
                0x0000000008001914                EXTI3_IRQHandler
                0x0000000008001914                TIM8_TRG_COM_TIM14_IRQHandler
                0x0000000008001914                TIM1_UP_TIM10_IRQHandler
                0x0000000008001914                TIM8_UP_TIM13_IRQHandler
                0x0000000008001914                I2C3_ER_IRQHandler
                0x0000000008001914                EXTI0_IRQHandler
                0x0000000008001914                I2C2_EV_IRQHandler
                0x0000000008001914                DMA1_Stream2_IRQHandler
                0x0000000008001914                CAN1_RX0_IRQHandler
                0x0000000008001914                FPU_IRQHandler
                0x0000000008001914                OTG_HS_WKUP_IRQHandler
                0x0000000008001914                CAN2_SCE_IRQHandler
                0x0000000008001914                DMA2_Stream2_IRQHandler
                0x0000000008001914                SPI1_IRQHandler
                0x0000000008001914                TIM6_DAC_IRQHandler
                0x0000000008001914                TIM1_BRK_TIM9_IRQHandler
                0x0000000008001914                DCMI_IRQHandler
                0x0000000008001914                CAN2_RX0_IRQHandler
                0x0000000008001914                DMA2_Stream3_IRQHandler
                0x0000000008001914                USART6_IRQHandler
                0x0000000008001914                USART3_IRQHandler
                0x0000000008001914                CAN1_RX1_IRQHandler
                0x0000000008001914                UART5_IRQHandler
                0x0000000008001914                DMA2_Stream0_IRQHandler
                0x0000000008001914                TIM4_IRQHandler
                0x0000000008001914                I2C1_EV_IRQHandler
                0x0000000008001914                DMA1_Stream6_IRQHandler
                0x0000000008001914                DMA1_Stream1_IRQHandler
                0x0000000008001914                UART4_IRQHandler
                0x0000000008001914                TIM3_IRQHandler
                0x0000000008001914                RCC_IRQHandler
                0x0000000008001914                TIM8_BRK_TIM12_IRQHandler
                0x0000000008001914                Default_Handler
                0x0000000008001914                EXTI15_10_IRQHandler
                0x0000000008001914                ADC_IRQHandler
                0x0000000008001914                DMA1_Stream7_IRQHandler
                0x0000000008001914                TIM7_IRQHandler
                0x0000000008001914                CAN2_TX_IRQHandler
                0x0000000008001914                TIM5_IRQHandler
                0x0000000008001914                DMA2_Stream7_IRQHandler
                0x0000000008001914                I2C3_EV_IRQHandler
                0x0000000008001914                EXTI9_5_IRQHandler
                0x0000000008001914                RTC_WKUP_IRQHandler
                0x0000000008001914                ETH_WKUP_IRQHandler
                0x0000000008001914                SPI2_IRQHandler
                0x0000000008001914                OTG_HS_EP1_IN_IRQHandler
                0x0000000008001914                DMA1_Stream0_IRQHandler
                0x0000000008001914                CAN1_TX_IRQHandler
                0x0000000008001914                EXTI4_IRQHandler
                0x0000000008001914                FSMC_IRQHandler
                0x0000000008001914                ETH_IRQHandler
                0x0000000008001914                OTG_HS_EP1_OUT_IRQHandler
                0x0000000008001914                WWDG_IRQHandler
                0x0000000008001914                OTG_FS_WKUP_IRQHandler
                0x0000000008001914                TIM1_TRG_COM_TIM11_IRQHandler
                0x0000000008001914                OTG_HS_IRQHandler
                0x0000000008001914                EXTI1_IRQHandler
                0x0000000008001914                USART2_IRQHandler
                0x0000000008001914                I2C2_ER_IRQHandler
                0x0000000008001914                DMA2_Stream1_IRQHandler
                0x0000000008001914                CAN1_SCE_IRQHandler
                0x0000000008001914                FLASH_IRQHandler
                0x0000000008001914                DMA2_Stream4_IRQHandler
                0x0000000008001914                OTG_FS_IRQHandler
                0x0000000008001914                SPI3_IRQHandler
                0x0000000008001914                DMA1_Stream4_IRQHandler
                0x0000000008001914                I2C1_ER_IRQHandler
                0x0000000008001914                DMA2_Stream6_IRQHandler
                0x0000000008001914                DMA1_Stream3_IRQHandler
 *fill*         0x0000000008001916        0x2 
 .text.HAL_Init
                0x0000000008001918       0x44 ./Drivers/STM32F4xx_HAL_Driver/Src/stm32f4xx_hal.o
                0x0000000008001918                HAL_Init
 .text.HAL_InitTick
                0x000000000800195c       0x60 ./Drivers/STM32F4xx_HAL_Driver/Src/stm32f4xx_hal.o
                0x000000000800195c                HAL_InitTick
 .text.HAL_IncTick
                0x00000000080019bc       0x28 ./Drivers/STM32F4xx_HAL_Driver/Src/stm32f4xx_hal.o
                0x00000000080019bc                HAL_IncTick
 .text.HAL_GetTick
                0x00000000080019e4       0x18 ./Drivers/STM32F4xx_HAL_Driver/Src/stm32f4xx_hal.o
                0x00000000080019e4                HAL_GetTick
 .text.HAL_Delay
                0x00000000080019fc       0x48 ./Drivers/STM32F4xx_HAL_Driver/Src/stm32f4xx_hal.o
                0x00000000080019fc                HAL_Delay
 .text.__NVIC_SetPriorityGrouping
                0x0000000008001a44       0x48 ./Drivers/STM32F4xx_HAL_Driver/Src/stm32f4xx_hal_cortex.o
 .text.__NVIC_GetPriorityGrouping
                0x0000000008001a8c       0x1c ./Drivers/STM32F4xx_HAL_Driver/Src/stm32f4xx_hal_cortex.o
 .text.__NVIC_EnableIRQ
                0x0000000008001aa8       0x3c ./Drivers/STM32F4xx_HAL_Driver/Src/stm32f4xx_hal_cortex.o
 .text.__NVIC_SetPriority
                0x0000000008001ae4       0x54 ./Drivers/STM32F4xx_HAL_Driver/Src/stm32f4xx_hal_cortex.o
 .text.NVIC_EncodePriority
                0x0000000008001b38       0x66 ./Drivers/STM32F4xx_HAL_Driver/Src/stm32f4xx_hal_cortex.o
 *fill*         0x0000000008001b9e        0x2 
 .text.SysTick_Config
                0x0000000008001ba0       0x44 ./Drivers/STM32F4xx_HAL_Driver/Src/stm32f4xx_hal_cortex.o
 .text.HAL_NVIC_SetPriorityGrouping
                0x0000000008001be4       0x16 ./Drivers/STM32F4xx_HAL_Driver/Src/stm32f4xx_hal_cortex.o
                0x0000000008001be4                HAL_NVIC_SetPriorityGrouping
 .text.HAL_NVIC_SetPriority
                0x0000000008001bfa       0x38 ./Drivers/STM32F4xx_HAL_Driver/Src/stm32f4xx_hal_cortex.o
                0x0000000008001bfa                HAL_NVIC_SetPriority
 .text.HAL_NVIC_EnableIRQ
                0x0000000008001c32       0x1c ./Drivers/STM32F4xx_HAL_Driver/Src/stm32f4xx_hal_cortex.o
                0x0000000008001c32                HAL_NVIC_EnableIRQ
 .text.HAL_SYSTICK_Config
                0x0000000008001c4e       0x18 ./Drivers/STM32F4xx_HAL_Driver/Src/stm32f4xx_hal_cortex.o
                0x0000000008001c4e                HAL_SYSTICK_Config
 .text.HAL_DMA_Abort
                0x0000000008001c66       0xe0 ./Drivers/STM32F4xx_HAL_Driver/Src/stm32f4xx_hal_dma.o
                0x0000000008001c66                HAL_DMA_Abort
 .text.HAL_DMA_Abort_IT
                0x0000000008001d46       0x44 ./Drivers/STM32F4xx_HAL_Driver/Src/stm32f4xx_hal_dma.o
                0x0000000008001d46                HAL_DMA_Abort_IT
 *fill*         0x0000000008001d8a        0x2 
 .text.HAL_GPIO_Init
                0x0000000008001d8c      0x338 ./Drivers/STM32F4xx_HAL_Driver/Src/stm32f4xx_hal_gpio.o
                0x0000000008001d8c                HAL_GPIO_Init
 .text.HAL_GPIO_WritePin
                0x00000000080020c4       0x32 ./Drivers/STM32F4xx_HAL_Driver/Src/stm32f4xx_hal_gpio.o
                0x00000000080020c4                HAL_GPIO_WritePin
 .text.HAL_GPIO_TogglePin
                0x00000000080020f6       0x34 ./Drivers/STM32F4xx_HAL_Driver/Src/stm32f4xx_hal_gpio.o
                0x00000000080020f6                HAL_GPIO_TogglePin
 *fill*         0x000000000800212a        0x2 
 .text.HAL_I2C_Init
                0x000000000800212c      0x288 ./Drivers/STM32F4xx_HAL_Driver/Src/stm32f4xx_hal_i2c.o
                0x000000000800212c                HAL_I2C_Init
 .text.HAL_I2C_Mem_Read
                0x00000000080023b4      0x44c ./Drivers/STM32F4xx_HAL_Driver/Src/stm32f4xx_hal_i2c.o
                0x00000000080023b4                HAL_I2C_Mem_Read
 .text.I2C_RequestMemoryRead
                0x0000000008002800      0x1d0 ./Drivers/STM32F4xx_HAL_Driver/Src/stm32f4xx_hal_i2c.o
 .text.I2C_WaitOnFlagUntilTimeout
                0x00000000080029d0       0xae ./Drivers/STM32F4xx_HAL_Driver/Src/stm32f4xx_hal_i2c.o
 .text.I2C_WaitOnMasterAddressFlagUntilTimeout
                0x0000000008002a7e       0xfe ./Drivers/STM32F4xx_HAL_Driver/Src/stm32f4xx_hal_i2c.o
 .text.I2C_WaitOnTXEFlagUntilTimeout
                0x0000000008002b7c       0x82 ./Drivers/STM32F4xx_HAL_Driver/Src/stm32f4xx_hal_i2c.o
 .text.I2C_WaitOnRXNEFlagUntilTimeout
                0x0000000008002bfe       0xac ./Drivers/STM32F4xx_HAL_Driver/Src/stm32f4xx_hal_i2c.o
 .text.I2C_IsAcknowledgeFailed
                0x0000000008002caa       0x5e ./Drivers/STM32F4xx_HAL_Driver/Src/stm32f4xx_hal_i2c.o
 .text.HAL_RCC_OscConfig
                0x0000000008002d08      0x4f0 ./Drivers/STM32F4xx_HAL_Driver/Src/stm32f4xx_hal_rcc.o
                0x0000000008002d08                HAL_RCC_OscConfig
 .text.HAL_RCC_ClockConfig
                0x00000000080031f8      0x1cc ./Drivers/STM32F4xx_HAL_Driver/Src/stm32f4xx_hal_rcc.o
                0x00000000080031f8                HAL_RCC_ClockConfig
 .text.HAL_RCC_GetSysClockFreq
                0x00000000080033c4      0x20c ./Drivers/STM32F4xx_HAL_Driver/Src/stm32f4xx_hal_rcc.o
                0x00000000080033c4                HAL_RCC_GetSysClockFreq
 .text.HAL_RCC_GetHCLKFreq
                0x00000000080035d0       0x18 ./Drivers/STM32F4xx_HAL_Driver/Src/stm32f4xx_hal_rcc.o
                0x00000000080035d0                HAL_RCC_GetHCLKFreq
 .text.HAL_RCC_GetPCLK1Freq
                0x00000000080035e8       0x28 ./Drivers/STM32F4xx_HAL_Driver/Src/stm32f4xx_hal_rcc.o
                0x00000000080035e8                HAL_RCC_GetPCLK1Freq
 .text.HAL_RCC_GetPCLK2Freq
                0x0000000008003610       0x28 ./Drivers/STM32F4xx_HAL_Driver/Src/stm32f4xx_hal_rcc.o
                0x0000000008003610                HAL_RCC_GetPCLK2Freq
 .text.HAL_SPI_Init
                0x0000000008003638      0x112 ./Drivers/STM32F4xx_HAL_Driver/Src/stm32f4xx_hal_spi.o
                0x0000000008003638                HAL_SPI_Init
 .text.HAL_SPI_Transmit
                0x000000000800374a      0x278 ./Drivers/STM32F4xx_HAL_Driver/Src/stm32f4xx_hal_spi.o
                0x000000000800374a                HAL_SPI_Transmit
 .text.HAL_SPI_Receive
                0x00000000080039c2      0x222 ./Drivers/STM32F4xx_HAL_Driver/Src/stm32f4xx_hal_spi.o
                0x00000000080039c2                HAL_SPI_Receive
 .text.HAL_SPI_TransmitReceive
                0x0000000008003be4      0x344 ./Drivers/STM32F4xx_HAL_Driver/Src/stm32f4xx_hal_spi.o
                0x0000000008003be4                HAL_SPI_TransmitReceive
 .text.SPI_WaitFlagStateUntilTimeout
                0x0000000008003f28      0x110 ./Drivers/STM32F4xx_HAL_Driver/Src/stm32f4xx_hal_spi.o
 .text.SPI_EndRxTransaction
                0x0000000008004038       0xca ./Drivers/STM32F4xx_HAL_Driver/Src/stm32f4xx_hal_spi.o
 *fill*         0x0000000008004102        0x2 
 .text.SPI_EndRxTxTransaction
                0x0000000008004104       0x84 ./Drivers/STM32F4xx_HAL_Driver/Src/stm32f4xx_hal_spi.o
 .text.HAL_SRAM_Init
                0x0000000008004188       0x90 ./Drivers/STM32F4xx_HAL_Driver/Src/stm32f4xx_hal_sram.o
                0x0000000008004188                HAL_SRAM_Init
 .text.HAL_TIM_Base_Init
                0x0000000008004218       0x9e ./Drivers/STM32F4xx_HAL_Driver/Src/stm32f4xx_hal_tim.o
                0x0000000008004218                HAL_TIM_Base_Init
 *fill*         0x00000000080042b6        0x2 
 .text.HAL_TIM_Base_Start_IT
                0x00000000080042b8       0xe0 ./Drivers/STM32F4xx_HAL_Driver/Src/stm32f4xx_hal_tim.o
                0x00000000080042b8                HAL_TIM_Base_Start_IT
 .text.HAL_TIM_IRQHandler
                0x0000000008004398      0x210 ./Drivers/STM32F4xx_HAL_Driver/Src/stm32f4xx_hal_tim.o
                0x0000000008004398                HAL_TIM_IRQHandler
 .text.HAL_TIM_ConfigClockSource
                0x00000000080045a8      0x18e ./Drivers/STM32F4xx_HAL_Driver/Src/stm32f4xx_hal_tim.o
                0x00000000080045a8                HAL_TIM_ConfigClockSource
 .text.HAL_TIM_OC_DelayElapsedCallback
                0x0000000008004736       0x14 ./Drivers/STM32F4xx_HAL_Driver/Src/stm32f4xx_hal_tim.o
                0x0000000008004736                HAL_TIM_OC_DelayElapsedCallback
 .text.HAL_TIM_IC_CaptureCallback
                0x000000000800474a       0x14 ./Drivers/STM32F4xx_HAL_Driver/Src/stm32f4xx_hal_tim.o
                0x000000000800474a                HAL_TIM_IC_CaptureCallback
 .text.HAL_TIM_PWM_PulseFinishedCallback
                0x000000000800475e       0x14 ./Drivers/STM32F4xx_HAL_Driver/Src/stm32f4xx_hal_tim.o
                0x000000000800475e                HAL_TIM_PWM_PulseFinishedCallback
 .text.HAL_TIM_TriggerCallback
                0x0000000008004772       0x14 ./Drivers/STM32F4xx_HAL_Driver/Src/stm32f4xx_hal_tim.o
                0x0000000008004772                HAL_TIM_TriggerCallback
 *fill*         0x0000000008004786        0x2 
 .text.TIM_Base_SetConfig
                0x0000000008004788      0x140 ./Drivers/STM32F4xx_HAL_Driver/Src/stm32f4xx_hal_tim.o
                0x0000000008004788                TIM_Base_SetConfig
 .text.TIM_TI1_ConfigInputStage
                0x00000000080048c8       0x5e ./Drivers/STM32F4xx_HAL_Driver/Src/stm32f4xx_hal_tim.o
 .text.TIM_TI2_ConfigInputStage
                0x0000000008004926       0x60 ./Drivers/STM32F4xx_HAL_Driver/Src/stm32f4xx_hal_tim.o
 .text.TIM_ITRx_SetConfig
                0x0000000008004986       0x36 ./Drivers/STM32F4xx_HAL_Driver/Src/stm32f4xx_hal_tim.o
 .text.TIM_ETR_SetConfig
                0x00000000080049bc       0x40 ./Drivers/STM32F4xx_HAL_Driver/Src/stm32f4xx_hal_tim.o
                0x00000000080049bc                TIM_ETR_SetConfig
 .text.HAL_TIMEx_MasterConfigSynchronization
                0x00000000080049fc       0xf8 ./Drivers/STM32F4xx_HAL_Driver/Src/stm32f4xx_hal_tim_ex.o
                0x00000000080049fc                HAL_TIMEx_MasterConfigSynchronization
 .text.HAL_TIMEx_CommutCallback
                0x0000000008004af4       0x14 ./Drivers/STM32F4xx_HAL_Driver/Src/stm32f4xx_hal_tim_ex.o
                0x0000000008004af4                HAL_TIMEx_CommutCallback
 .text.HAL_TIMEx_BreakCallback
                0x0000000008004b08       0x14 ./Drivers/STM32F4xx_HAL_Driver/Src/stm32f4xx_hal_tim_ex.o
                0x0000000008004b08                HAL_TIMEx_BreakCallback
 .text.HAL_UART_Init
                0x0000000008004b1c       0x9a ./Drivers/STM32F4xx_HAL_Driver/Src/stm32f4xx_hal_uart.o
                0x0000000008004b1c                HAL_UART_Init
 .text.HAL_UART_Transmit
                0x0000000008004bb6      0x124 ./Drivers/STM32F4xx_HAL_Driver/Src/stm32f4xx_hal_uart.o
                0x0000000008004bb6                HAL_UART_Transmit
 .text.HAL_UART_Receive_IT
                0x0000000008004cda       0x60 ./Drivers/STM32F4xx_HAL_Driver/Src/stm32f4xx_hal_uart.o
                0x0000000008004cda                HAL_UART_Receive_IT
 *fill*         0x0000000008004d3a        0x2 
 .text.HAL_UART_IRQHandler
                0x0000000008004d3c      0x51c ./Drivers/STM32F4xx_HAL_Driver/Src/stm32f4xx_hal_uart.o
                0x0000000008004d3c                HAL_UART_IRQHandler
 .text.HAL_UART_TxCpltCallback
                0x0000000008005258       0x14 ./Drivers/STM32F4xx_HAL_Driver/Src/stm32f4xx_hal_uart.o
                0x0000000008005258                HAL_UART_TxCpltCallback
 .text.HAL_UART_ErrorCallback
                0x000000000800526c       0x14 ./Drivers/STM32F4xx_HAL_Driver/Src/stm32f4xx_hal_uart.o
                0x000000000800526c                HAL_UART_ErrorCallback
 .text.HAL_UARTEx_RxEventCallback
                0x0000000008005280       0x18 ./Drivers/STM32F4xx_HAL_Driver/Src/stm32f4xx_hal_uart.o
                0x0000000008005280                HAL_UARTEx_RxEventCallback
 .text.UART_WaitOnFlagUntilTimeout
                0x0000000008005298       0xdc ./Drivers/STM32F4xx_HAL_Driver/Src/stm32f4xx_hal_uart.o
 .text.UART_Start_Receive_IT
                0x0000000008005374       0x7c ./Drivers/STM32F4xx_HAL_Driver/Src/stm32f4xx_hal_uart.o
                0x0000000008005374                UART_Start_Receive_IT
 .text.UART_EndRxTransfer
                0x00000000080053f0       0xc6 ./Drivers/STM32F4xx_HAL_Driver/Src/stm32f4xx_hal_uart.o
 .text.UART_DMAAbortOnError
                0x00000000080054b6       0x28 ./Drivers/STM32F4xx_HAL_Driver/Src/stm32f4xx_hal_uart.o
 .text.UART_Transmit_IT
                0x00000000080054de       0xa0 ./Drivers/STM32F4xx_HAL_Driver/Src/stm32f4xx_hal_uart.o
 .text.UART_EndTransmit_IT
                0x000000000800557e       0x30 ./Drivers/STM32F4xx_HAL_Driver/Src/stm32f4xx_hal_uart.o
 .text.UART_Receive_IT
                0x00000000080055ae      0x176 ./Drivers/STM32F4xx_HAL_Driver/Src/stm32f4xx_hal_uart.o
 .text.UART_SetConfig
                0x0000000008005724      0x4e8 ./Drivers/STM32F4xx_HAL_Driver/Src/stm32f4xx_hal_uart.o
 .text.FSMC_NORSRAM_Init
                0x0000000008005c0c       0xd4 ./Drivers/STM32F4xx_HAL_Driver/Src/stm32f4xx_ll_fsmc.o
                0x0000000008005c0c                FSMC_NORSRAM_Init
 .text.FSMC_NORSRAM_Timing_Init
                0x0000000008005ce0       0x6a ./Drivers/STM32F4xx_HAL_Driver/Src/stm32f4xx_ll_fsmc.o
                0x0000000008005ce0                FSMC_NORSRAM_Timing_Init
 *fill*         0x0000000008005d4a        0x2 
 .text.FSMC_NORSRAM_Extended_Timing_Init
                0x0000000008005d4c       0x70 ./Drivers/STM32F4xx_HAL_Driver/Src/stm32f4xx_ll_fsmc.o
                0x0000000008005d4c                FSMC_NORSRAM_Extended_Timing_Init
 .text.sprintf  0x0000000008005dbc       0x40 D:/STM32/stm32cubeide/STM32CubeIDE_1.13.0/STM32CubeIDE/plugins/com.st.stm32cube.ide.mcu.externaltools.gnu-tools-for-stm32.11.3.rel1.win32_1.1.0.202305231506/tools/bin/../lib/gcc/arm-none-eabi/11.3.1/../../../../arm-none-eabi/lib/thumb/v7e-m+fp/hard\libc_nano.a(libc_a-sprintf.o)
                0x0000000008005dbc                siprintf
                0x0000000008005dbc                sprintf
 .text.memset   0x0000000008005dfc       0x10 D:/STM32/stm32cubeide/STM32CubeIDE_1.13.0/STM32CubeIDE/plugins/com.st.stm32cube.ide.mcu.externaltools.gnu-tools-for-stm32.11.3.rel1.win32_1.1.0.202305231506/tools/bin/../lib/gcc/arm-none-eabi/11.3.1/../../../../arm-none-eabi/lib/thumb/v7e-m+fp/hard\libc_nano.a(libc_a-memset.o)
                0x0000000008005dfc                memset
 .text.__errno  0x0000000008005e0c        0xc D:/STM32/stm32cubeide/STM32CubeIDE_1.13.0/STM32CubeIDE/plugins/com.st.stm32cube.ide.mcu.externaltools.gnu-tools-for-stm32.11.3.rel1.win32_1.1.0.202305231506/tools/bin/../lib/gcc/arm-none-eabi/11.3.1/../../../../arm-none-eabi/lib/thumb/v7e-m+fp/hard\libc_nano.a(libc_a-errno.o)
                0x0000000008005e0c                __errno
 .text.__libc_init_array
                0x0000000008005e18       0x48 D:/STM32/stm32cubeide/STM32CubeIDE_1.13.0/STM32CubeIDE/plugins/com.st.stm32cube.ide.mcu.externaltools.gnu-tools-for-stm32.11.3.rel1.win32_1.1.0.202305231506/tools/bin/../lib/gcc/arm-none-eabi/11.3.1/../../../../arm-none-eabi/lib/thumb/v7e-m+fp/hard\libc_nano.a(libc_a-init.o)
                0x0000000008005e18                __libc_init_array
 .text.__retarget_lock_acquire_recursive
                0x0000000008005e60        0x2 D:/STM32/stm32cubeide/STM32CubeIDE_1.13.0/STM32CubeIDE/plugins/com.st.stm32cube.ide.mcu.externaltools.gnu-tools-for-stm32.11.3.rel1.win32_1.1.0.202305231506/tools/bin/../lib/gcc/arm-none-eabi/11.3.1/../../../../arm-none-eabi/lib/thumb/v7e-m+fp/hard\libc_nano.a(libc_a-lock.o)
                0x0000000008005e60                __retarget_lock_acquire_recursive
 .text.__retarget_lock_release_recursive
                0x0000000008005e62        0x2 D:/STM32/stm32cubeide/STM32CubeIDE_1.13.0/STM32CubeIDE/plugins/com.st.stm32cube.ide.mcu.externaltools.gnu-tools-for-stm32.11.3.rel1.win32_1.1.0.202305231506/tools/bin/../lib/gcc/arm-none-eabi/11.3.1/../../../../arm-none-eabi/lib/thumb/v7e-m+fp/hard\libc_nano.a(libc_a-lock.o)
                0x0000000008005e62                __retarget_lock_release_recursive
 .text._free_r  0x0000000008005e64       0x98 D:/STM32/stm32cubeide/STM32CubeIDE_1.13.0/STM32CubeIDE/plugins/com.st.stm32cube.ide.mcu.externaltools.gnu-tools-for-stm32.11.3.rel1.win32_1.1.0.202305231506/tools/bin/../lib/gcc/arm-none-eabi/11.3.1/../../../../arm-none-eabi/lib/thumb/v7e-m+fp/hard\libc_nano.a(libc_a-freer.o)
                0x0000000008005e64                _free_r
 .text.sbrk_aligned
                0x0000000008005efc       0x40 D:/STM32/stm32cubeide/STM32CubeIDE_1.13.0/STM32CubeIDE/plugins/com.st.stm32cube.ide.mcu.externaltools.gnu-tools-for-stm32.11.3.rel1.win32_1.1.0.202305231506/tools/bin/../lib/gcc/arm-none-eabi/11.3.1/../../../../arm-none-eabi/lib/thumb/v7e-m+fp/hard\libc_nano.a(libc_a-mallocr.o)
 .text._malloc_r
                0x0000000008005f3c      0x100 D:/STM32/stm32cubeide/STM32CubeIDE_1.13.0/STM32CubeIDE/plugins/com.st.stm32cube.ide.mcu.externaltools.gnu-tools-for-stm32.11.3.rel1.win32_1.1.0.202305231506/tools/bin/../lib/gcc/arm-none-eabi/11.3.1/../../../../arm-none-eabi/lib/thumb/v7e-m+fp/hard\libc_nano.a(libc_a-mallocr.o)
                0x0000000008005f3c                _malloc_r
 .text.__malloc_lock
                0x000000000800603c        0xc D:/STM32/stm32cubeide/STM32CubeIDE_1.13.0/STM32CubeIDE/plugins/com.st.stm32cube.ide.mcu.externaltools.gnu-tools-for-stm32.11.3.rel1.win32_1.1.0.202305231506/tools/bin/../lib/gcc/arm-none-eabi/11.3.1/../../../../arm-none-eabi/lib/thumb/v7e-m+fp/hard\libc_nano.a(libc_a-mlock.o)
                0x000000000800603c                __malloc_lock
 .text.__malloc_unlock
                0x0000000008006048        0xc D:/STM32/stm32cubeide/STM32CubeIDE_1.13.0/STM32CubeIDE/plugins/com.st.stm32cube.ide.mcu.externaltools.gnu-tools-for-stm32.11.3.rel1.win32_1.1.0.202305231506/tools/bin/../lib/gcc/arm-none-eabi/11.3.1/../../../../arm-none-eabi/lib/thumb/v7e-m+fp/hard\libc_nano.a(libc_a-mlock.o)
                0x0000000008006048                __malloc_unlock
 .text.__ssputs_r
                0x0000000008006054       0xb4 D:/STM32/stm32cubeide/STM32CubeIDE_1.13.0/STM32CubeIDE/plugins/com.st.stm32cube.ide.mcu.externaltools.gnu-tools-for-stm32.11.3.rel1.win32_1.1.0.202305231506/tools/bin/../lib/gcc/arm-none-eabi/11.3.1/../../../../arm-none-eabi/lib/thumb/v7e-m+fp/hard\libc_nano.a(libc_a-nano-svfprintf.o)
                0x0000000008006054                __ssputs_r
 .text._svfprintf_r
                0x0000000008006108      0x1fc D:/STM32/stm32cubeide/STM32CubeIDE_1.13.0/STM32CubeIDE/plugins/com.st.stm32cube.ide.mcu.externaltools.gnu-tools-for-stm32.11.3.rel1.win32_1.1.0.202305231506/tools/bin/../lib/gcc/arm-none-eabi/11.3.1/../../../../arm-none-eabi/lib/thumb/v7e-m+fp/hard\libc_nano.a(libc_a-nano-svfprintf.o)
                0x0000000008006108                _svfiprintf_r
                0x0000000008006108                _svfprintf_r
 .text._printf_common
                0x0000000008006304       0xda D:/STM32/stm32cubeide/STM32CubeIDE_1.13.0/STM32CubeIDE/plugins/com.st.stm32cube.ide.mcu.externaltools.gnu-tools-for-stm32.11.3.rel1.win32_1.1.0.202305231506/tools/bin/../lib/gcc/arm-none-eabi/11.3.1/../../../../arm-none-eabi/lib/thumb/v7e-m+fp/hard\libc_nano.a(libc_a-nano-vfprintf_i.o)
                0x0000000008006304                _printf_common
 *fill*         0x00000000080063de        0x2 
 .text._printf_i
                0x00000000080063e0      0x244 D:/STM32/stm32cubeide/STM32CubeIDE_1.13.0/STM32CubeIDE/plugins/com.st.stm32cube.ide.mcu.externaltools.gnu-tools-for-stm32.11.3.rel1.win32_1.1.0.202305231506/tools/bin/../lib/gcc/arm-none-eabi/11.3.1/../../../../arm-none-eabi/lib/thumb/v7e-m+fp/hard\libc_nano.a(libc_a-nano-vfprintf_i.o)
                0x00000000080063e0                _printf_i
 .text.memmove  0x0000000008006624       0x34 D:/STM32/stm32cubeide/STM32CubeIDE_1.13.0/STM32CubeIDE/plugins/com.st.stm32cube.ide.mcu.externaltools.gnu-tools-for-stm32.11.3.rel1.win32_1.1.0.202305231506/tools/bin/../lib/gcc/arm-none-eabi/11.3.1/../../../../arm-none-eabi/lib/thumb/v7e-m+fp/hard\libc_nano.a(libc_a-memmove.o)
                0x0000000008006624                memmove
 .text._sbrk_r  0x0000000008006658       0x20 D:/STM32/stm32cubeide/STM32CubeIDE_1.13.0/STM32CubeIDE/plugins/com.st.stm32cube.ide.mcu.externaltools.gnu-tools-for-stm32.11.3.rel1.win32_1.1.0.202305231506/tools/bin/../lib/gcc/arm-none-eabi/11.3.1/../../../../arm-none-eabi/lib/thumb/v7e-m+fp/hard\libc_nano.a(libc_a-sbrkr.o)
                0x0000000008006658                _sbrk_r
 .text.memcpy   0x0000000008006678       0x1c D:/STM32/stm32cubeide/STM32CubeIDE_1.13.0/STM32CubeIDE/plugins/com.st.stm32cube.ide.mcu.externaltools.gnu-tools-for-stm32.11.3.rel1.win32_1.1.0.202305231506/tools/bin/../lib/gcc/arm-none-eabi/11.3.1/../../../../arm-none-eabi/lib/thumb/v7e-m+fp/hard\libc_nano.a(libc_a-memcpy-stub.o)
                0x0000000008006678                memcpy
 .text._realloc_r
                0x0000000008006694       0x5e D:/STM32/stm32cubeide/STM32CubeIDE_1.13.0/STM32CubeIDE/plugins/com.st.stm32cube.ide.mcu.externaltools.gnu-tools-for-stm32.11.3.rel1.win32_1.1.0.202305231506/tools/bin/../lib/gcc/arm-none-eabi/11.3.1/../../../../arm-none-eabi/lib/thumb/v7e-m+fp/hard\libc_nano.a(libc_a-reallocr.o)
                0x0000000008006694                _realloc_r
 .text._malloc_usable_size_r
                0x00000000080066f2       0x10 D:/STM32/stm32cubeide/STM32CubeIDE_1.13.0/STM32CubeIDE/plugins/com.st.stm32cube.ide.mcu.externaltools.gnu-tools-for-stm32.11.3.rel1.win32_1.1.0.202305231506/tools/bin/../lib/gcc/arm-none-eabi/11.3.1/../../../../arm-none-eabi/lib/thumb/v7e-m+fp/hard\libc_nano.a(libc_a-msizer.o)
                0x00000000080066f2                _malloc_usable_size_r
 *(.glue_7)
 .glue_7        0x0000000008006702        0x0 linker stubs
 *(.glue_7t)
 .glue_7t       0x0000000008006702        0x0 linker stubs
 *(.eh_frame)
 *fill*         0x0000000008006702        0x2 
 .eh_frame      0x0000000008006704        0x0 D:/STM32/stm32cubeide/STM32CubeIDE_1.13.0/STM32CubeIDE/plugins/com.st.stm32cube.ide.mcu.externaltools.gnu-tools-for-stm32.11.3.rel1.win32_1.1.0.202305231506/tools/bin/../lib/gcc/arm-none-eabi/11.3.1/thumb/v7e-m+fp/hard/crtbegin.o
 *(.init)
 .init          0x0000000008006704        0x4 D:/STM32/stm32cubeide/STM32CubeIDE_1.13.0/STM32CubeIDE/plugins/com.st.stm32cube.ide.mcu.externaltools.gnu-tools-for-stm32.11.3.rel1.win32_1.1.0.202305231506/tools/bin/../lib/gcc/arm-none-eabi/11.3.1/thumb/v7e-m+fp/hard/crti.o
                0x0000000008006704                _init
 .init          0x0000000008006708        0x8 D:/STM32/stm32cubeide/STM32CubeIDE_1.13.0/STM32CubeIDE/plugins/com.st.stm32cube.ide.mcu.externaltools.gnu-tools-for-stm32.11.3.rel1.win32_1.1.0.202305231506/tools/bin/../lib/gcc/arm-none-eabi/11.3.1/thumb/v7e-m+fp/hard/crtn.o
 *(.fini)
 .fini          0x0000000008006710        0x4 D:/STM32/stm32cubeide/STM32CubeIDE_1.13.0/STM32CubeIDE/plugins/com.st.stm32cube.ide.mcu.externaltools.gnu-tools-for-stm32.11.3.rel1.win32_1.1.0.202305231506/tools/bin/../lib/gcc/arm-none-eabi/11.3.1/thumb/v7e-m+fp/hard/crti.o
                0x0000000008006710                _fini
 .fini          0x0000000008006714        0x8 D:/STM32/stm32cubeide/STM32CubeIDE_1.13.0/STM32CubeIDE/plugins/com.st.stm32cube.ide.mcu.externaltools.gnu-tools-for-stm32.11.3.rel1.win32_1.1.0.202305231506/tools/bin/../lib/gcc/arm-none-eabi/11.3.1/thumb/v7e-m+fp/hard/crtn.o
                0x000000000800671c                . = ALIGN (0x4)
                0x000000000800671c                _etext = .

.vfp11_veneer   0x000000000800671c        0x0
 .vfp11_veneer  0x000000000800671c        0x0 linker stubs

.v4_bx          0x000000000800671c        0x0
 .v4_bx         0x000000000800671c        0x0 linker stubs

.iplt           0x000000000800671c        0x0
 .iplt          0x000000000800671c        0x0 D:/STM32/stm32cubeide/STM32CubeIDE_1.13.0/STM32CubeIDE/plugins/com.st.stm32cube.ide.mcu.externaltools.gnu-tools-for-stm32.11.3.rel1.win32_1.1.0.202305231506/tools/bin/../lib/gcc/arm-none-eabi/11.3.1/thumb/v7e-m+fp/hard/crtbegin.o

.rodata         0x000000000800671c       0x68
                0x000000000800671c                . = ALIGN (0x4)
 *(.rodata)
 .rodata        0x000000000800671c        0x6 ./Core/Src/main.o
 *fill*         0x0000000008006722        0x2 
 .rodata        0x0000000008006724       0x12 ./Core/Src/uart.o
 *(.rodata*)
 *fill*         0x0000000008006736        0x2 
 .rodata.AHBPrescTable
                0x0000000008006738       0x10 ./Core/Src/system_stm32f4xx.o
                0x0000000008006738                AHBPrescTable
 .rodata.APBPrescTable
                0x0000000008006748        0x8 ./Core/Src/system_stm32f4xx.o
                0x0000000008006748                APBPrescTable
 .rodata._svfprintf_r.str1.1
                0x0000000008006750       0x11 D:/STM32/stm32cubeide/STM32CubeIDE_1.13.0/STM32CubeIDE/plugins/com.st.stm32cube.ide.mcu.externaltools.gnu-tools-for-stm32.11.3.rel1.win32_1.1.0.202305231506/tools/bin/../lib/gcc/arm-none-eabi/11.3.1/../../../../arm-none-eabi/lib/thumb/v7e-m+fp/hard\libc_nano.a(libc_a-nano-svfprintf.o)
 .rodata._printf_i.str1.1
                0x0000000008006761       0x22 D:/STM32/stm32cubeide/STM32CubeIDE_1.13.0/STM32CubeIDE/plugins/com.st.stm32cube.ide.mcu.externaltools.gnu-tools-for-stm32.11.3.rel1.win32_1.1.0.202305231506/tools/bin/../lib/gcc/arm-none-eabi/11.3.1/../../../../arm-none-eabi/lib/thumb/v7e-m+fp/hard\libc_nano.a(libc_a-nano-vfprintf_i.o)
                0x0000000008006784                . = ALIGN (0x4)
 *fill*         0x0000000008006783        0x1 

.ARM.extab      0x0000000008006784        0x0
                0x0000000008006784                . = ALIGN (0x4)
 *(.ARM.extab* .gnu.linkonce.armextab.*)
                0x0000000008006784                . = ALIGN (0x4)

.ARM            0x0000000008006784        0x8
                0x0000000008006784                . = ALIGN (0x4)
                0x0000000008006784                __exidx_start = .
 *(.ARM.exidx*)
 .ARM.exidx     0x0000000008006784        0x8 D:/STM32/stm32cubeide/STM32CubeIDE_1.13.0/STM32CubeIDE/plugins/com.st.stm32cube.ide.mcu.externaltools.gnu-tools-for-stm32.11.3.rel1.win32_1.1.0.202305231506/tools/bin/../lib/gcc/arm-none-eabi/11.3.1/thumb/v7e-m+fp/hard\libgcc.a(_udivmoddi4.o)
                0x000000000800678c                __exidx_end = .
                0x000000000800678c                . = ALIGN (0x4)

.rel.dyn        0x000000000800678c        0x0
 .rel.iplt      0x000000000800678c        0x0 D:/STM32/stm32cubeide/STM32CubeIDE_1.13.0/STM32CubeIDE/plugins/com.st.stm32cube.ide.mcu.externaltools.gnu-tools-for-stm32.11.3.rel1.win32_1.1.0.202305231506/tools/bin/../lib/gcc/arm-none-eabi/11.3.1/thumb/v7e-m+fp/hard/crtbegin.o

.preinit_array  0x000000000800678c        0x0
                0x000000000800678c                . = ALIGN (0x4)
                0x000000000800678c                PROVIDE (__preinit_array_start = .)
 *(.preinit_array*)
                0x000000000800678c                PROVIDE (__preinit_array_end = .)
                0x000000000800678c                . = ALIGN (0x4)

.init_array     0x000000000800678c        0x4
                0x000000000800678c                . = ALIGN (0x4)
                0x000000000800678c                PROVIDE (__init_array_start = .)
 *(SORT_BY_NAME(.init_array.*))
 *(.init_array*)
 .init_array    0x000000000800678c        0x4 D:/STM32/stm32cubeide/STM32CubeIDE_1.13.0/STM32CubeIDE/plugins/com.st.stm32cube.ide.mcu.externaltools.gnu-tools-for-stm32.11.3.rel1.win32_1.1.0.202305231506/tools/bin/../lib/gcc/arm-none-eabi/11.3.1/thumb/v7e-m+fp/hard/crtbegin.o
                0x0000000008006790                PROVIDE (__init_array_end = .)
                0x0000000008006790                . = ALIGN (0x4)

.fini_array     0x0000000008006790        0x4
                0x0000000008006790                . = ALIGN (0x4)
                [!provide]                        PROVIDE (__fini_array_start = .)
 *(SORT_BY_NAME(.fini_array.*))
 *(.fini_array*)
 .fini_array    0x0000000008006790        0x4 D:/STM32/stm32cubeide/STM32CubeIDE_1.13.0/STM32CubeIDE/plugins/com.st.stm32cube.ide.mcu.externaltools.gnu-tools-for-stm32.11.3.rel1.win32_1.1.0.202305231506/tools/bin/../lib/gcc/arm-none-eabi/11.3.1/thumb/v7e-m+fp/hard/crtbegin.o
                [!provide]                        PROVIDE (__fini_array_end = .)
                0x0000000008006794                . = ALIGN (0x4)
                0x0000000008006794                _sidata = LOADADDR (.data)

.data           0x0000000020000000       0x64 load address 0x0000000008006794
                0x0000000020000000                . = ALIGN (0x4)
                0x0000000020000000                _sdata = .
 *(.data)
 *(.data*)
 .data.led7seg  0x0000000020000000        0x4 ./Core/Src/led_7seg.o
                0x0000000020000000                led7seg
 .data.spi_buffer
                0x0000000020000004        0x2 ./Core/Src/led_7seg.o
                0x0000000020000004                spi_buffer
 *fill*         0x0000000020000006        0x2 
 .data.SystemCoreClock
                0x0000000020000008        0x4 ./Core/Src/system_stm32f4xx.o
                0x0000000020000008                SystemCoreClock
 .data.uwTickPrio
                0x000000002000000c        0x4 ./Drivers/STM32F4xx_HAL_Driver/Src/stm32f4xx_hal.o
                0x000000002000000c                uwTickPrio
 .data.uwTickFreq
                0x0000000020000010        0x1 ./Drivers/STM32F4xx_HAL_Driver/Src/stm32f4xx_hal.o
                0x0000000020000010                uwTickFreq
 *fill*         0x0000000020000011        0x3 
 .data._impure_data
                0x0000000020000014       0x4c D:/STM32/stm32cubeide/STM32CubeIDE_1.13.0/STM32CubeIDE/plugins/com.st.stm32cube.ide.mcu.externaltools.gnu-tools-for-stm32.11.3.rel1.win32_1.1.0.202305231506/tools/bin/../lib/gcc/arm-none-eabi/11.3.1/../../../../arm-none-eabi/lib/thumb/v7e-m+fp/hard\libc_nano.a(libc_a-impure.o)
                0x0000000020000014                _impure_data
 .data._impure_ptr
                0x0000000020000060        0x4 D:/STM32/stm32cubeide/STM32CubeIDE_1.13.0/STM32CubeIDE/plugins/com.st.stm32cube.ide.mcu.externaltools.gnu-tools-for-stm32.11.3.rel1.win32_1.1.0.202305231506/tools/bin/../lib/gcc/arm-none-eabi/11.3.1/../../../../arm-none-eabi/lib/thumb/v7e-m+fp/hard\libc_nano.a(libc_a-impure.o)
                0x0000000020000060                _impure_ptr
 *(.RamFunc)
 *(.RamFunc*)
                0x0000000020000064                . = ALIGN (0x4)
                0x0000000020000064                _edata = .
                0x00000000080067f8                _siccmram = LOADADDR (.ccmram)

.igot.plt       0x0000000020000064        0x0 load address 0x00000000080067f8
 .igot.plt      0x0000000020000064        0x0 D:/STM32/stm32cubeide/STM32CubeIDE_1.13.0/STM32CubeIDE/plugins/com.st.stm32cube.ide.mcu.externaltools.gnu-tools-for-stm32.11.3.rel1.win32_1.1.0.202305231506/tools/bin/../lib/gcc/arm-none-eabi/11.3.1/thumb/v7e-m+fp/hard/crtbegin.o

.ccmram         0x0000000010000000        0x0 load address 0x00000000080067f8
                0x0000000010000000                . = ALIGN (0x4)
                0x0000000010000000                _sccmram = .
 *(.ccmram)
 *(.ccmram*)
                0x0000000010000000                . = ALIGN (0x4)
                0x0000000010000000                _eccmram = .
                0x0000000010000000                . = ALIGN (0x4)

.bss            0x0000000020000064      0x3a8
                0x0000000020000064                _sbss = .
                0x0000000020000064                __bss_start__ = _sbss
 *(.bss)
 .bss           0x0000000020000064       0x1c D:/STM32/stm32cubeide/STM32CubeIDE_1.13.0/STM32CubeIDE/plugins/com.st.stm32cube.ide.mcu.externaltools.gnu-tools-for-stm32.11.3.rel1.win32_1.1.0.202305231506/tools/bin/../lib/gcc/arm-none-eabi/11.3.1/thumb/v7e-m+fp/hard/crtbegin.o
 *(.bss*)
 .bss.button_count
                0x0000000020000080       0x20 ./Core/Src/button.o
                0x0000000020000080                button_count
 .bss.spi_button
                0x00000000200000a0        0x2 ./Core/Src/button.o
                0x00000000200000a0                spi_button
 *fill*         0x00000000200000a2        0x2 
 .bss.ds3231_buffer
                0x00000000200000a4        0x7 ./Core/Src/ds3231.o
                0x00000000200000a4                ds3231_buffer
 .bss.ds3231_hours
                0x00000000200000ab        0x1 ./Core/Src/ds3231.o
                0x00000000200000ab                ds3231_hours
 .bss.ds3231_min
                0x00000000200000ac        0x1 ./Core/Src/ds3231.o
                0x00000000200000ac                ds3231_min
 .bss.ds3231_sec
                0x00000000200000ad        0x1 ./Core/Src/ds3231.o
                0x00000000200000ad                ds3231_sec
 .bss.ds3231_date
                0x00000000200000ae        0x1 ./Core/Src/ds3231.o
                0x00000000200000ae                ds3231_date
 .bss.ds3231_day
                0x00000000200000af        0x1 ./Core/Src/ds3231.o
                0x00000000200000af                ds3231_day
 .bss.ds3231_month
                0x00000000200000b0        0x1 ./Core/Src/ds3231.o
                0x00000000200000b0                ds3231_month
 .bss.ds3231_year
                0x00000000200000b1        0x1 ./Core/Src/ds3231.o
                0x00000000200000b1                ds3231_year
 *fill*         0x00000000200000b2        0x2 
 .bss.hsram1    0x00000000200000b4       0x50 ./Core/Src/fsmc.o
                0x00000000200000b4                hsram1
 .bss.FSMC_Initialized
                0x0000000020000104        0x4 ./Core/Src/fsmc.o
 .bss.hi2c1     0x0000000020000108       0x54 ./Core/Src/i2c.o
                0x0000000020000108                hi2c1
 .bss.lcddev    0x000000002000015c        0x6 ./Core/Src/lcd.o
                0x000000002000015c                lcddev
 *fill*         0x0000000020000162        0x2 
 .bss.led7_index
                0x0000000020000164        0x4 ./Core/Src/led_7seg.o
                0x0000000020000164                led7_index
 .bss.count_led_debug
                0x0000000020000168        0x2 ./Core/Src/main.o
                0x0000000020000168                count_led_debug
 .bss.flag_timer2
                0x000000002000016a        0x2 ./Core/Src/software_timer.o
                0x000000002000016a                flag_timer2
 .bss.timer2_counter
                0x000000002000016c        0x2 ./Core/Src/software_timer.o
                0x000000002000016c                timer2_counter
 .bss.timer2_MUL
                0x000000002000016e        0x2 ./Core/Src/software_timer.o
                0x000000002000016e                timer2_MUL
 .bss.hspi1     0x0000000020000170       0x58 ./Core/Src/spi.o
                0x0000000020000170                hspi1
 .bss.__sbrk_heap_end
                0x00000000200001c8        0x4 ./Core/Src/sysmem.o
 .bss.htim2     0x00000000200001cc       0x48 ./Core/Src/tim.o
                0x00000000200001cc                htim2
 .bss.receive_buffer1
                0x0000000020000214        0x1 ./Core/Src/uart.o
                0x0000000020000214                receive_buffer1
 *fill*         0x0000000020000215        0x3 
 .bss.msg       0x0000000020000218       0x64 ./Core/Src/uart.o
                0x0000000020000218                msg
 .bss.huart1    0x000000002000027c       0x44 ./Core/Src/usart.o
                0x000000002000027c                huart1
 .bss.uwTick    0x00000000200002c0        0x4 ./Drivers/STM32F4xx_HAL_Driver/Src/stm32f4xx_hal.o
                0x00000000200002c0                uwTick
 .bss.__sf      0x00000000200002c4      0x138 D:/STM32/stm32cubeide/STM32CubeIDE_1.13.0/STM32CubeIDE/plugins/com.st.stm32cube.ide.mcu.externaltools.gnu-tools-for-stm32.11.3.rel1.win32_1.1.0.202305231506/tools/bin/../lib/gcc/arm-none-eabi/11.3.1/../../../../arm-none-eabi/lib/thumb/v7e-m+fp/hard\libc_nano.a(libc_a-findfp.o)
                0x00000000200002c4                __sf
 .bss.errno     0x00000000200003fc        0x4 D:/STM32/stm32cubeide/STM32CubeIDE_1.13.0/STM32CubeIDE/plugins/com.st.stm32cube.ide.mcu.externaltools.gnu-tools-for-stm32.11.3.rel1.win32_1.1.0.202305231506/tools/bin/../lib/gcc/arm-none-eabi/11.3.1/../../../../arm-none-eabi/lib/thumb/v7e-m+fp/hard\libc_nano.a(libc_a-reent.o)
                0x00000000200003fc                errno
 .bss.__lock___malloc_recursive_mutex
                0x0000000020000400        0x1 D:/STM32/stm32cubeide/STM32CubeIDE_1.13.0/STM32CubeIDE/plugins/com.st.stm32cube.ide.mcu.externaltools.gnu-tools-for-stm32.11.3.rel1.win32_1.1.0.202305231506/tools/bin/../lib/gcc/arm-none-eabi/11.3.1/../../../../arm-none-eabi/lib/thumb/v7e-m+fp/hard\libc_nano.a(libc_a-lock.o)
                0x0000000020000400                __lock___malloc_recursive_mutex
 *fill*         0x0000000020000401        0x3 
 .bss.__malloc_free_list
                0x0000000020000404        0x4 D:/STM32/stm32cubeide/STM32CubeIDE_1.13.0/STM32CubeIDE/plugins/com.st.stm32cube.ide.mcu.externaltools.gnu-tools-for-stm32.11.3.rel1.win32_1.1.0.202305231506/tools/bin/../lib/gcc/arm-none-eabi/11.3.1/../../../../arm-none-eabi/lib/thumb/v7e-m+fp/hard\libc_nano.a(libc_a-mallocr.o)
                0x0000000020000404                __malloc_free_list
 .bss.__malloc_sbrk_start
                0x0000000020000408        0x4 D:/STM32/stm32cubeide/STM32CubeIDE_1.13.0/STM32CubeIDE/plugins/com.st.stm32cube.ide.mcu.externaltools.gnu-tools-for-stm32.11.3.rel1.win32_1.1.0.202305231506/tools/bin/../lib/gcc/arm-none-eabi/11.3.1/../../../../arm-none-eabi/lib/thumb/v7e-m+fp/hard\libc_nano.a(libc_a-mallocr.o)
                0x0000000020000408                __malloc_sbrk_start
 *(COMMON)
                0x000000002000040c                . = ALIGN (0x4)
                0x000000002000040c                _ebss = .
                0x000000002000040c                __bss_end__ = _ebss

._user_heap_stack
                0x000000002000040c      0x604
                0x0000000020000410                . = ALIGN (0x8)
 *fill*         0x000000002000040c        0x4 
                [!provide]                        PROVIDE (end = .)
                0x0000000020000410                PROVIDE (_end = .)
                0x0000000020000610                . = (. + _Min_Heap_Size)
 *fill*         0x0000000020000410      0x200 
                0x0000000020000a10                . = (. + _Min_Stack_Size)
 *fill*         0x0000000020000610      0x400 
                0x0000000020000a10                . = ALIGN (0x8)

/DISCARD/
 libc.a(*)
 libm.a(*)
 libgcc.a(*)

.ARM.attributes
                0x0000000000000000       0x30
 *(.ARM.attributes)
 .ARM.attributes
                0x0000000000000000       0x1e D:/STM32/stm32cubeide/STM32CubeIDE_1.13.0/STM32CubeIDE/plugins/com.st.stm32cube.ide.mcu.externaltools.gnu-tools-for-stm32.11.3.rel1.win32_1.1.0.202305231506/tools/bin/../lib/gcc/arm-none-eabi/11.3.1/thumb/v7e-m+fp/hard/crti.o
 .ARM.attributes
                0x000000000000001e       0x34 D:/STM32/stm32cubeide/STM32CubeIDE_1.13.0/STM32CubeIDE/plugins/com.st.stm32cube.ide.mcu.externaltools.gnu-tools-for-stm32.11.3.rel1.win32_1.1.0.202305231506/tools/bin/../lib/gcc/arm-none-eabi/11.3.1/thumb/v7e-m+fp/hard/crtbegin.o
 .ARM.attributes
                0x0000000000000052       0x34 ./Core/Src/button.o
 .ARM.attributes
                0x0000000000000086       0x34 ./Core/Src/ds3231.o
 .ARM.attributes
                0x00000000000000ba       0x34 ./Core/Src/fsmc.o
 .ARM.attributes
                0x00000000000000ee       0x34 ./Core/Src/gpio.o
 .ARM.attributes
                0x0000000000000122       0x34 ./Core/Src/i2c.o
 .ARM.attributes
                0x0000000000000156       0x34 ./Core/Src/lcd.o
 .ARM.attributes
                0x000000000000018a       0x34 ./Core/Src/led_7seg.o
 .ARM.attributes
                0x00000000000001be       0x34 ./Core/Src/main.o
 .ARM.attributes
                0x00000000000001f2       0x34 ./Core/Src/software_timer.o
 .ARM.attributes
                0x0000000000000226       0x34 ./Core/Src/spi.o
 .ARM.attributes
                0x000000000000025a       0x34 ./Core/Src/stm32f4xx_hal_msp.o
 .ARM.attributes
                0x000000000000028e       0x34 ./Core/Src/stm32f4xx_it.o
 .ARM.attributes
                0x00000000000002c2       0x34 ./Core/Src/sysmem.o
 .ARM.attributes
                0x00000000000002f6       0x34 ./Core/Src/system_stm32f4xx.o
 .ARM.attributes
                0x000000000000032a       0x34 ./Core/Src/tim.o
 .ARM.attributes
                0x000000000000035e       0x34 ./Core/Src/uart.o
 .ARM.attributes
                0x0000000000000392       0x34 ./Core/Src/usart.o
 .ARM.attributes
                0x00000000000003c6       0x34 ./Core/Src/utils.o
 .ARM.attributes
                0x00000000000003fa       0x21 ./Core/Startup/startup_stm32f407zetx.o
 .ARM.attributes
                0x000000000000041b       0x34 ./Drivers/STM32F4xx_HAL_Driver/Src/stm32f4xx_hal.o
 .ARM.attributes
                0x000000000000044f       0x34 ./Drivers/STM32F4xx_HAL_Driver/Src/stm32f4xx_hal_cortex.o
 .ARM.attributes
                0x0000000000000483       0x34 ./Drivers/STM32F4xx_HAL_Driver/Src/stm32f4xx_hal_dma.o
 .ARM.attributes
                0x00000000000004b7       0x34 ./Drivers/STM32F4xx_HAL_Driver/Src/stm32f4xx_hal_gpio.o
 .ARM.attributes
                0x00000000000004eb       0x34 ./Drivers/STM32F4xx_HAL_Driver/Src/stm32f4xx_hal_i2c.o
 .ARM.attributes
                0x000000000000051f       0x34 ./Drivers/STM32F4xx_HAL_Driver/Src/stm32f4xx_hal_rcc.o
 .ARM.attributes
                0x0000000000000553       0x34 ./Drivers/STM32F4xx_HAL_Driver/Src/stm32f4xx_hal_spi.o
 .ARM.attributes
                0x0000000000000587       0x34 ./Drivers/STM32F4xx_HAL_Driver/Src/stm32f4xx_hal_sram.o
 .ARM.attributes
                0x00000000000005bb       0x34 ./Drivers/STM32F4xx_HAL_Driver/Src/stm32f4xx_hal_tim.o
 .ARM.attributes
                0x00000000000005ef       0x34 ./Drivers/STM32F4xx_HAL_Driver/Src/stm32f4xx_hal_tim_ex.o
 .ARM.attributes
                0x0000000000000623       0x34 ./Drivers/STM32F4xx_HAL_Driver/Src/stm32f4xx_hal_uart.o
 .ARM.attributes
                0x0000000000000657       0x34 ./Drivers/STM32F4xx_HAL_Driver/Src/stm32f4xx_ll_fsmc.o
 .ARM.attributes
                0x000000000000068b       0x34 D:/STM32/stm32cubeide/STM32CubeIDE_1.13.0/STM32CubeIDE/plugins/com.st.stm32cube.ide.mcu.externaltools.gnu-tools-for-stm32.11.3.rel1.win32_1.1.0.202305231506/tools/bin/../lib/gcc/arm-none-eabi/11.3.1/../../../../arm-none-eabi/lib/thumb/v7e-m+fp/hard\libc_nano.a(libc_a-findfp.o)
 .ARM.attributes
                0x00000000000006bf       0x34 D:/STM32/stm32cubeide/STM32CubeIDE_1.13.0/STM32CubeIDE/plugins/com.st.stm32cube.ide.mcu.externaltools.gnu-tools-for-stm32.11.3.rel1.win32_1.1.0.202305231506/tools/bin/../lib/gcc/arm-none-eabi/11.3.1/../../../../arm-none-eabi/lib/thumb/v7e-m+fp/hard\libc_nano.a(libc_a-sprintf.o)
 .ARM.attributes
                0x00000000000006f3       0x34 D:/STM32/stm32cubeide/STM32CubeIDE_1.13.0/STM32CubeIDE/plugins/com.st.stm32cube.ide.mcu.externaltools.gnu-tools-for-stm32.11.3.rel1.win32_1.1.0.202305231506/tools/bin/../lib/gcc/arm-none-eabi/11.3.1/../../../../arm-none-eabi/lib/thumb/v7e-m+fp/hard\libc_nano.a(libc_a-memset.o)
 .ARM.attributes
                0x0000000000000727       0x34 D:/STM32/stm32cubeide/STM32CubeIDE_1.13.0/STM32CubeIDE/plugins/com.st.stm32cube.ide.mcu.externaltools.gnu-tools-for-stm32.11.3.rel1.win32_1.1.0.202305231506/tools/bin/../lib/gcc/arm-none-eabi/11.3.1/../../../../arm-none-eabi/lib/thumb/v7e-m+fp/hard\libc_nano.a(libc_a-reent.o)
 .ARM.attributes
                0x000000000000075b       0x34 D:/STM32/stm32cubeide/STM32CubeIDE_1.13.0/STM32CubeIDE/plugins/com.st.stm32cube.ide.mcu.externaltools.gnu-tools-for-stm32.11.3.rel1.win32_1.1.0.202305231506/tools/bin/../lib/gcc/arm-none-eabi/11.3.1/../../../../arm-none-eabi/lib/thumb/v7e-m+fp/hard\libc_nano.a(libc_a-impure.o)
 .ARM.attributes
                0x000000000000078f       0x34 D:/STM32/stm32cubeide/STM32CubeIDE_1.13.0/STM32CubeIDE/plugins/com.st.stm32cube.ide.mcu.externaltools.gnu-tools-for-stm32.11.3.rel1.win32_1.1.0.202305231506/tools/bin/../lib/gcc/arm-none-eabi/11.3.1/../../../../arm-none-eabi/lib/thumb/v7e-m+fp/hard\libc_nano.a(libc_a-errno.o)
 .ARM.attributes
                0x00000000000007c3       0x34 D:/STM32/stm32cubeide/STM32CubeIDE_1.13.0/STM32CubeIDE/plugins/com.st.stm32cube.ide.mcu.externaltools.gnu-tools-for-stm32.11.3.rel1.win32_1.1.0.202305231506/tools/bin/../lib/gcc/arm-none-eabi/11.3.1/../../../../arm-none-eabi/lib/thumb/v7e-m+fp/hard\libc_nano.a(libc_a-init.o)
 .ARM.attributes
                0x00000000000007f7       0x34 D:/STM32/stm32cubeide/STM32CubeIDE_1.13.0/STM32CubeIDE/plugins/com.st.stm32cube.ide.mcu.externaltools.gnu-tools-for-stm32.11.3.rel1.win32_1.1.0.202305231506/tools/bin/../lib/gcc/arm-none-eabi/11.3.1/../../../../arm-none-eabi/lib/thumb/v7e-m+fp/hard\libc_nano.a(libc_a-lock.o)
 .ARM.attributes
                0x000000000000082b       0x34 D:/STM32/stm32cubeide/STM32CubeIDE_1.13.0/STM32CubeIDE/plugins/com.st.stm32cube.ide.mcu.externaltools.gnu-tools-for-stm32.11.3.rel1.win32_1.1.0.202305231506/tools/bin/../lib/gcc/arm-none-eabi/11.3.1/../../../../arm-none-eabi/lib/thumb/v7e-m+fp/hard\libc_nano.a(libc_a-freer.o)
 .ARM.attributes
                0x000000000000085f       0x34 D:/STM32/stm32cubeide/STM32CubeIDE_1.13.0/STM32CubeIDE/plugins/com.st.stm32cube.ide.mcu.externaltools.gnu-tools-for-stm32.11.3.rel1.win32_1.1.0.202305231506/tools/bin/../lib/gcc/arm-none-eabi/11.3.1/../../../../arm-none-eabi/lib/thumb/v7e-m+fp/hard\libc_nano.a(libc_a-mallocr.o)
 .ARM.attributes
                0x0000000000000893       0x34 D:/STM32/stm32cubeide/STM32CubeIDE_1.13.0/STM32CubeIDE/plugins/com.st.stm32cube.ide.mcu.externaltools.gnu-tools-for-stm32.11.3.rel1.win32_1.1.0.202305231506/tools/bin/../lib/gcc/arm-none-eabi/11.3.1/../../../../arm-none-eabi/lib/thumb/v7e-m+fp/hard\libc_nano.a(libc_a-mlock.o)
 .ARM.attributes
                0x00000000000008c7       0x34 D:/STM32/stm32cubeide/STM32CubeIDE_1.13.0/STM32CubeIDE/plugins/com.st.stm32cube.ide.mcu.externaltools.gnu-tools-for-stm32.11.3.rel1.win32_1.1.0.202305231506/tools/bin/../lib/gcc/arm-none-eabi/11.3.1/../../../../arm-none-eabi/lib/thumb/v7e-m+fp/hard\libc_nano.a(libc_a-nano-svfprintf.o)
 .ARM.attributes
                0x00000000000008fb       0x34 D:/STM32/stm32cubeide/STM32CubeIDE_1.13.0/STM32CubeIDE/plugins/com.st.stm32cube.ide.mcu.externaltools.gnu-tools-for-stm32.11.3.rel1.win32_1.1.0.202305231506/tools/bin/../lib/gcc/arm-none-eabi/11.3.1/../../../../arm-none-eabi/lib/thumb/v7e-m+fp/hard\libc_nano.a(libc_a-nano-vfprintf_i.o)
 .ARM.attributes
                0x000000000000092f       0x34 D:/STM32/stm32cubeide/STM32CubeIDE_1.13.0/STM32CubeIDE/plugins/com.st.stm32cube.ide.mcu.externaltools.gnu-tools-for-stm32.11.3.rel1.win32_1.1.0.202305231506/tools/bin/../lib/gcc/arm-none-eabi/11.3.1/../../../../arm-none-eabi/lib/thumb/v7e-m+fp/hard\libc_nano.a(libc_a-memmove.o)
 .ARM.attributes
                0x0000000000000963       0x34 D:/STM32/stm32cubeide/STM32CubeIDE_1.13.0/STM32CubeIDE/plugins/com.st.stm32cube.ide.mcu.externaltools.gnu-tools-for-stm32.11.3.rel1.win32_1.1.0.202305231506/tools/bin/../lib/gcc/arm-none-eabi/11.3.1/../../../../arm-none-eabi/lib/thumb/v7e-m+fp/hard\libc_nano.a(libc_a-sbrkr.o)
 .ARM.attributes
                0x0000000000000997       0x1c D:/STM32/stm32cubeide/STM32CubeIDE_1.13.0/STM32CubeIDE/plugins/com.st.stm32cube.ide.mcu.externaltools.gnu-tools-for-stm32.11.3.rel1.win32_1.1.0.202305231506/tools/bin/../lib/gcc/arm-none-eabi/11.3.1/../../../../arm-none-eabi/lib/thumb/v7e-m+fp/hard\libc_nano.a(libc_a-memchr.o)
 .ARM.attributes
                0x00000000000009b3       0x34 D:/STM32/stm32cubeide/STM32CubeIDE_1.13.0/STM32CubeIDE/plugins/com.st.stm32cube.ide.mcu.externaltools.gnu-tools-for-stm32.11.3.rel1.win32_1.1.0.202305231506/tools/bin/../lib/gcc/arm-none-eabi/11.3.1/../../../../arm-none-eabi/lib/thumb/v7e-m+fp/hard\libc_nano.a(libc_a-memcpy-stub.o)
 .ARM.attributes
                0x00000000000009e7       0x34 D:/STM32/stm32cubeide/STM32CubeIDE_1.13.0/STM32CubeIDE/plugins/com.st.stm32cube.ide.mcu.externaltools.gnu-tools-for-stm32.11.3.rel1.win32_1.1.0.202305231506/tools/bin/../lib/gcc/arm-none-eabi/11.3.1/../../../../arm-none-eabi/lib/thumb/v7e-m+fp/hard\libc_nano.a(libc_a-reallocr.o)
 .ARM.attributes
                0x0000000000000a1b       0x34 D:/STM32/stm32cubeide/STM32CubeIDE_1.13.0/STM32CubeIDE/plugins/com.st.stm32cube.ide.mcu.externaltools.gnu-tools-for-stm32.11.3.rel1.win32_1.1.0.202305231506/tools/bin/../lib/gcc/arm-none-eabi/11.3.1/../../../../arm-none-eabi/lib/thumb/v7e-m+fp/hard\libc_nano.a(libc_a-msizer.o)
 .ARM.attributes
                0x0000000000000a4f       0x1e D:/STM32/stm32cubeide/STM32CubeIDE_1.13.0/STM32CubeIDE/plugins/com.st.stm32cube.ide.mcu.externaltools.gnu-tools-for-stm32.11.3.rel1.win32_1.1.0.202305231506/tools/bin/../lib/gcc/arm-none-eabi/11.3.1/thumb/v7e-m+fp/hard\libgcc.a(_aeabi_uldivmod.o)
 .ARM.attributes
                0x0000000000000a6d       0x34 D:/STM32/stm32cubeide/STM32CubeIDE_1.13.0/STM32CubeIDE/plugins/com.st.stm32cube.ide.mcu.externaltools.gnu-tools-for-stm32.11.3.rel1.win32_1.1.0.202305231506/tools/bin/../lib/gcc/arm-none-eabi/11.3.1/thumb/v7e-m+fp/hard\libgcc.a(_udivmoddi4.o)
 .ARM.attributes
                0x0000000000000aa1       0x1e D:/STM32/stm32cubeide/STM32CubeIDE_1.13.0/STM32CubeIDE/plugins/com.st.stm32cube.ide.mcu.externaltools.gnu-tools-for-stm32.11.3.rel1.win32_1.1.0.202305231506/tools/bin/../lib/gcc/arm-none-eabi/11.3.1/thumb/v7e-m+fp/hard\libgcc.a(_dvmd_tls.o)
 .ARM.attributes
                0x0000000000000abf       0x1e D:/STM32/stm32cubeide/STM32CubeIDE_1.13.0/STM32CubeIDE/plugins/com.st.stm32cube.ide.mcu.externaltools.gnu-tools-for-stm32.11.3.rel1.win32_1.1.0.202305231506/tools/bin/../lib/gcc/arm-none-eabi/11.3.1/thumb/v7e-m+fp/hard/crtn.o
OUTPUT(lab5_UART.elf elf32-littlearm)
LOAD linker stubs
LOAD D:/STM32/stm32cubeide/STM32CubeIDE_1.13.0/STM32CubeIDE/plugins/com.st.stm32cube.ide.mcu.externaltools.gnu-tools-for-stm32.11.3.rel1.win32_1.1.0.202305231506/tools/bin/../lib/gcc/arm-none-eabi/11.3.1/../../../../arm-none-eabi/lib/thumb/v7e-m+fp/hard\libc.a
LOAD D:/STM32/stm32cubeide/STM32CubeIDE_1.13.0/STM32CubeIDE/plugins/com.st.stm32cube.ide.mcu.externaltools.gnu-tools-for-stm32.11.3.rel1.win32_1.1.0.202305231506/tools/bin/../lib/gcc/arm-none-eabi/11.3.1/../../../../arm-none-eabi/lib/thumb/v7e-m+fp/hard\libm.a
LOAD D:/STM32/stm32cubeide/STM32CubeIDE_1.13.0/STM32CubeIDE/plugins/com.st.stm32cube.ide.mcu.externaltools.gnu-tools-for-stm32.11.3.rel1.win32_1.1.0.202305231506/tools/bin/../lib/gcc/arm-none-eabi/11.3.1/thumb/v7e-m+fp/hard\libgcc.a

.comment        0x0000000000000000       0x43
 .comment       0x0000000000000000       0x43 D:/STM32/stm32cubeide/STM32CubeIDE_1.13.0/STM32CubeIDE/plugins/com.st.stm32cube.ide.mcu.externaltools.gnu-tools-for-stm32.11.3.rel1.win32_1.1.0.202305231506/tools/bin/../lib/gcc/arm-none-eabi/11.3.1/thumb/v7e-m+fp/hard/crtbegin.o
                                         0x44 (size before relaxing)
 .comment       0x0000000000000043       0x44 ./Core/Src/button.o
 .comment       0x0000000000000043       0x44 ./Core/Src/ds3231.o
 .comment       0x0000000000000043       0x44 ./Core/Src/fsmc.o
 .comment       0x0000000000000043       0x44 ./Core/Src/gpio.o
 .comment       0x0000000000000043       0x44 ./Core/Src/i2c.o
 .comment       0x0000000000000043       0x44 ./Core/Src/lcd.o
 .comment       0x0000000000000043       0x44 ./Core/Src/led_7seg.o
 .comment       0x0000000000000043       0x44 ./Core/Src/main.o
 .comment       0x0000000000000043       0x44 ./Core/Src/software_timer.o
 .comment       0x0000000000000043       0x44 ./Core/Src/spi.o
 .comment       0x0000000000000043       0x44 ./Core/Src/stm32f4xx_hal_msp.o
 .comment       0x0000000000000043       0x44 ./Core/Src/stm32f4xx_it.o
 .comment       0x0000000000000043       0x44 ./Core/Src/sysmem.o
 .comment       0x0000000000000043       0x44 ./Core/Src/system_stm32f4xx.o
 .comment       0x0000000000000043       0x44 ./Core/Src/tim.o
 .comment       0x0000000000000043       0x44 ./Core/Src/uart.o
 .comment       0x0000000000000043       0x44 ./Core/Src/usart.o
 .comment       0x0000000000000043       0x44 ./Core/Src/utils.o
 .comment       0x0000000000000043       0x44 ./Drivers/STM32F4xx_HAL_Driver/Src/stm32f4xx_hal.o
 .comment       0x0000000000000043       0x44 ./Drivers/STM32F4xx_HAL_Driver/Src/stm32f4xx_hal_cortex.o
 .comment       0x0000000000000043       0x44 ./Drivers/STM32F4xx_HAL_Driver/Src/stm32f4xx_hal_dma.o
 .comment       0x0000000000000043       0x44 ./Drivers/STM32F4xx_HAL_Driver/Src/stm32f4xx_hal_gpio.o
 .comment       0x0000000000000043       0x44 ./Drivers/STM32F4xx_HAL_Driver/Src/stm32f4xx_hal_i2c.o
 .comment       0x0000000000000043       0x44 ./Drivers/STM32F4xx_HAL_Driver/Src/stm32f4xx_hal_rcc.o
 .comment       0x0000000000000043       0x44 ./Drivers/STM32F4xx_HAL_Driver/Src/stm32f4xx_hal_spi.o
 .comment       0x0000000000000043       0x44 ./Drivers/STM32F4xx_HAL_Driver/Src/stm32f4xx_hal_sram.o
 .comment       0x0000000000000043       0x44 ./Drivers/STM32F4xx_HAL_Driver/Src/stm32f4xx_hal_tim.o
 .comment       0x0000000000000043       0x44 ./Drivers/STM32F4xx_HAL_Driver/Src/stm32f4xx_hal_tim_ex.o
 .comment       0x0000000000000043       0x44 ./Drivers/STM32F4xx_HAL_Driver/Src/stm32f4xx_hal_uart.o
 .comment       0x0000000000000043       0x44 ./Drivers/STM32F4xx_HAL_Driver/Src/stm32f4xx_ll_fsmc.o

.debug_info     0x0000000000000000    0x17411
 .debug_info    0x0000000000000000      0x76e ./Core/Src/button.o
 .debug_info    0x000000000000076e      0x7d5 ./Core/Src/ds3231.o
 .debug_info    0x0000000000000f43      0x9ee ./Core/Src/fsmc.o
 .debug_info    0x0000000000001931      0x45d ./Core/Src/gpio.o
 .debug_info    0x0000000000001d8e      0x968 ./Core/Src/i2c.o
 .debug_info    0x00000000000026f6      0xe15 ./Core/Src/lcd.o
 .debug_info    0x000000000000350b      0x803 ./Core/Src/led_7seg.o
 .debug_info    0x0000000000003d0e      0x73c ./Core/Src/main.o
 .debug_info    0x000000000000444a      0x744 ./Core/Src/software_timer.o
 .debug_info    0x0000000000004b8e      0x943 ./Core/Src/spi.o
 .debug_info    0x00000000000054d1      0x269 ./Core/Src/stm32f4xx_hal_msp.o
 .debug_info    0x000000000000573a      0x96d ./Core/Src/stm32f4xx_it.o
 .debug_info    0x00000000000060a7      0x168 ./Core/Src/sysmem.o
 .debug_info    0x000000000000620f      0x512 ./Core/Src/system_stm32f4xx.o
 .debug_info    0x0000000000006721      0xbf9 ./Core/Src/tim.o
 .debug_info    0x000000000000731a      0x764 ./Core/Src/uart.o
 .debug_info    0x0000000000007a7e      0xb6f ./Core/Src/usart.o
 .debug_info    0x00000000000085ed       0xd5 ./Core/Src/utils.o
 .debug_info    0x00000000000086c2       0x23 ./Core/Startup/startup_stm32f407zetx.o
 .debug_info    0x00000000000086e5      0x948 ./Drivers/STM32F4xx_HAL_Driver/Src/stm32f4xx_hal.o
 .debug_info    0x000000000000902d      0xd46 ./Drivers/STM32F4xx_HAL_Driver/Src/stm32f4xx_hal_cortex.o
 .debug_info    0x0000000000009d73      0x8e7 ./Drivers/STM32F4xx_HAL_Driver/Src/stm32f4xx_hal_dma.o
 .debug_info    0x000000000000a65a      0x6c3 ./Drivers/STM32F4xx_HAL_Driver/Src/stm32f4xx_hal_gpio.o
 .debug_info    0x000000000000ad1d     0x23e1 ./Drivers/STM32F4xx_HAL_Driver/Src/stm32f4xx_hal_i2c.o
 .debug_info    0x000000000000d0fe      0x8b1 ./Drivers/STM32F4xx_HAL_Driver/Src/stm32f4xx_hal_rcc.o
 .debug_info    0x000000000000d9af     0x15fb ./Drivers/STM32F4xx_HAL_Driver/Src/stm32f4xx_hal_spi.o
 .debug_info    0x000000000000efaa      0xd2f ./Drivers/STM32F4xx_HAL_Driver/Src/stm32f4xx_hal_sram.o
 .debug_info    0x000000000000fcd9     0x2948 ./Drivers/STM32F4xx_HAL_Driver/Src/stm32f4xx_hal_tim.o
 .debug_info    0x0000000000012621     0x14ae ./Drivers/STM32F4xx_HAL_Driver/Src/stm32f4xx_hal_tim_ex.o
 .debug_info    0x0000000000013acf     0x2fb8 ./Drivers/STM32F4xx_HAL_Driver/Src/stm32f4xx_hal_uart.o
 .debug_info    0x0000000000016a87      0x98a ./Drivers/STM32F4xx_HAL_Driver/Src/stm32f4xx_ll_fsmc.o

.debug_abbrev   0x0000000000000000     0x3c76
 .debug_abbrev  0x0000000000000000      0x1dd ./Core/Src/button.o
 .debug_abbrev  0x00000000000001dd      0x1cf ./Core/Src/ds3231.o
 .debug_abbrev  0x00000000000003ac      0x212 ./Core/Src/fsmc.o
 .debug_abbrev  0x00000000000005be      0x152 ./Core/Src/gpio.o
 .debug_abbrev  0x0000000000000710      0x1f1 ./Core/Src/i2c.o
 .debug_abbrev  0x0000000000000901      0x32a ./Core/Src/lcd.o
 .debug_abbrev  0x0000000000000c2b      0x1cc ./Core/Src/led_7seg.o
 .debug_abbrev  0x0000000000000df7      0x272 ./Core/Src/main.o
 .debug_abbrev  0x0000000000001069      0x202 ./Core/Src/software_timer.o
 .debug_abbrev  0x000000000000126b      0x1f3 ./Core/Src/spi.o
 .debug_abbrev  0x000000000000145e       0xd8 ./Core/Src/stm32f4xx_hal_msp.o
 .debug_abbrev  0x0000000000001536      0x19c ./Core/Src/stm32f4xx_it.o
 .debug_abbrev  0x00000000000016d2       0xbc ./Core/Src/sysmem.o
 .debug_abbrev  0x000000000000178e      0x11a ./Core/Src/system_stm32f4xx.o
 .debug_abbrev  0x00000000000018a8      0x1f0 ./Core/Src/tim.o
 .debug_abbrev  0x0000000000001a98      0x232 ./Core/Src/uart.o
 .debug_abbrev  0x0000000000001cca      0x218 ./Core/Src/usart.o
 .debug_abbrev  0x0000000000001ee2       0x86 ./Core/Src/utils.o
 .debug_abbrev  0x0000000000001f68       0x12 ./Core/Startup/startup_stm32f407zetx.o
 .debug_abbrev  0x0000000000001f7a      0x213 ./Drivers/STM32F4xx_HAL_Driver/Src/stm32f4xx_hal.o
 .debug_abbrev  0x000000000000218d      0x327 ./Drivers/STM32F4xx_HAL_Driver/Src/stm32f4xx_hal_cortex.o
 .debug_abbrev  0x00000000000024b4      0x264 ./Drivers/STM32F4xx_HAL_Driver/Src/stm32f4xx_hal_dma.o
 .debug_abbrev  0x0000000000002718      0x1d4 ./Drivers/STM32F4xx_HAL_Driver/Src/stm32f4xx_hal_gpio.o
 .debug_abbrev  0x00000000000028ec      0x2ad ./Drivers/STM32F4xx_HAL_Driver/Src/stm32f4xx_hal_i2c.o
 .debug_abbrev  0x0000000000002b99      0x2b6 ./Drivers/STM32F4xx_HAL_Driver/Src/stm32f4xx_hal_rcc.o
 .debug_abbrev  0x0000000000002e4f      0x284 ./Drivers/STM32F4xx_HAL_Driver/Src/stm32f4xx_hal_spi.o
 .debug_abbrev  0x00000000000030d3      0x205 ./Drivers/STM32F4xx_HAL_Driver/Src/stm32f4xx_hal_sram.o
 .debug_abbrev  0x00000000000032d8      0x271 ./Drivers/STM32F4xx_HAL_Driver/Src/stm32f4xx_hal_tim.o
 .debug_abbrev  0x0000000000003549      0x27c ./Drivers/STM32F4xx_HAL_Driver/Src/stm32f4xx_hal_tim_ex.o
 .debug_abbrev  0x00000000000037c5      0x30e ./Drivers/STM32F4xx_HAL_Driver/Src/stm32f4xx_hal_uart.o
 .debug_abbrev  0x0000000000003ad3      0x1a3 ./Drivers/STM32F4xx_HAL_Driver/Src/stm32f4xx_ll_fsmc.o

.debug_aranges  0x0000000000000000     0x1518
 .debug_aranges
                0x0000000000000000       0x28 ./Core/Src/button.o
 .debug_aranges
                0x0000000000000028       0x30 ./Core/Src/ds3231.o
 .debug_aranges
                0x0000000000000058       0x40 ./Core/Src/fsmc.o
 .debug_aranges
                0x0000000000000098       0x20 ./Core/Src/gpio.o
 .debug_aranges
                0x00000000000000b8       0x30 ./Core/Src/i2c.o
 .debug_aranges
                0x00000000000000e8       0xe8 ./Core/Src/lcd.o
 .debug_aranges
                0x00000000000001d0       0x48 ./Core/Src/led_7seg.o
 .debug_aranges
                0x0000000000000218       0x50 ./Core/Src/main.o
 .debug_aranges
                0x0000000000000268       0x30 ./Core/Src/software_timer.o
 .debug_aranges
                0x0000000000000298       0x30 ./Core/Src/spi.o
 .debug_aranges
                0x00000000000002c8       0x20 ./Core/Src/stm32f4xx_hal_msp.o
 .debug_aranges
                0x00000000000002e8       0x70 ./Core/Src/stm32f4xx_it.o
 .debug_aranges
                0x0000000000000358       0x20 ./Core/Src/sysmem.o
 .debug_aranges
                0x0000000000000378       0x28 ./Core/Src/system_stm32f4xx.o
 .debug_aranges
                0x00000000000003a0       0x30 ./Core/Src/tim.o
 .debug_aranges
                0x00000000000003d0       0x48 ./Core/Src/uart.o
 .debug_aranges
                0x0000000000000418       0x30 ./Core/Src/usart.o
 .debug_aranges
                0x0000000000000448       0x28 ./Core/Src/utils.o
 .debug_aranges
                0x0000000000000470       0x28 ./Core/Startup/startup_stm32f407zetx.o
 .debug_aranges
                0x0000000000000498       0xf0 ./Drivers/STM32F4xx_HAL_Driver/Src/stm32f4xx_hal.o
 .debug_aranges
                0x0000000000000588      0x118 ./Drivers/STM32F4xx_HAL_Driver/Src/stm32f4xx_hal_cortex.o
 .debug_aranges
                0x00000000000006a0       0x90 ./Drivers/STM32F4xx_HAL_Driver/Src/stm32f4xx_hal_dma.o
 .debug_aranges
                0x0000000000000730       0x58 ./Drivers/STM32F4xx_HAL_Driver/Src/stm32f4xx_hal_gpio.o
 .debug_aranges
                0x0000000000000788      0x2a0 ./Drivers/STM32F4xx_HAL_Driver/Src/stm32f4xx_hal_i2c.o
 .debug_aranges
                0x0000000000000a28       0x88 ./Drivers/STM32F4xx_HAL_Driver/Src/stm32f4xx_hal_rcc.o
 .debug_aranges
                0x0000000000000ab0      0x1d0 ./Drivers/STM32F4xx_HAL_Driver/Src/stm32f4xx_hal_spi.o
 .debug_aranges
                0x0000000000000c80       0xb8 ./Drivers/STM32F4xx_HAL_Driver/Src/stm32f4xx_hal_sram.o
 .debug_aranges
                0x0000000000000d38      0x3d0 ./Drivers/STM32F4xx_HAL_Driver/Src/stm32f4xx_hal_tim.o
 .debug_aranges
                0x0000000000001108      0x168 ./Drivers/STM32F4xx_HAL_Driver/Src/stm32f4xx_hal_tim_ex.o
 .debug_aranges
                0x0000000000001270      0x200 ./Drivers/STM32F4xx_HAL_Driver/Src/stm32f4xx_hal_uart.o
 .debug_aranges
                0x0000000000001470       0xa8 ./Drivers/STM32F4xx_HAL_Driver/Src/stm32f4xx_ll_fsmc.o

.debug_rnglists
                0x0000000000000000     0x1062
 .debug_rnglists
                0x0000000000000000       0x1a ./Core/Src/button.o
 .debug_rnglists
                0x000000000000001a       0x21 ./Core/Src/ds3231.o
 .debug_rnglists
                0x000000000000003b       0x2d ./Core/Src/fsmc.o
 .debug_rnglists
                0x0000000000000068       0x14 ./Core/Src/gpio.o
 .debug_rnglists
                0x000000000000007c       0x20 ./Core/Src/i2c.o
 .debug_rnglists
                0x000000000000009c       0xb5 ./Core/Src/lcd.o
 .debug_rnglists
                0x0000000000000151       0x32 ./Core/Src/led_7seg.o
 .debug_rnglists
                0x0000000000000183       0x38 ./Core/Src/main.o
 .debug_rnglists
                0x00000000000001bb       0x1f ./Core/Src/software_timer.o
 .debug_rnglists
                0x00000000000001da       0x20 ./Core/Src/spi.o
 .debug_rnglists
                0x00000000000001fa       0x13 ./Core/Src/stm32f4xx_hal_msp.o
 .debug_rnglists
                0x000000000000020d       0x4f ./Core/Src/stm32f4xx_it.o
 .debug_rnglists
                0x000000000000025c       0x13 ./Core/Src/sysmem.o
 .debug_rnglists
                0x000000000000026f       0x1a ./Core/Src/system_stm32f4xx.o
 .debug_rnglists
                0x0000000000000289       0x20 ./Core/Src/tim.o
 .debug_rnglists
                0x00000000000002a9       0x32 ./Core/Src/uart.o
 .debug_rnglists
                0x00000000000002db       0x20 ./Core/Src/usart.o
 .debug_rnglists
                0x00000000000002fb       0x19 ./Core/Src/utils.o
 .debug_rnglists
                0x0000000000000314       0x19 ./Core/Startup/startup_stm32f407zetx.o
 .debug_rnglists
                0x000000000000032d       0xaf ./Drivers/STM32F4xx_HAL_Driver/Src/stm32f4xx_hal.o
 .debug_rnglists
                0x00000000000003dc       0xce ./Drivers/STM32F4xx_HAL_Driver/Src/stm32f4xx_hal_cortex.o
 .debug_rnglists
                0x00000000000004aa       0x70 ./Drivers/STM32F4xx_HAL_Driver/Src/stm32f4xx_hal_dma.o
 .debug_rnglists
                0x000000000000051a       0x3f ./Drivers/STM32F4xx_HAL_Driver/Src/stm32f4xx_hal_gpio.o
 .debug_rnglists
                0x0000000000000559      0x235 ./Drivers/STM32F4xx_HAL_Driver/Src/stm32f4xx_hal_i2c.o
 .debug_rnglists
                0x000000000000078e       0x66 ./Drivers/STM32F4xx_HAL_Driver/Src/stm32f4xx_hal_rcc.o
 .debug_rnglists
                0x00000000000007f4      0x16f ./Drivers/STM32F4xx_HAL_Driver/Src/stm32f4xx_hal_spi.o
 .debug_rnglists
                0x0000000000000963       0x8d ./Drivers/STM32F4xx_HAL_Driver/Src/stm32f4xx_hal_sram.o
 .debug_rnglists
                0x00000000000009f0      0x31a ./Drivers/STM32F4xx_HAL_Driver/Src/stm32f4xx_hal_tim.o
 .debug_rnglists
                0x0000000000000d0a      0x125 ./Drivers/STM32F4xx_HAL_Driver/Src/stm32f4xx_hal_tim_ex.o
 .debug_rnglists
                0x0000000000000e2f      0x1b7 ./Drivers/STM32F4xx_HAL_Driver/Src/stm32f4xx_hal_uart.o
 .debug_rnglists
                0x0000000000000fe6       0x7c ./Drivers/STM32F4xx_HAL_Driver/Src/stm32f4xx_ll_fsmc.o

.debug_macro    0x0000000000000000    0x24435
 .debug_macro   0x0000000000000000      0x23a ./Core/Src/button.o
 .debug_macro   0x000000000000023a      0xaa8 ./Core/Src/button.o
 .debug_macro   0x0000000000000ce2      0x2ad ./Core/Src/button.o
 .debug_macro   0x0000000000000f8f       0x2e ./Core/Src/button.o
 .debug_macro   0x0000000000000fbd       0x2f ./Core/Src/button.o
 .debug_macro   0x0000000000000fec       0x22 ./Core/Src/button.o
 .debug_macro   0x000000000000100e       0x8e ./Core/Src/button.o
 .debug_macro   0x000000000000109c       0x51 ./Core/Src/button.o
 .debug_macro   0x00000000000010ed      0x103 ./Core/Src/button.o
 .debug_macro   0x00000000000011f0       0x6a ./Core/Src/button.o
 .debug_macro   0x000000000000125a      0x1df ./Core/Src/button.o
 .debug_macro   0x0000000000001439       0x1c ./Core/Src/button.o
 .debug_macro   0x0000000000001455       0x22 ./Core/Src/button.o
 .debug_macro   0x0000000000001477       0xd9 ./Core/Src/button.o
 .debug_macro   0x0000000000001550     0x102d ./Core/Src/button.o
 .debug_macro   0x000000000000257d      0x11f ./Core/Src/button.o
 .debug_macro   0x000000000000269c    0x15e82 ./Core/Src/button.o
 .debug_macro   0x000000000001851e       0x6d ./Core/Src/button.o
 .debug_macro   0x000000000001858b     0x367e ./Core/Src/button.o
 .debug_macro   0x000000000001bc09      0x174 ./Core/Src/button.o
 .debug_macro   0x000000000001bd7d       0x5c ./Core/Src/button.o
 .debug_macro   0x000000000001bdd9      0x96b ./Core/Src/button.o
 .debug_macro   0x000000000001c744      0x9fe ./Core/Src/button.o
 .debug_macro   0x000000000001d142      0x115 ./Core/Src/button.o
 .debug_macro   0x000000000001d257      0x13e ./Core/Src/button.o
 .debug_macro   0x000000000001d395       0xa5 ./Core/Src/button.o
 .debug_macro   0x000000000001d43a      0x174 ./Core/Src/button.o
 .debug_macro   0x000000000001d5ae      0x287 ./Core/Src/button.o
 .debug_macro   0x000000000001d835       0x5f ./Core/Src/button.o
 .debug_macro   0x000000000001d894      0x236 ./Core/Src/button.o
 .debug_macro   0x000000000001daca      0x12c ./Core/Src/button.o
 .debug_macro   0x000000000001dbf6      0x21e ./Core/Src/button.o
 .debug_macro   0x000000000001de14       0x2e ./Core/Src/button.o
 .debug_macro   0x000000000001de42      0x516 ./Core/Src/button.o
 .debug_macro   0x000000000001e358      0x1b5 ./Core/Src/button.o
 .debug_macro   0x000000000001e50d       0xd6 ./Core/Src/button.o
 .debug_macro   0x000000000001e5e3      0x11a ./Core/Src/button.o
 .debug_macro   0x000000000001e6fd       0x7e ./Core/Src/button.o
 .debug_macro   0x000000000001e77b       0x89 ./Core/Src/button.o
 .debug_macro   0x000000000001e804      0x225 ./Core/Src/button.o
 .debug_macro   0x000000000001ea29      0x8e6 ./Core/Src/button.o
 .debug_macro   0x000000000001f30f       0x47 ./Core/Src/button.o
 .debug_macro   0x000000000001f356      0x295 ./Core/Src/button.o
 .debug_macro   0x000000000001f5eb      0x12d ./Core/Src/button.o
 .debug_macro   0x000000000001f718       0x88 ./Core/Src/button.o
 .debug_macro   0x000000000001f7a0      0x245 ./Core/Src/ds3231.o
 .debug_macro   0x000000000001f9e5       0x2e ./Core/Src/ds3231.o
 .debug_macro   0x000000000001fa13      0x226 ./Core/Src/fsmc.o
 .debug_macro   0x000000000001fc39      0x226 ./Core/Src/gpio.o
 .debug_macro   0x000000000001fe5f      0x226 ./Core/Src/i2c.o
 .debug_macro   0x0000000000020085      0x33b ./Core/Src/lcd.o
 .debug_macro   0x00000000000203c0       0x2a ./Core/Src/lcd.o
 .debug_macro   0x00000000000203ea       0x61 ./Core/Src/lcd.o
 .debug_macro   0x000000000002044b       0x43 ./Core/Src/lcd.o
 .debug_macro   0x000000000002048e       0x34 ./Core/Src/lcd.o
 .debug_macro   0x00000000000204c2       0x16 ./Core/Src/lcd.o
 .debug_macro   0x00000000000204d8       0x35 ./Core/Src/lcd.o
 .debug_macro   0x000000000002050d       0x16 ./Core/Src/lcd.o
 .debug_macro   0x0000000000020523       0x43 ./Core/Src/lcd.o
 .debug_macro   0x0000000000020566       0x34 ./Core/Src/lcd.o
 .debug_macro   0x000000000002059a       0x10 ./Core/Src/lcd.o
 .debug_macro   0x00000000000205aa       0x58 ./Core/Src/lcd.o
 .debug_macro   0x0000000000020602       0x8e ./Core/Src/lcd.o
 .debug_macro   0x0000000000020690       0x1c ./Core/Src/lcd.o
 .debug_macro   0x00000000000206ac      0x177 ./Core/Src/lcd.o
 .debug_macro   0x0000000000020823      0x369 ./Core/Src/lcd.o
 .debug_macro   0x0000000000020b8c       0x16 ./Core/Src/lcd.o
 .debug_macro   0x0000000000020ba2       0x29 ./Core/Src/lcd.o
 .debug_macro   0x0000000000020bcb       0x16 ./Core/Src/lcd.o
 .debug_macro   0x0000000000020be1       0x20 ./Core/Src/lcd.o
 .debug_macro   0x0000000000020c01       0xca ./Core/Src/lcd.o
 .debug_macro   0x0000000000020ccb      0x230 ./Core/Src/led_7seg.o
 .debug_macro   0x0000000000020efb      0x3fa ./Core/Src/main.o
 .debug_macro   0x00000000000212f5       0x1c ./Core/Src/main.o
 .debug_macro   0x0000000000021311       0x10 ./Core/Src/main.o
 .debug_macro   0x0000000000021321       0x1c ./Core/Src/main.o
 .debug_macro   0x000000000002133d       0x16 ./Core/Src/main.o
 .debug_macro   0x0000000000021353      0x147 ./Core/Src/main.o
 .debug_macro   0x000000000002149a      0x236 ./Core/Src/software_timer.o
 .debug_macro   0x00000000000216d0      0x226 ./Core/Src/spi.o
 .debug_macro   0x00000000000218f6      0x21c ./Core/Src/stm32f4xx_hal_msp.o
 .debug_macro   0x0000000000021b12      0x226 ./Core/Src/stm32f4xx_it.o
 .debug_macro   0x0000000000021d38       0xff ./Core/Src/sysmem.o
 .debug_macro   0x0000000000021e37      0x23c ./Core/Src/sysmem.o
 .debug_macro   0x0000000000022073      0x20d ./Core/Src/system_stm32f4xx.o
 .debug_macro   0x0000000000022280      0x226 ./Core/Src/tim.o
 .debug_macro   0x00000000000224a6      0x312 ./Core/Src/uart.o
 .debug_macro   0x00000000000227b8       0x16 ./Core/Src/uart.o
 .debug_macro   0x00000000000227ce       0x16 ./Core/Src/uart.o
 .debug_macro   0x00000000000227e4      0x226 ./Core/Src/usart.o
 .debug_macro   0x0000000000022a0a       0x6d ./Core/Src/utils.o
 .debug_macro   0x0000000000022a77      0x26d ./Drivers/STM32F4xx_HAL_Driver/Src/stm32f4xx_hal.o
 .debug_macro   0x0000000000022ce4      0x20d ./Drivers/STM32F4xx_HAL_Driver/Src/stm32f4xx_hal_cortex.o
 .debug_macro   0x0000000000022ef1      0x213 ./Drivers/STM32F4xx_HAL_Driver/Src/stm32f4xx_hal_dma.o
 .debug_macro   0x0000000000023104      0x213 ./Drivers/STM32F4xx_HAL_Driver/Src/stm32f4xx_hal_gpio.o
 .debug_macro   0x0000000000023317      0x254 ./Drivers/STM32F4xx_HAL_Driver/Src/stm32f4xx_hal_i2c.o
 .debug_macro   0x000000000002356b      0x231 ./Drivers/STM32F4xx_HAL_Driver/Src/stm32f4xx_hal_rcc.o
 .debug_macro   0x000000000002379c      0x21c ./Drivers/STM32F4xx_HAL_Driver/Src/stm32f4xx_hal_spi.o
 .debug_macro   0x00000000000239b8      0x20d ./Drivers/STM32F4xx_HAL_Driver/Src/stm32f4xx_hal_sram.o
 .debug_macro   0x0000000000023bc5      0x20e ./Drivers/STM32F4xx_HAL_Driver/Src/stm32f4xx_hal_tim.o
 .debug_macro   0x0000000000023dd3      0x20d ./Drivers/STM32F4xx_HAL_Driver/Src/stm32f4xx_hal_tim_ex.o
 .debug_macro   0x0000000000023fe0      0x20e ./Drivers/STM32F4xx_HAL_Driver/Src/stm32f4xx_hal_uart.o
 .debug_macro   0x00000000000241ee      0x247 ./Drivers/STM32F4xx_HAL_Driver/Src/stm32f4xx_ll_fsmc.o

.debug_line     0x0000000000000000    0x1e380
 .debug_line    0x0000000000000000      0x912 ./Core/Src/button.o
 .debug_line    0x0000000000000912      0x92a ./Core/Src/ds3231.o
 .debug_line    0x000000000000123c      0x987 ./Core/Src/fsmc.o