Archive member included to satisfy reference by file (symbol)

D:/STM32/stm32cubeide/STM32CubeIDE_1.13.0/STM32CubeIDE/plugins/com.st.stm32cube.ide.mcu.externaltools.gnu-tools-for-stm32.11.3.rel1.win32_1.1.0.202305231506/tools/bin/../lib/gcc/arm-none-eabi/11.3.1/../../../../arm-none-eabi/lib/thumb/v7e-m+fp/hard\libc_nano.a(libc_a-exit.o)
                              D:/STM32/stm32cubeide/STM32CubeIDE_1.13.0/STM32CubeIDE/plugins/com.st.stm32cube.ide.mcu.externaltools.gnu-tools-for-stm32.11.3.rel1.win32_1.1.0.202305231506/tools/bin/../lib/gcc/arm-none-eabi/11.3.1/../../../../arm-none-eabi/lib/thumb/v7e-m+fp/hard/crt0.o (exit)
D:/STM32/stm32cubeide/STM32CubeIDE_1.13.0/STM32CubeIDE/plugins/com.st.stm32cube.ide.mcu.externaltools.gnu-tools-for-stm32.11.3.rel1.win32_1.1.0.202305231506/tools/bin/../lib/gcc/arm-none-eabi/11.3.1/../../../../arm-none-eabi/lib/thumb/v7e-m+fp/hard\libc_nano.a(libc_a-findfp.o)
                              D:/STM32/stm32cubeide/STM32CubeIDE_1.13.0/STM32CubeIDE/plugins/com.st.stm32cube.ide.mcu.externaltools.gnu-tools-for-stm32.11.3.rel1.win32_1.1.0.202305231506/tools/bin/../lib/gcc/arm-none-eabi/11.3.1/../../../../arm-none-eabi/lib/thumb/v7e-m+fp/hard\libc_nano.a(libc_a-exit.o) (__stdio_exit_handler)
D:/STM32/stm32cubeide/STM32CubeIDE_1.13.0/STM32CubeIDE/plugins/com.st.stm32cube.ide.mcu.externaltools.gnu-tools-for-stm32.11.3.rel1.win32_1.1.0.202305231506/tools/bin/../lib/gcc/arm-none-eabi/11.3.1/../../../../arm-none-eabi/lib/thumb/v7e-m+fp/hard\libc_nano.a(libc_a-fwalk.o)
                              D:/STM32/stm32cubeide/STM32CubeIDE_1.13.0/STM32CubeIDE/plugins/com.st.stm32cube.ide.mcu.externaltools.gnu-tools-for-stm32.11.3.rel1.win32_1.1.0.202305231506/tools/bin/../lib/gcc/arm-none-eabi/11.3.1/../../../../arm-none-eabi/lib/thumb/v7e-m+fp/hard\libc_nano.a(libc_a-findfp.o) (_fwalk_sglue)
D:/STM32/stm32cubeide/STM32CubeIDE_1.13.0/STM32CubeIDE/plugins/com.st.stm32cube.ide.mcu.externaltools.gnu-tools-for-stm32.11.3.rel1.win32_1.1.0.202305231506/tools/bin/../lib/gcc/arm-none-eabi/11.3.1/../../../../arm-none-eabi/lib/thumb/v7e-m+fp/hard\libc_nano.a(libc_a-sprintf.o)
                              ./Core/Src/uart.o (sprintf)
D:/STM32/stm32cubeide/STM32CubeIDE_1.13.0/STM32CubeIDE/plugins/com.st.stm32cube.ide.mcu.externaltools.gnu-tools-for-stm32.11.3.rel1.win32_1.1.0.202305231506/tools/bin/../lib/gcc/arm-none-eabi/11.3.1/../../../../arm-none-eabi/lib/thumb/v7e-m+fp/hard\libc_nano.a(libc_a-stdio.o)
                              D:/STM32/stm32cubeide/STM32CubeIDE_1.13.0/STM32CubeIDE/plugins/com.st.stm32cube.ide.mcu.externaltools.gnu-tools-for-stm32.11.3.rel1.win32_1.1.0.202305231506/tools/bin/../lib/gcc/arm-none-eabi/11.3.1/../../../../arm-none-eabi/lib/thumb/v7e-m+fp/hard\libc_nano.a(libc_a-findfp.o) (__sread)
D:/STM32/stm32cubeide/STM32CubeIDE_1.13.0/STM32CubeIDE/plugins/com.st.stm32cube.ide.mcu.externaltools.gnu-tools-for-stm32.11.3.rel1.win32_1.1.0.202305231506/tools/bin/../lib/gcc/arm-none-eabi/11.3.1/../../../../arm-none-eabi/lib/thumb/v7e-m+fp/hard\libc_nano.a(libc_a-memset.o)
                              D:/STM32/stm32cubeide/STM32CubeIDE_1.13.0/STM32CubeIDE/plugins/com.st.stm32cube.ide.mcu.externaltools.gnu-tools-for-stm32.11.3.rel1.win32_1.1.0.202305231506/tools/bin/../lib/gcc/arm-none-eabi/11.3.1/../../../../arm-none-eabi/lib/thumb/v7e-m+fp/hard/crt0.o (memset)
D:/STM32/stm32cubeide/STM32CubeIDE_1.13.0/STM32CubeIDE/plugins/com.st.stm32cube.ide.mcu.externaltools.gnu-tools-for-stm32.11.3.rel1.win32_1.1.0.202305231506/tools/bin/../lib/gcc/arm-none-eabi/11.3.1/../../../../arm-none-eabi/lib/thumb/v7e-m+fp/hard\libc_nano.a(libc_a-closer.o)
                              D:/STM32/stm32cubeide/STM32CubeIDE_1.13.0/STM32CubeIDE/plugins/com.st.stm32cube.ide.mcu.externaltools.gnu-tools-for-stm32.11.3.rel1.win32_1.1.0.202305231506/tools/bin/../lib/gcc/arm-none-eabi/11.3.1/../../../../arm-none-eabi/lib/thumb/v7e-m+fp/hard\libc_nano.a(libc_a-stdio.o) (_close_r)
D:/STM32/stm32cubeide/STM32CubeIDE_1.13.0/STM32CubeIDE/plugins/com.st.stm32cube.ide.mcu.externaltools.gnu-tools-for-stm32.11.3.rel1.win32_1.1.0.202305231506/tools/bin/../lib/gcc/arm-none-eabi/11.3.1/../../../../arm-none-eabi/lib/thumb/v7e-m+fp/hard\libc_nano.a(libc_a-reent.o)
                              D:/STM32/stm32cubeide/STM32CubeIDE_1.13.0/STM32CubeIDE/plugins/com.st.stm32cube.ide.mcu.externaltools.gnu-tools-for-stm32.11.3.rel1.win32_1.1.0.202305231506/tools/bin/../lib/gcc/arm-none-eabi/11.3.1/../../../../arm-none-eabi/lib/thumb/v7e-m+fp/hard\libc_nano.a(libc_a-closer.o) (errno)
D:/STM32/stm32cubeide/STM32CubeIDE_1.13.0/STM32CubeIDE/plugins/com.st.stm32cube.ide.mcu.externaltools.gnu-tools-for-stm32.11.3.rel1.win32_1.1.0.202305231506/tools/bin/../lib/gcc/arm-none-eabi/11.3.1/../../../../arm-none-eabi/lib/thumb/v7e-m+fp/hard\libc_nano.a(libc_a-impure.o)
[...]
Memory Configuration

Name             Origin             Length             Attributes
CCMRAM           0x0000000010000000 0x0000000000010000 xrw
RAM              0x0000000020000000 0x0000000000020000 xrw
FLASH            0x0000000008000000 0x0000000000100000 xr
*default*        0x0000000000000000 0xffffffffffffffff

Linker script and memory map

LOAD D:/STM32/stm32cubeide/STM32CubeIDE_1.13.0/STM32CubeIDE/plugins/com.st.stm32cube.ide.mcu.externaltools.gnu-tools-for-stm32.11.3.rel1.win32_1.1.0.202305231506/tools/bin/../lib/gcc/arm-none-eabi/11.3.1/thumb/v7e-m+fp/hard/crti.o
LOAD D:/STM32/stm32cubeide/STM32CubeIDE_1.13.0/STM32CubeIDE/plugins/com.st.stm32cube.ide.mcu.externaltools.gnu-tools-for-stm32.11.3.rel1.win32_1.1.0.202305231506/tools/bin/../lib/gcc/arm-none-eabi/11.3.1/thumb/v7e-m+fp/hard/crtbegin.o
LOAD D:/STM32/stm32cubeide/STM32CubeIDE_1.13.0/STM32CubeIDE/plugins/com.st.stm32cube.ide.mcu.externaltools.gnu-tools-for-stm32.11.3.rel1.win32_1.1.0.202305231506/tools/bin/../lib/gcc/arm-none-eabi/11.3.1/../../../../arm-none-eabi/lib/thumb/v7e-m+fp/hard/crt0.o
LOAD ./Core/Src/adc.o
LOAD ./Core/Src/button.o
LOAD ./Core/Src/buzzer.o
LOAD ./Core/Src/dma.o
LOAD ./Core/Src/ds3231.o
LOAD ./Core/Src/fsmc.o
LOAD ./Core/Src/gpio.o
LOAD ./Core/Src/i2c.o
LOAD ./Core/Src/lcd.o
LOAD ./Core/Src/main.o
LOAD ./Core/Src/my_clock.o
LOAD ./Core/Src/my_display.o
LOAD ./Core/Src/sensor.o
LOAD ./Core/Src/software_timer.o
LOAD ./Core/Src/spi.o
LOAD ./Core/Src/stm32f4xx_hal_msp.o
LOAD ./Core/Src/stm32f4xx_it.o
LOAD ./Core/Src/syscalls.o
LOAD ./Core/Src/sysmem.o
LOAD ./Core/Src/system.o
LOAD ./Core/Src/system_stm32f4xx.o
LOAD ./Core/Src/tim.o
LOAD ./Core/Src/uart.o
LOAD ./Core/Src/usart.o
LOAD ./Core/Src/utils.o
LOAD ./Core/Startup/startup_stm32f407zetx.o
LOAD ./Drivers/STM32F4xx_HAL_Driver/Src/stm32f4xx_hal.o
LOAD ./Drivers/STM32F4xx_HAL_Driver/Src/stm32f4xx_hal_adc.o
LOAD ./Drivers/STM32F4xx_HAL_Driver/Src/stm32f4xx_hal_adc_ex.o
LOAD ./Drivers/STM32F4xx_HAL_Driver/Src/stm32f4xx_hal_cortex.o
LOAD ./Drivers/STM32F4xx_HAL_Driver/Src/stm32f4xx_hal_dma.o
LOAD ./Drivers/STM32F4xx_HAL_Driver/Src/stm32f4xx_hal_dma_ex.o
LOAD ./Drivers/STM32F4xx_HAL_Driver/Src/stm32f4xx_hal_exti.o
LOAD ./Drivers/STM32F4xx_HAL_Driver/Src/stm32f4xx_hal_flash.o
LOAD ./Drivers/STM32F4xx_HAL_Driver/Src/stm32f4xx_hal_flash_ex.o
LOAD ./Drivers/STM32F4xx_HAL_Driver/Src/stm32f4xx_hal_flash_ramfunc.o
LOAD ./Drivers/STM32F4xx_HAL_Driver/Src/stm32f4xx_hal_gpio.o
LOAD ./Drivers/STM32F4xx_HAL_Driver/Src/stm32f4xx_hal_i2c.o
LOAD ./Drivers/STM32F4xx_HAL_Driver/Src/stm32f4xx_hal_i2c_ex.o
LOAD ./Drivers/STM32F4xx_HAL_Driver/Src/stm32f4xx_hal_pwr.o
LOAD ./Drivers/STM32F4xx_HAL_Driver/Src/stm32f4xx_hal_pwr_ex.o
LOAD ./Drivers/STM32F4xx_HAL_Driver/Src/stm32f4xx_hal_rcc.o
LOAD ./Drivers/STM32F4xx_HAL_Driver/Src/stm32f4xx_hal_rcc_ex.o
LOAD ./Drivers/STM32F4xx_HAL_Driver/Src/stm32f4xx_hal_spi.o
LOAD ./Drivers/STM32F4xx_HAL_Driver/Src/stm32f4xx_hal_sram.o
LOAD ./Drivers/STM32F4xx_HAL_Driver/Src/stm32f4xx_hal_tim.o
LOAD ./Drivers/STM32F4xx_HAL_Driver/Src/stm32f4xx_hal_tim_ex.o
LOAD ./Drivers/STM32F4xx_HAL_Driver/Src/stm32f4xx_hal_uart.o
LOAD ./Drivers/STM32F4xx_HAL_Driver/Src/stm32f4xx_ll_adc.o
LOAD ./Drivers/STM32F4xx_HAL_Driver/Src/stm32f4xx_ll_fsmc.o
START GROUP
LOAD D:/STM32/stm32cubeide/STM32CubeIDE_1.13.0/STM32CubeIDE/plugins/com.st.stm32cube.ide.mcu.externaltools.gnu-tools-for-stm32.11.3.rel1.win32_1.1.0.202305231506/tools/bin/../lib/gcc/arm-none-eabi/11.3.1/../../../../arm-none-eabi/lib/thumb/v7e-m+fp/hard\libc_nano.a
LOAD D:/STM32/stm32cubeide/STM32CubeIDE_1.13.0/STM32CubeIDE/plugins/com.st.stm32cube.ide.mcu.externaltools.gnu-tools-for-stm32.11.3.rel1.win32_1.1.0.202305231506/tools/bin/../lib/gcc/arm-none-eabi/11.3.1/../../../../arm-none-eabi/lib/thumb/v7e-m+fp/hard\libm.a
END GROUP
START GROUP
LOAD D:/STM32/stm32cubeide/STM32CubeIDE_1.13.0/STM32CubeIDE/plugins/com.st.stm32cube.ide.mcu.externaltools.gnu-tools-for-stm32.11.3.rel1.win32_1.1.0.202305231506/tools/bin/../lib/gcc/arm-none-eabi/11.3.1/thumb/v7e-m+fp/hard\libgcc.a
LOAD D:/STM32/stm32cubeide/STM32CubeIDE_1.13.0/STM32CubeIDE/plugins/com.st.stm32cube.ide.mcu.externaltools.gnu-tools-for-stm32.11.3.rel1.win32_1.1.0.202305231506/tools/bin/../lib/gcc/arm-none-eabi/11.3.1/../../../../arm-none-eabi/lib/thumb/v7e-m+fp/hard\libc_nano.a
END GROUP
START GROUP
LOAD D:/STM32/stm32cubeide/STM32CubeIDE_1.13.0/STM32CubeIDE/plugins/com.st.stm32cube.ide.mcu.externaltools.gnu-tools-for-stm32.11.3.rel1.win32_1.1.0.202305231506/tools/bin/../lib/gcc/arm-none-eabi/11.3.1/thumb/v7e-m+fp/hard\libgcc.a
LOAD D:/STM32/stm32cubeide/STM32CubeIDE_1.13.0/STM32CubeIDE/plugins/com.st.stm32cube.ide.mcu.externaltools.gnu-tools-for-stm32.11.3.rel1.win32_1.1.0.202305231506/tools/bin/../lib/gcc/arm-none-eabi/11.3.1/../../../../arm-none-eabi/lib/thumb/v7e-m+fp/hard\libc_nano.a
LOAD D:/STM32/stm32cubeide/STM32CubeIDE_1.13.0/STM32CubeIDE/plugins/com.st.stm32cube.ide.mcu.externaltools.gnu-tools-for-stm32.11.3.rel1.win32_1.1.0.202305231506/tools/bin/../lib/gcc/arm-none-eabi/11.3.1/../../../../arm-none-eabi/lib/thumb/v7e-m+fp/hard\libnosys.a
END GROUP
START GROUP
LOAD D:/STM32/stm32cubeide/STM32CubeIDE_1.13.0/STM32CubeIDE/plugins/com.st.stm32cube.ide.mcu.externaltools.gnu-tools-for-stm32.11.3.rel1.win32_1.1.0.202305231506/tools/bin/../lib/gcc/arm-none-eabi/11.3.1/thumb/v7e-m+fp/hard\libgcc.a
LOAD D:/STM32/stm32cubeide/STM32CubeIDE_1.13.0/STM32CubeIDE/plugins/com.st.stm32cube.ide.mcu.externaltools.gnu-tools-for-stm32.11.3.rel1.win32_1.1.0.202305231506/tools/bin/../lib/gcc/arm-none-eabi/11.3.1/../../../../arm-none-eabi/lib/thumb/v7e-m+fp/hard\libc_nano.a
LOAD D:/STM32/stm32cubeide/STM32CubeIDE_1.13.0/STM32CubeIDE/plugins/com.st.stm32cube.ide.mcu.externaltools.gnu-tools-for-stm32.11.3.rel1.win32_1.1.0.202305231506/tools/bin/../lib/gcc/arm-none-eabi/11.3.1/../../../../arm-none-eabi/lib/thumb/v7e-m+fp/hard\libnosys.a
END GROUP
LOAD D:/STM32/stm32cubeide/STM32CubeIDE_1.13.0/STM32CubeIDE/plugins/com.st.stm32cube.ide.mcu.externaltools.gnu-tools-for-stm32.11.3.rel1.win32_1.1.0.202305231506/tools/bin/../lib/gcc/arm-none-eabi/11.3.1/thumb/v7e-m+fp/hard/crtend.o
LOAD D:/STM32/stm32cubeide/STM32CubeIDE_1.13.0/STM32CubeIDE/plugins/com.st.stm32cube.ide.mcu.externaltools.gnu-tools-for-stm32.11.3.rel1.win32_1.1.0.202305231506/tools/bin/../lib/gcc/arm-none-eabi/11.3.1/thumb/v7e-m+fp/hard/crtn.o
                0x0000000020020000                _estack = (ORIGIN (RAM) + LENGTH (RAM))
                0x0000000000000200                _Min_Heap_Size = 0x200
                0x0000000000000400                _Min_Stack_Size = 0x400

.isr_vector     0x0000000008000000      0x188
                0x0000000008000000                . = ALIGN (0x4)
 *(.isr_vector)
 .isr_vector    0x0000000008000000      0x188 ./Core/Startup/startup_stm32f407zetx.o
                0x0000000008000000                g_pfnVectors
                0x0000000008000188                . = ALIGN (0x4)

.text           0x0000000008000190     0xa578
                0x0000000008000190                . = ALIGN (0x4)
 *(.text)
 .text          0x0000000008000190       0x40 D:/STM32/stm32cubeide/STM32CubeIDE_1.13.0/STM32CubeIDE/plugins/com.st.stm32cube.ide.mcu.externaltools.gnu-tools-for-stm32.11.3.rel1.win32_1.1.0.202305231506/tools/bin/../lib/gcc/arm-none-eabi/11.3.1/thumb/v7e-m+fp/hard/crtbegin.o
 .text          0x00000000080001d0       0xa0 D:/STM32/stm32cubeide/STM32CubeIDE_1.13.0/STM32CubeIDE/plugins/com.st.stm32cube.ide.mcu.externaltools.gnu-tools-for-stm32.11.3.rel1.win32_1.1.0.202305231506/tools/bin/../lib/gcc/arm-none-eabi/11.3.1/../../../../arm-none-eabi/lib/thumb/v7e-m+fp/hard\libc_nano.a(libc_a-memchr.o)
                0x00000000080001d0                memchr
 .text          0x0000000008000270      0x378 D:/STM32/stm32cubeide/STM32CubeIDE_1.13.0/STM32CubeIDE/plugins/com.st.stm32cube.ide.mcu.externaltools.gnu-tools-for-stm32.11.3.rel1.win32_1.1.0.202305231506/tools/bin/../lib/gcc/arm-none-eabi/11.3.1/thumb/v7e-m+fp/hard\libgcc.a(_arm_addsubdf3.o)
                0x0000000008000270                __aeabi_drsub
                0x0000000008000278                __aeabi_dsub
                0x0000000008000278                __subdf3
                0x000000000800027c                __aeabi_dadd
                0x000000000800027c                __adddf3
                0x00000000080004f4                __floatunsidf
                0x00000000080004f4                __aeabi_ui2d
                0x0000000008000514                __floatsidf
                0x0000000008000514                __aeabi_i2d
                0x0000000008000538                __aeabi_f2d
                0x0000000008000538                __extendsfdf2
                0x000000000800057c                __floatundidf
                0x000000000800057c                __aeabi_ul2d
                0x000000000800058c                __floatdidf
                0x000000000800058c                __aeabi_l2d
 .text          0x00000000080005e8      0x424 D:/STM32/stm32cubeide/STM32CubeIDE_1.13.0/STM32CubeIDE/plugins/com.st.stm32cube.ide.mcu.externaltools.gnu-tools-for-stm32.11.3.rel1.win32_1.1.0.202305231506/tools/bin/../lib/gcc/arm-none-eabi/11.3.1/thumb/v7e-m+fp/hard\libgcc.a(_arm_muldivdf3.o)
                0x00000000080005e8                __aeabi_dmul
                0x00000000080005e8                __muldf3
                0x000000000800083c                __divdf3
                0x000000000800083c                __aeabi_ddiv
 .text          0x0000000008000a0c       0x40 D:/STM32/stm32cubeide/STM32CubeIDE_1.13.0/STM32CubeIDE/plugins/com.st.stm32cube.ide.mcu.externaltools.gnu-tools-for-stm32.11.3.rel1.win32_1.1.0.202305231506/tools/bin/../lib/gcc/arm-none-eabi/11.3.1/thumb/v7e-m+fp/hard\libgcc.a(_arm_fixunsdfsi.o)
                0x0000000008000a0c                __aeabi_d2uiz
                0x0000000008000a0c                __fixunsdfsi
 .text          0x0000000008000a4c       0xa0 D:/STM32/stm32cubeide/STM32CubeIDE_1.13.0/STM32CubeIDE/plugins/com.st.stm32cube.ide.mcu.externaltools.gnu-tools-for-stm32.11.3.rel1.win32_1.1.0.202305231506/tools/bin/../lib/gcc/arm-none-eabi/11.3.1/thumb/v7e-m+fp/hard\libgcc.a(_arm_truncdfsf2.o)
                0x0000000008000a4c                __truncdfsf2
                0x0000000008000a4c                __aeabi_d2f
 .text          0x0000000008000aec       0x30 D:/STM32/stm32cubeide/STM32CubeIDE_1.13.0/STM32CubeIDE/plugins/com.st.stm32cube.ide.mcu.externaltools.gnu-tools-for-stm32.11.3.rel1.win32_1.1.0.202305231506/tools/bin/../lib/gcc/arm-none-eabi/11.3.1/thumb/v7e-m+fp/hard\libgcc.a(_aeabi_uldivmod.o)
                0x0000000008000aec                __aeabi_uldivmod
 .text          0x0000000008000b1c      0x2c8 D:/STM32/stm32cubeide/STM32CubeIDE_1.13.0/STM32CubeIDE/plugins/com.st.stm32cube.ide.mcu.externaltools.gnu-tools-for-stm32.11.3.rel1.win32_1.1.0.202305231506/tools/bin/../lib/gcc/arm-none-eabi/11.3.1/thumb/v7e-m+fp/hard\libgcc.a(_udivmoddi4.o)
                0x0000000008000b1c                __udivmoddi4
 .text          0x0000000008000de4        0x4 D:/STM32/stm32cubeide/STM32CubeIDE_1.13.0/STM32CubeIDE/plugins/com.st.stm32cube.ide.mcu.externaltools.gnu-tools-for-stm32.11.3.rel1.win32_1.1.0.202305231506/tools/bin/../lib/gcc/arm-none-eabi/11.3.1/thumb/v7e-m+fp/hard\libgcc.a(_dvmd_tls.o)
                0x0000000008000de4                __aeabi_idiv0
                0x0000000008000de4                __aeabi_ldiv0
 *(.text*)
 .text.MX_ADC1_Init
                0x0000000008000de8      0x114 ./Core/Src/adc.o
                0x0000000008000de8                MX_ADC1_Init
 .text.HAL_ADC_MspInit
                0x0000000008000efc      0x128 ./Core/Src/adc.o
                0x0000000008000efc                HAL_ADC_MspInit
 .text.button_init
                0x0000000008001024       0x18 ./Core/Src/button.o
                0x0000000008001024                button_init
 .text.button_Scan
                0x000000000800103c       0xd8 ./Core/Src/button.o
                0x000000000800103c                button_Scan
 .text.is_button_pressed
                0x0000000008001114       0x38 ./Core/Src/button.o
                0x0000000008001114                is_button_pressed
 .text.is_button_long_pressed
                0x000000000800114c       0x38 ./Core/Src/button.o
                0x000000000800114c                is_button_long_pressed
 .text.buzzer_init
                0x0000000008001184       0x14 ./Core/Src/buzzer.o
                0x0000000008001184                buzzer_init
 .text.buzzer_SetVolume
                0x0000000008001198       0x30 ./Core/Src/buzzer.o
                0x0000000008001198                buzzer_SetVolume
 .text.MX_DMA_Init
                0x00000000080011c8       0x40 ./Core/Src/dma.o
                0x00000000080011c8                MX_DMA_Init
 .text.ds3231_Write
                0x0000000008001208       0x44 ./Core/Src/ds3231.o
                0x0000000008001208                ds3231_Write
 .text.ds3231_ReadTime
                0x000000000800124c       0xc8 ./Core/Src/ds3231.o
                0x000000000800124c                ds3231_ReadTime
 .text.MX_FSMC_Init
                0x0000000008001314       0xf4 ./Core/Src/fsmc.o
                0x0000000008001314                MX_FSMC_Init
 .text.HAL_FSMC_MspInit
                0x0000000008001408       0x98 ./Core/Src/fsmc.o
 .text.HAL_SRAM_MspInit
                0x00000000080014a0       0x14 ./Core/Src/fsmc.o
                0x00000000080014a0                HAL_SRAM_MspInit
 .text.MX_GPIO_Init
                0x00000000080014b4      0x20c ./Core/Src/gpio.o
                0x00000000080014b4                MX_GPIO_Init
 .text.MX_I2C1_Init
                0x00000000080016c0       0x5c ./Core/Src/i2c.o
                0x00000000080016c0                MX_I2C1_Init
 .text.HAL_I2C_MspInit
                0x000000000800171c       0x90 ./Core/Src/i2c.o
                0x000000000800171c                HAL_I2C_MspInit
 .text.LCD_WR_REG
                0x00000000080017ac       0x20 ./Core/Src/lcd.o
                0x00000000080017ac                LCD_WR_REG
 .text.LCD_WR_DATA
                0x00000000080017cc       0x20 ./Core/Src/lcd.o
 .text.LCD_RD_DATA
                0x00000000080017ec       0x24 ./Core/Src/lcd.o
 .text.lcd_AddressSet
                0x0000000008001810       0x98 ./Core/Src/lcd.o
                0x0000000008001810                lcd_AddressSet
 .text.lcd_DrawPoint
                0x00000000080018a8       0x2e ./Core/Src/lcd.o
                0x00000000080018a8                lcd_DrawPoint
 *fill*         0x00000000080018d6        0x2 
 .text.lcd_ShowChar
                0x00000000080018d8      0x1a0 ./Core/Src/lcd.o
                0x00000000080018d8                lcd_ShowChar
 .text.mypow    0x0000000008001a78       0x38 ./Core/Src/lcd.o
                0x0000000008001a78                mypow
 .text.lcd_ShowIntNum
                0x0000000008001ab0       0xfc ./Core/Src/lcd.o
                0x0000000008001ab0                lcd_ShowIntNum
 .text.lcd_ShowFloatNum
                0x0000000008001bac      0x110 ./Core/Src/lcd.o
                0x0000000008001bac                lcd_ShowFloatNum
 .text.lcd_SetDir
                0x0000000008001cbc       0x48 ./Core/Src/lcd.o
                0x0000000008001cbc                lcd_SetDir
 .text.lcd_init
                0x0000000008001d04      0x2c0 ./Core/Src/lcd.o
                0x0000000008001d04                lcd_init
 .text.lcd_ShowStr
                0x0000000008001fc4       0xc8 ./Core/Src/lcd.o
                0x0000000008001fc4                lcd_ShowStr
 .text.sys_init
                0x000000000800208c       0x4e ./Core/Src/main.o
                0x000000000800208c                sys_init
 *fill*         0x00000000080020da        0x2 
 .text.main     0x00000000080020dc       0x44 ./Core/Src/main.o
                0x00000000080020dc                main
 .text.SystemClock_Config
                0x0000000008002120       0xd4 ./Core/Src/main.o
                0x0000000008002120                SystemClock_Config
 .text.Error_Handler
                0x00000000080021f4        0xa ./Core/Src/main.o
                0x00000000080021f4                Error_Handler
 *fill*         0x00000000080021fe        0x2 
 .text.alarm    0x0000000008002200       0xcc ./Core/Src/my_clock.o
                0x0000000008002200                alarm
 .text.fsm_clock
                0x00000000080022cc       0x54 ./Core/Src/my_clock.o
                0x00000000080022cc                fsm_clock
 .text.fsm_alarm
                0x0000000008002320      0x304 ./Core/Src/my_clock.o
                0x0000000008002320                fsm_alarm
 .text.fsm_changing
                0x0000000008002624      0x370 ./Core/Src/my_clock.o
                0x0000000008002624                fsm_changing
 .text.reset_str
                0x0000000008002994       0x28 ./Core/Src/my_clock.o
                0x0000000008002994                reset_str
 .text.button0_fsm
                0x00000000080029bc       0xac ./Core/Src/my_clock.o
                0x00000000080029bc                button0_fsm
 .text.button2_fsm
                0x0000000008002a68      0x1ac ./Core/Src/my_clock.o
                0x0000000008002a68                button2_fsm
 .text.increase_value
                0x0000000008002c14      0x16c ./Core/Src/my_clock.o
                0x0000000008002c14                increase_value
 .text.button1_fsm
                0x0000000008002d80       0xc4 ./Core/Src/my_clock.o
                0x0000000008002d80                button1_fsm
 .text.update_clock
                0x0000000008002e44       0x80 ./Core/Src/my_clock.o
                0x0000000008002e44                update_clock
 .text.display_all_clock
                0x0000000008002ec4       0x78 ./Core/Src/my_clock.o
                0x0000000008002ec4                display_all_clock
 .text.display_mode
                0x0000000008002f3c       0x8c ./Core/Src/my_clock.o
                0x0000000008002f3c                display_mode
 .text.display_all_alarm
                0x0000000008002fc8       0x68 ./Core/Src/my_clock.o
                0x0000000008002fc8                display_all_alarm
 .text.init_box
                0x0000000008003030       0x74 ./Core/Src/my_display.o
                0x0000000008003030                init_box
 .text.dis_sec  0x00000000080030a4       0x7c ./Core/Src/my_display.o
                0x00000000080030a4                dis_sec
 .text.dis_min  0x0000000008003120       0x7c ./Core/Src/my_display.o
                0x0000000008003120                dis_min
 .text.dis_hour
                0x000000000800319c       0x7c ./Core/Src/my_display.o
                0x000000000800319c                dis_hour
 .text.dis_day  0x0000000008003218       0xb4 ./Core/Src/my_display.o
                0x0000000008003218                dis_day
 .text.dis_date
                0x00000000080032cc       0x7c ./Core/Src/my_display.o
                0x00000000080032cc                dis_date
 .text.dis_month
                0x0000000008003348       0x7c ./Core/Src/my_display.o
                0x0000000008003348                dis_month
 .text.dis_year
                0x00000000080033c4       0x7c ./Core/Src/my_display.o
                0x00000000080033c4                dis_year
 .text.sensor_init
                0x0000000008003440       0x1c ./Core/Src/sensor.o
                0x0000000008003440                sensor_init
 .text.sensor_Read
                0x000000000800345c       0x1c ./Core/Src/sensor.o
                0x000000000800345c                sensor_Read
 .text.sensor_GetLight
                0x0000000008003478       0x18 ./Core/Src/sensor.o
                0x0000000008003478                sensor_GetLight
 .text.sensor_GetPotentiometer
                0x0000000008003490       0x18 ./Core/Src/sensor.o
                0x0000000008003490                sensor_GetPotentiometer
 .text.sensor_GetVoltage
                0x00000000080034a8       0x78 ./Core/Src/sensor.o
                0x00000000080034a8                sensor_GetVoltage
 .text.sensor_GetCurrent
                0x0000000008003520       0xb8 ./Core/Src/sensor.o
                0x0000000008003520                sensor_GetCurrent
 .text.sensor_GetTemperature
                0x00000000080035d8       0x3c ./Core/Src/sensor.o
                0x00000000080035d8                sensor_GetTemperature
 .text.HAL_TIM_PeriodElapsedCallback
                0x0000000008003614       0x14 ./Core/Src/software_timer.o
                0x0000000008003614                HAL_TIM_PeriodElapsedCallback
 .text.set_timer
                0x0000000008003628       0x58 ./Core/Src/software_timer.o
                0x0000000008003628                set_timer
 .text.run_timer
                0x0000000008003680       0x64 ./Core/Src/software_timer.o
                0x0000000008003680                run_timer
 .text.is_timer_on
                0x00000000080036e4       0x2c ./Core/Src/software_timer.o
                0x00000000080036e4                is_timer_on
 .text.MX_SPI1_Init
                0x0000000008003710       0x6c ./Core/Src/spi.o
                0x0000000008003710                MX_SPI1_Init
 .text.HAL_SPI_MspInit
                0x000000000800377c       0x90 ./Core/Src/spi.o
                0x000000000800377c                HAL_SPI_MspInit
 .text.HAL_MspInit
                0x000000000800380c       0x50 ./Core/Src/stm32f4xx_hal_msp.o
                0x000000000800380c                HAL_MspInit
 .text.NMI_Handler
                0x000000000800385c        0x6 ./Core/Src/stm32f4xx_it.o
                0x000000000800385c                NMI_Handler
 .text.HardFault_Handler
                0x0000000008003862        0x6 ./Core/Src/stm32f4xx_it.o
                0x0000000008003862                HardFault_Handler
 .text.MemManage_Handler
                0x0000000008003868        0x6 ./Core/Src/stm32f4xx_it.o
                0x0000000008003868                MemManage_Handler
 .text.BusFault_Handler
                0x000000000800386e        0x6 ./Core/Src/stm32f4xx_it.o
                0x000000000800386e                BusFault_Handler
 .text.UsageFault_Handler
                0x0000000008003874        0x6 ./Core/Src/stm32f4xx_it.o
                0x0000000008003874                UsageFault_Handler
 .text.SVC_Handler
                0x000000000800387a        0xe ./Core/Src/stm32f4xx_it.o
                0x000000000800387a                SVC_Handler
 .text.DebugMon_Handler
                0x0000000008003888        0xe ./Core/Src/stm32f4xx_it.o
                0x0000000008003888                DebugMon_Handler
 .text.PendSV_Handler
                0x0000000008003896        0xe ./Core/Src/stm32f4xx_it.o
                0x0000000008003896                PendSV_Handler
 .text.SysTick_Handler
                0x00000000080038a4        0xc ./Core/Src/stm32f4xx_it.o
                0x00000000080038a4                SysTick_Handler
 .text.TIM2_IRQHandler
                0x00000000080038b0       0x14 ./Core/Src/stm32f4xx_it.o
                0x00000000080038b0                TIM2_IRQHandler
 .text.USART1_IRQHandler
                0x00000000080038c4       0x14 ./Core/Src/stm32f4xx_it.o
                0x00000000080038c4                USART1_IRQHandler
 .text.DMA2_Stream0_IRQHandler
                0x00000000080038d8       0x14 ./Core/Src/stm32f4xx_it.o
                0x00000000080038d8                DMA2_Stream0_IRQHandler
 .text._sbrk    0x00000000080038ec       0x6c ./Core/Src/sysmem.o
                0x00000000080038ec                _sbrk
 .text.sensor_diplay
                0x0000000008003958      0x15c ./Core/Src/system.o
                0x0000000008003958                sensor_diplay
 .text.LCD_show_sensor
                0x0000000008003ab4      0x23c ./Core/Src/system.o
                0x0000000008003ab4                LCD_show_sensor
 .text.system_loop
                0x0000000008003cf0       0x10 ./Core/Src/system.o
                0x0000000008003cf0                system_loop
 .text.SystemInit
                0x0000000008003d00       0x24 ./Core/Src/system_stm32f4xx.o
                0x0000000008003d00                SystemInit
 .text.MX_TIM2_Init
                0x0000000008003d24       0x98 ./Core/Src/tim.o
                0x0000000008003d24                MX_TIM2_Init
 .text.MX_TIM13_Init
                0x0000000008003dbc       0x9c ./Core/Src/tim.o
                0x0000000008003dbc                MX_TIM13_Init
 .text.HAL_TIM_Base_MspInit
                0x0000000008003e58       0x78 ./Core/Src/tim.o
                0x0000000008003e58                HAL_TIM_Base_MspInit
 .text.HAL_TIM_MspPostInit
                0x0000000008003ed0       0x74 ./Core/Src/tim.o
                0x0000000008003ed0                HAL_TIM_MspPostInit
 .text.uart_init_rs232
                0x0000000008003f44       0x1c ./Core/Src/uart.o
                0x0000000008003f44                uart_init_rs232
 .text.uart_Rs232SendString
                0x0000000008003f60       0x34 ./Core/Src/uart.o
                0x0000000008003f60                uart_Rs232SendString
 .text.HAL_UART_RxCpltCallback
                0x0000000008003f94       0x3c ./Core/Src/uart.o
                0x0000000008003f94                HAL_UART_RxCpltCallback
 .text.MX_USART1_UART_Init
                0x0000000008003fd0       0x54 ./Core/Src/usart.o
                0x0000000008003fd0                MX_USART1_UART_Init
 .text.HAL_UART_MspInit
                0x0000000008004024       0xa0 ./Core/Src/usart.o
                0x0000000008004024                HAL_UART_MspInit
 .text.BCD2DEC  0x00000000080040c4       0x32 ./Core/Src/utils.o
                0x00000000080040c4                BCD2DEC
 *fill*         0x00000000080040f6        0x2 
 .text.DEC2BCD  0x00000000080040f8       0x48 ./Core/Src/utils.o
                0x00000000080040f8                DEC2BCD
 .text.Reset_Handler
                0x0000000008004140       0x50 ./Core/Startup/startup_stm32f407zetx.o
                0x0000000008004140                Reset_Handler
 .text.Default_Handler
                0x0000000008004190        0x2 ./Core/Startup/startup_stm32f407zetx.o
                0x0000000008004190                RTC_Alarm_IRQHandler
                0x0000000008004190                HASH_RNG_IRQHandler
                0x0000000008004190                EXTI2_IRQHandler
                0x0000000008004190                TIM8_CC_IRQHandler
                0x0000000008004190                TIM1_CC_IRQHandler
                0x0000000008004190                DMA2_Stream5_IRQHandler
                0x0000000008004190                DMA1_Stream5_IRQHandler
                0x0000000008004190                PVD_IRQHandler
                0x0000000008004190                SDIO_IRQHandler
                0x0000000008004190                TAMP_STAMP_IRQHandler
                0x0000000008004190                CAN2_RX1_IRQHandler
                0x0000000008004190                EXTI3_IRQHandler
                0x0000000008004190                TIM8_TRG_COM_TIM14_IRQHandler
                0x0000000008004190                TIM1_UP_TIM10_IRQHandler
                0x0000000008004190                TIM8_UP_TIM13_IRQHandler
                0x0000000008004190                I2C3_ER_IRQHandler
                0x0000000008004190                EXTI0_IRQHandler
                0x0000000008004190                I2C2_EV_IRQHandler
                0x0000000008004190                DMA1_Stream2_IRQHandler
                0x0000000008004190                CAN1_RX0_IRQHandler
                0x0000000008004190                FPU_IRQHandler
                0x0000000008004190                OTG_HS_WKUP_IRQHandler
                0x0000000008004190                CAN2_SCE_IRQHandler
                0x0000000008004190                DMA2_Stream2_IRQHandler
                0x0000000008004190                SPI1_IRQHandler
                0x0000000008004190                TIM6_DAC_IRQHandler
                0x0000000008004190                TIM1_BRK_TIM9_IRQHandler
                0x0000000008004190                DCMI_IRQHandler
                0x0000000008004190                CAN2_RX0_IRQHandler
                0x0000000008004190                DMA2_Stream3_IRQHandler
                0x0000000008004190                USART6_IRQHandler
                0x0000000008004190                USART3_IRQHandler
                0x0000000008004190                CAN1_RX1_IRQHandler
                0x0000000008004190                UART5_IRQHandler
                0x0000000008004190                TIM4_IRQHandler
                0x0000000008004190                I2C1_EV_IRQHandler
                0x0000000008004190                DMA1_Stream6_IRQHandler
                0x0000000008004190                DMA1_Stream1_IRQHandler
                0x0000000008004190                UART4_IRQHandler
                0x0000000008004190                TIM3_IRQHandler
                0x0000000008004190                RCC_IRQHandler
                0x0000000008004190                TIM8_BRK_TIM12_IRQHandler
                0x0000000008004190                Default_Handler
                0x0000000008004190                EXTI15_10_IRQHandler
                0x0000000008004190                ADC_IRQHandler
                0x0000000008004190                DMA1_Stream7_IRQHandler
                0x0000000008004190                TIM7_IRQHandler
                0x0000000008004190                CAN2_TX_IRQHandler
                0x0000000008004190                TIM5_IRQHandler
                0x0000000008004190                DMA2_Stream7_IRQHandler
                0x0000000008004190                I2C3_EV_IRQHandler
                0x0000000008004190                EXTI9_5_IRQHandler
                0x0000000008004190                RTC_WKUP_IRQHandler
                0x0000000008004190                ETH_WKUP_IRQHandler
                0x0000000008004190                SPI2_IRQHandler
                0x0000000008004190                OTG_HS_EP1_IN_IRQHandler
                0x0000000008004190                DMA1_Stream0_IRQHandler
                0x0000000008004190                CAN1_TX_IRQHandler
                0x0000000008004190                EXTI4_IRQHandler
                0x0000000008004190                FSMC_IRQHandler
                0x0000000008004190                ETH_IRQHandler
                0x0000000008004190                OTG_HS_EP1_OUT_IRQHandler
                0x0000000008004190                WWDG_IRQHandler
                0x0000000008004190                OTG_FS_WKUP_IRQHandler
                0x0000000008004190                TIM1_TRG_COM_TIM11_IRQHandler
                0x0000000008004190                OTG_HS_IRQHandler
                0x0000000008004190                EXTI1_IRQHandler
                0x0000000008004190                USART2_IRQHandler
                0x0000000008004190                I2C2_ER_IRQHandler
                0x0000000008004190                DMA2_Stream1_IRQHandler
                0x0000000008004190                CAN1_SCE_IRQHandler
                0x0000000008004190                FLASH_IRQHandler
                0x0000000008004190                DMA2_Stream4_IRQHandler
                0x0000000008004190                OTG_FS_IRQHandler
                0x0000000008004190                SPI3_IRQHandler
                0x0000000008004190                DMA1_Stream4_IRQHandler
                0x0000000008004190                I2C1_ER_IRQHandler
                0x0000000008004190                DMA2_Stream6_IRQHandler
                0x0000000008004190                DMA1_Stream3_IRQHandler
 *fill*         0x0000000008004192        0x2 
 .text.HAL_Init
                0x0000000008004194       0x44 ./Drivers/STM32F4xx_HAL_Driver/Src/stm32f4xx_hal.o
                0x0000000008004194                HAL_Init
 .text.HAL_InitTick
                0x00000000080041d8       0x60 ./Drivers/STM32F4xx_HAL_Driver/Src/stm32f4xx_hal.o
                0x00000000080041d8                HAL_InitTick
 .text.HAL_IncTick
                0x0000000008004238       0x28 ./Drivers/STM32F4xx_HAL_Driver/Src/stm32f4xx_hal.o
                0x0000000008004238                HAL_IncTick
 .text.HAL_GetTick
                0x0000000008004260       0x18 ./Drivers/STM32F4xx_HAL_Driver/Src/stm32f4xx_hal.o
                0x0000000008004260                HAL_GetTick
 .text.HAL_Delay
                0x0000000008004278       0x48 ./Drivers/STM32F4xx_HAL_Driver/Src/stm32f4xx_hal.o
                0x0000000008004278                HAL_Delay
 .text.HAL_ADC_Init
                0x00000000080042c0       0x86 ./Drivers/STM32F4xx_HAL_Driver/Src/stm32f4xx_hal_adc.o
                0x00000000080042c0                HAL_ADC_Init
 *fill*         0x0000000008004346        0x2 
 .text.HAL_ADC_Start_DMA
                0x0000000008004348      0x220 ./Drivers/STM32F4xx_HAL_Driver/Src/stm32f4xx_hal_adc.o
                0x0000000008004348                HAL_ADC_Start_DMA
 .text.HAL_ADC_ConvCpltCallback
                0x0000000008004568       0x14 ./Drivers/STM32F4xx_HAL_Driver/Src/stm32f4xx_hal_adc.o
                0x0000000008004568                HAL_ADC_ConvCpltCallback
 .text.HAL_ADC_ConvHalfCpltCallback
                0x000000000800457c       0x14 ./Drivers/STM32F4xx_HAL_Driver/Src/stm32f4xx_hal_adc.o
                0x000000000800457c                HAL_ADC_ConvHalfCpltCallback
 .text.HAL_ADC_ErrorCallback
                0x0000000008004590       0x14 ./Drivers/STM32F4xx_HAL_Driver/Src/stm32f4xx_hal_adc.o
                0x0000000008004590                HAL_ADC_ErrorCallback
 .text.HAL_ADC_ConfigChannel
                0x00000000080045a4      0x244 ./Drivers/STM32F4xx_HAL_Driver/Src/stm32f4xx_hal_adc.o
                0x00000000080045a4                HAL_ADC_ConfigChannel
 .text.ADC_Init
                0x00000000080047e8      0x1f8 ./Drivers/STM32F4xx_HAL_Driver/Src/stm32f4xx_hal_adc.o
 .text.ADC_DMAConvCplt
                0x00000000080049e0       0xba ./Drivers/STM32F4xx_HAL_Driver/Src/stm32f4xx_hal_adc.o
 .text.ADC_DMAHalfConvCplt
                0x0000000008004a9a       0x1c ./Drivers/STM32F4xx_HAL_Driver/Src/stm32f4xx_hal_adc.o
 .text.ADC_DMAError
                0x0000000008004ab6       0x2e ./Drivers/STM32F4xx_HAL_Driver/Src/stm32f4xx_hal_adc.o
 .text.__NVIC_SetPriorityGrouping
                0x0000000008004ae4       0x48 ./Drivers/STM32F4xx_HAL_Driver/Src/stm32f4xx_hal_cortex.o
 .text.__NVIC_GetPriorityGrouping
                0x0000000008004b2c       0x1c ./Drivers/STM32F4xx_HAL_Driver/Src/stm32f4xx_hal_cortex.o
 .text.__NVIC_EnableIRQ
                0x0000000008004b48       0x3c ./Drivers/STM32F4xx_HAL_Driver/Src/stm32f4xx_hal_cortex.o
 .text.__NVIC_SetPriority
                0x0000000008004b84       0x54 ./Drivers/STM32F4xx_HAL_Driver/Src/stm32f4xx_hal_cortex.o
 .text.NVIC_EncodePriority
                0x0000000008004bd8       0x66 ./Drivers/STM32F4xx_HAL_Driver/Src/stm32f4xx_hal_cortex.o
 *fill*         0x0000000008004c3e        0x2 
 .text.SysTick_Config
                0x0000000008004c40       0x44 ./Drivers/STM32F4xx_HAL_Driver/Src/stm32f4xx_hal_cortex.o
 .text.HAL_NVIC_SetPriorityGrouping
                0x0000000008004c84       0x16 ./Drivers/STM32F4xx_HAL_Driver/Src/stm32f4xx_hal_cortex.o
                0x0000000008004c84                HAL_NVIC_SetPriorityGrouping
 .text.HAL_NVIC_SetPriority
                0x0000000008004c9a       0x38 ./Drivers/STM32F4xx_HAL_Driver/Src/stm32f4xx_hal_cortex.o
                0x0000000008004c9a                HAL_NVIC_SetPriority
 .text.HAL_NVIC_EnableIRQ
                0x0000000008004cd2       0x1c ./Drivers/STM32F4xx_HAL_Driver/Src/stm32f4xx_hal_cortex.o
                0x0000000008004cd2                HAL_NVIC_EnableIRQ
 .text.HAL_SYSTICK_Config
                0x0000000008004cee       0x18 ./Drivers/STM32F4xx_HAL_Driver/Src/stm32f4xx_hal_cortex.o
                0x0000000008004cee                HAL_SYSTICK_Config
 *fill*         0x0000000008004d06        0x2 
 .text.HAL_DMA_Init
                0x0000000008004d08      0x15c ./Drivers/STM32F4xx_HAL_Driver/Src/stm32f4xx_hal_dma.o
                0x0000000008004d08                HAL_DMA_Init
 .text.HAL_DMA_Start_IT
                0x0000000008004e64       0xb0 ./Drivers/STM32F4xx_HAL_Driver/Src/stm32f4xx_hal_dma.o
                0x0000000008004e64                HAL_DMA_Start_IT
 .text.HAL_DMA_Abort
                0x0000000008004f14       0xe0 ./Drivers/STM32F4xx_HAL_Driver/Src/stm32f4xx_hal_dma.o
                0x0000000008004f14                HAL_DMA_Abort
 .text.HAL_DMA_Abort_IT
                0x0000000008004ff4       0x44 ./Drivers/STM32F4xx_HAL_Driver/Src/stm32f4xx_hal_dma.o
                0x0000000008004ff4                HAL_DMA_Abort_IT
 .text.HAL_DMA_IRQHandler
                0x0000000008005038      0x314 ./Drivers/STM32F4xx_HAL_Driver/Src/stm32f4xx_hal_dma.o
                0x0000000008005038                HAL_DMA_IRQHandler
 .text.DMA_SetConfig
                0x000000000800534c       0x5c ./Drivers/STM32F4xx_HAL_Driver/Src/stm32f4xx_hal_dma.o
 .text.DMA_CalcBaseAndBitshift
                0x00000000080053a8       0x6c ./Drivers/STM32F4xx_HAL_Driver/Src/stm32f4xx_hal_dma.o
 .text.DMA_CheckFifoParam
                0x0000000008005414       0xf8 ./Drivers/STM32F4xx_HAL_Driver/Src/stm32f4xx_hal_dma.o
 .text.HAL_GPIO_Init
                0x000000000800550c      0x338 ./Drivers/STM32F4xx_HAL_Driver/Src/stm32f4xx_hal_gpio.o
                0x000000000800550c                HAL_GPIO_Init
 .text.HAL_GPIO_WritePin
                0x0000000008005844       0x32 ./Drivers/STM32F4xx_HAL_Driver/Src/stm32f4xx_hal_gpio.o
                0x0000000008005844                HAL_GPIO_WritePin
 *fill*         0x0000000008005876        0x2 
 .text.HAL_I2C_Init
                0x0000000008005878      0x288 ./Drivers/STM32F4xx_HAL_Driver/Src/stm32f4xx_hal_i2c.o
                0x0000000008005878                HAL_I2C_Init
 .text.HAL_I2C_Mem_Write
                0x0000000008005b00      0x1f4 ./Drivers/STM32F4xx_HAL_Driver/Src/stm32f4xx_hal_i2c.o
                0x0000000008005b00                HAL_I2C_Mem_Write
 .text.HAL_I2C_Mem_Read
                0x0000000008005cf4      0x44c ./Drivers/STM32F4xx_HAL_Driver/Src/stm32f4xx_hal_i2c.o
                0x0000000008005cf4                HAL_I2C_Mem_Read
 .text.I2C_RequestMemoryWrite
                0x0000000008006140      0x12c ./Drivers/STM32F4xx_HAL_Driver/Src/stm32f4xx_hal_i2c.o
 .text.I2C_RequestMemoryRead
                0x000000000800626c      0x1d0 ./Drivers/STM32F4xx_HAL_Driver/Src/stm32f4xx_hal_i2c.o
 .text.I2C_WaitOnFlagUntilTimeout
                0x000000000800643c       0xae ./Drivers/STM32F4xx_HAL_Driver/Src/stm32f4xx_hal_i2c.o
 .text.I2C_WaitOnMasterAddressFlagUntilTimeout
                0x00000000080064ea       0xfe ./Drivers/STM32F4xx_HAL_Driver/Src/stm32f4xx_hal_i2c.o
 .text.I2C_WaitOnTXEFlagUntilTimeout
                0x00000000080065e8       0x82 ./Drivers/STM32F4xx_HAL_Driver/Src/stm32f4xx_hal_i2c.o
 .text.I2C_WaitOnBTFFlagUntilTimeout
                0x000000000800666a       0x82 ./Drivers/STM32F4xx_HAL_Driver/Src/stm32f4xx_hal_i2c.o
 .text.I2C_WaitOnRXNEFlagUntilTimeout
                0x00000000080066ec       0xac ./Drivers/STM32F4xx_HAL_Driver/Src/stm32f4xx_hal_i2c.o
 .text.I2C_IsAcknowledgeFailed
                0x0000000008006798       0x5e ./Drivers/STM32F4xx_HAL_Driver/Src/stm32f4xx_hal_i2c.o
 *fill*         0x00000000080067f6        0x2 
 .text.HAL_RCC_OscConfig
                0x00000000080067f8      0x4f0 ./Drivers/STM32F4xx_HAL_Driver/Src/stm32f4xx_hal_rcc.o
                0x00000000080067f8                HAL_RCC_OscConfig
 .text.HAL_RCC_ClockConfig
                0x0000000008006ce8      0x1cc ./Drivers/STM32F4xx_HAL_Driver/Src/stm32f4xx_hal_rcc.o
                0x0000000008006ce8                HAL_RCC_ClockConfig
 .text.HAL_RCC_GetSysClockFreq
                0x0000000008006eb4      0x20c ./Drivers/STM32F4xx_HAL_Driver/Src/stm32f4xx_hal_rcc.o
                0x0000000008006eb4                HAL_RCC_GetSysClockFreq
 .text.HAL_RCC_GetHCLKFreq
                0x00000000080070c0       0x18 ./Drivers/STM32F4xx_HAL_Driver/Src/stm32f4xx_hal_rcc.o
                0x00000000080070c0                HAL_RCC_GetHCLKFreq
 .text.HAL_RCC_GetPCLK1Freq
                0x00000000080070d8       0x28 ./Drivers/STM32F4xx_HAL_Driver/Src/stm32f4xx_hal_rcc.o
                0x00000000080070d8                HAL_RCC_GetPCLK1Freq
 .text.HAL_RCC_GetPCLK2Freq
                0x0000000008007100       0x28 ./Drivers/STM32F4xx_HAL_Driver/Src/stm32f4xx_hal_rcc.o
                0x0000000008007100                HAL_RCC_GetPCLK2Freq
 .text.HAL_SPI_Init
                0x0000000008007128      0x112 ./Drivers/STM32F4xx_HAL_Driver/Src/stm32f4xx_hal_spi.o
                0x0000000008007128                HAL_SPI_Init
 .text.HAL_SPI_Receive
                0x000000000800723a      0x222 ./Drivers/STM32F4xx_HAL_Driver/Src/stm32f4xx_hal_spi.o
                0x000000000800723a                HAL_SPI_Receive
 .text.HAL_SPI_TransmitReceive
                0x000000000800745c      0x344 ./Drivers/STM32F4xx_HAL_Driver/Src/stm32f4xx_hal_spi.o
                0x000000000800745c                HAL_SPI_TransmitReceive
 .text.SPI_WaitFlagStateUntilTimeout
                0x00000000080077a0      0x110 ./Drivers/STM32F4xx_HAL_Driver/Src/stm32f4xx_hal_spi.o
 .text.SPI_EndRxTransaction
                0x00000000080078b0       0xca ./Drivers/STM32F4xx_HAL_Driver/Src/stm32f4xx_hal_spi.o
 *fill*         0x000000000800797a        0x2 
 .text.SPI_EndRxTxTransaction
                0x000000000800797c       0x84 ./Drivers/STM32F4xx_HAL_Driver/Src/stm32f4xx_hal_spi.o
 .text.HAL_SRAM_Init
                0x0000000008007a00       0x90 ./Drivers/STM32F4xx_HAL_Driver/Src/stm32f4xx_hal_sram.o
                0x0000000008007a00                HAL_SRAM_Init
 .text.HAL_TIM_Base_Init
                0x0000000008007a90       0x9e ./Drivers/STM32F4xx_HAL_Driver/Src/stm32f4xx_hal_tim.o
                0x0000000008007a90                HAL_TIM_Base_Init
 *fill*         0x0000000008007b2e        0x2 
 .text.HAL_TIM_Base_Start_IT
                0x0000000008007b30       0xe0 ./Drivers/STM32F4xx_HAL_Driver/Src/stm32f4xx_hal_tim.o
                0x0000000008007b30                HAL_TIM_Base_Start_IT
 .text.HAL_TIM_PWM_Init
                0x0000000008007c10       0x9e ./Drivers/STM32F4xx_HAL_Driver/Src/stm32f4xx_hal_tim.o
                0x0000000008007c10                HAL_TIM_PWM_Init
 .text.HAL_TIM_PWM_MspInit
                0x0000000008007cae       0x14 ./Drivers/STM32F4xx_HAL_Driver/Src/stm32f4xx_hal_tim.o
                0x0000000008007cae                HAL_TIM_PWM_MspInit
 *fill*         0x0000000008007cc2        0x2 
 .text.HAL_TIM_PWM_Start
                0x0000000008007cc4      0x190 ./Drivers/STM32F4xx_HAL_Driver/Src/stm32f4xx_hal_tim.o
                0x0000000008007cc4                HAL_TIM_PWM_Start
 .text.HAL_TIM_IRQHandler
                0x0000000008007e54      0x210 ./Drivers/STM32F4xx_HAL_Driver/Src/stm32f4xx_hal_tim.o
                0x0000000008007e54                HAL_TIM_IRQHandler
 .text.HAL_TIM_PWM_ConfigChannel
                0x0000000008008064      0x184 ./Drivers/STM32F4xx_HAL_Driver/Src/stm32f4xx_hal_tim.o
                0x0000000008008064                HAL_TIM_PWM_ConfigChannel
 .text.HAL_TIM_ConfigClockSource
                0x00000000080081e8      0x18e ./Drivers/STM32F4xx_HAL_Driver/Src/stm32f4xx_hal_tim.o
                0x00000000080081e8                HAL_TIM_ConfigClockSource
 .text.HAL_TIM_OC_DelayElapsedCallback
                0x0000000008008376       0x14 ./Drivers/STM32F4xx_HAL_Driver/Src/stm32f4xx_hal_tim.o
                0x0000000008008376                HAL_TIM_OC_DelayElapsedCallback
 .text.HAL_TIM_IC_CaptureCallback
                0x000000000800838a       0x14 ./Drivers/STM32F4xx_HAL_Driver/Src/stm32f4xx_hal_tim.o
                0x000000000800838a                HAL_TIM_IC_CaptureCallback
 .text.HAL_TIM_PWM_PulseFinishedCallback
                0x000000000800839e       0x14 ./Drivers/STM32F4xx_HAL_Driver/Src/stm32f4xx_hal_tim.o
                0x000000000800839e                HAL_TIM_PWM_PulseFinishedCallback
 .text.HAL_TIM_TriggerCallback
                0x00000000080083b2       0x14 ./Drivers/STM32F4xx_HAL_Driver/Src/stm32f4xx_hal_tim.o
                0x00000000080083b2                HAL_TIM_TriggerCallback
 *fill*         0x00000000080083c6        0x2 
 .text.TIM_Base_SetConfig
                0x00000000080083c8      0x140 ./Drivers/STM32F4xx_HAL_Driver/Src/stm32f4xx_hal_tim.o
                0x00000000080083c8                TIM_Base_SetConfig
 .text.TIM_OC1_SetConfig
                0x0000000008008508       0xe0 ./Drivers/STM32F4xx_HAL_Driver/Src/stm32f4xx_hal_tim.o
 .text.TIM_OC2_SetConfig
                0x00000000080085e8       0xec ./Drivers/STM32F4xx_HAL_Driver/Src/stm32f4xx_hal_tim.o
                0x00000000080085e8                TIM_OC2_SetConfig
 .text.TIM_OC3_SetConfig
                0x00000000080086d4       0xe8 ./Drivers/STM32F4xx_HAL_Driver/Src/stm32f4xx_hal_tim.o
 .text.TIM_OC4_SetConfig
                0x00000000080087bc       0xac ./Drivers/STM32F4xx_HAL_Driver/Src/stm32f4xx_hal_tim.o
 .text.TIM_TI1_ConfigInputStage
                0x0000000008008868       0x5e ./Drivers/STM32F4xx_HAL_Driver/Src/stm32f4xx_hal_tim.o
 .text.TIM_TI2_ConfigInputStage
                0x00000000080088c6       0x60 ./Drivers/STM32F4xx_HAL_Driver/Src/stm32f4xx_hal_tim.o
 .text.TIM_ITRx_SetConfig
                0x0000000008008926       0x36 ./Drivers/STM32F4xx_HAL_Driver/Src/stm32f4xx_hal_tim.o
 .text.TIM_ETR_SetConfig
                0x000000000800895c       0x40 ./Drivers/STM32F4xx_HAL_Driver/Src/stm32f4xx_hal_tim.o
                0x000000000800895c                TIM_ETR_SetConfig
 .text.TIM_CCxChannelCmd
                0x000000000800899c       0x4a ./Drivers/STM32F4xx_HAL_Driver/Src/stm32f4xx_hal_tim.o
                0x000000000800899c                TIM_CCxChannelCmd
 *fill*         0x00000000080089e6        0x2 
 .text.HAL_TIMEx_MasterConfigSynchronization
                0x00000000080089e8       0xf8 ./Drivers/STM32F4xx_HAL_Driver/Src/stm32f4xx_hal_tim_ex.o
                0x00000000080089e8                HAL_TIMEx_MasterConfigSynchronization
 .text.HAL_TIMEx_CommutCallback
                0x0000000008008ae0       0x14 ./Drivers/STM32F4xx_HAL_Driver/Src/stm32f4xx_hal_tim_ex.o
                0x0000000008008ae0                HAL_TIMEx_CommutCallback
 .text.HAL_TIMEx_BreakCallback
                0x0000000008008af4       0x14 ./Drivers/STM32F4xx_HAL_Driver/Src/stm32f4xx_hal_tim_ex.o
                0x0000000008008af4                HAL_TIMEx_BreakCallback
 .text.HAL_UART_Init
                0x0000000008008b08       0x9a ./Drivers/STM32F4xx_HAL_Driver/Src/stm32f4xx_hal_uart.o
                0x0000000008008b08                HAL_UART_Init
 .text.HAL_UART_Transmit
                0x0000000008008ba2      0x124 ./Drivers/STM32F4xx_HAL_Driver/Src/stm32f4xx_hal_uart.o
                0x0000000008008ba2                HAL_UART_Transmit
 .text.HAL_UART_Receive_IT
                0x0000000008008cc6       0x60 ./Drivers/STM32F4xx_HAL_Driver/Src/stm32f4xx_hal_uart.o
                0x0000000008008cc6                HAL_UART_Receive_IT
 *fill*         0x0000000008008d26        0x2 
 .text.HAL_UART_IRQHandler
                0x0000000008008d28      0x51c ./Drivers/STM32F4xx_HAL_Driver/Src/stm32f4xx_hal_uart.o
                0x0000000008008d28                HAL_UART_IRQHandler
 .text.HAL_UART_TxCpltCallback
                0x0000000008009244       0x14 ./Drivers/STM32F4xx_HAL_Driver/Src/stm32f4xx_hal_uart.o
                0x0000000008009244                HAL_UART_TxCpltCallback
 .text.HAL_UART_ErrorCallback
                0x0000000008009258       0x14 ./Drivers/STM32F4xx_HAL_Driver/Src/stm32f4xx_hal_uart.o
                0x0000000008009258                HAL_UART_ErrorCallback
 .text.HAL_UARTEx_RxEventCallback
                0x000000000800926c       0x18 ./Drivers/STM32F4xx_HAL_Driver/Src/stm32f4xx_hal_uart.o
                0x000000000800926c                HAL_UARTEx_RxEventCallback
 .text.UART_WaitOnFlagUntilTimeout
                0x0000000008009284       0xdc ./Drivers/STM32F4xx_HAL_Driver/Src/stm32f4xx_hal_uart.o
 .text.UART_Start_Receive_IT
                0x0000000008009360       0x7c ./Drivers/STM32F4xx_HAL_Driver/Src/stm32f4xx_hal_uart.o
                0x0000000008009360                UART_Start_Receive_IT
 .text.UART_EndRxTransfer
                0x00000000080093dc       0xc6 ./Drivers/STM32F4xx_HAL_Driver/Src/stm32f4xx_hal_uart.o
 .text.UART_DMAAbortOnError
                0x00000000080094a2       0x28 ./Drivers/STM32F4xx_HAL_Driver/Src/stm32f4xx_hal_uart.o
 .text.UART_Transmit_IT
                0x00000000080094ca       0xa0 ./Drivers/STM32F4xx_HAL_Driver/Src/stm32f4xx_hal_uart.o
 .text.UART_EndTransmit_IT
                0x000000000800956a       0x30 ./Drivers/STM32F4xx_HAL_Driver/Src/stm32f4xx_hal_uart.o
 .text.UART_Receive_IT
                0x000000000800959a      0x176 ./Drivers/STM32F4xx_HAL_Driver/Src/stm32f4xx_hal_uart.o
 .text.UART_SetConfig
                0x0000000008009710      0x4e8 ./Drivers/STM32F4xx_HAL_Driver/Src/stm32f4xx_hal_uart.o
 .text.FSMC_NORSRAM_Init
                0x0000000008009bf8       0xd4 ./Drivers/STM32F4xx_HAL_Driver/Src/stm32f4xx_ll_fsmc.o
                0x0000000008009bf8                FSMC_NORSRAM_Init
 .text.FSMC_NORSRAM_Timing_Init
                0x0000000008009ccc       0x6a ./Drivers/STM32F4xx_HAL_Driver/Src/stm32f4xx_ll_fsmc.o
                0x0000000008009ccc                FSMC_NORSRAM_Timing_Init
 *fill*         0x0000000008009d36        0x2 
 .text.FSMC_NORSRAM_Extended_Timing_Init
                0x0000000008009d38       0x70 ./Drivers/STM32F4xx_HAL_Driver/Src/stm32f4xx_ll_fsmc.o
                0x0000000008009d38                FSMC_NORSRAM_Extended_Timing_Init
 .text.sprintf  0x0000000008009da8       0x40 D:/STM32/stm32cubeide/STM32CubeIDE_1.13.0/STM32CubeIDE/plugins/com.st.stm32cube.ide.mcu.externaltools.gnu-tools-for-stm32.11.3.rel1.win32_1.1.0.202305231506/tools/bin/../lib/gcc/arm-none-eabi/11.3.1/../../../../arm-none-eabi/lib/thumb/v7e-m+fp/hard\libc_nano.a(libc_a-sprintf.o)
                0x0000000008009da8                siprintf
                0x0000000008009da8                sprintf
 .text.memset   0x0000000008009de8       0x10 D:/STM32/stm32cubeide/STM32CubeIDE_1.13.0/STM32CubeIDE/plugins/com.st.stm32cube.ide.mcu.externaltools.gnu-tools-for-stm32.11.3.rel1.win32_1.1.0.202305231506/tools/bin/../lib/gcc/arm-none-eabi/11.3.1/../../../../arm-none-eabi/lib/thumb/v7e-m+fp/hard\libc_nano.a(libc_a-memset.o)
                0x0000000008009de8                memset
 .text.__errno  0x0000000008009df8        0xc D:/STM32/stm32cubeide/STM32CubeIDE_1.13.0/STM32CubeIDE/plugins/com.st.stm32cube.ide.mcu.externaltools.gnu-tools-for-stm32.11.3.rel1.win32_1.1.0.202305231506/tools/bin/../lib/gcc/arm-none-eabi/11.3.1/../../../../arm-none-eabi/lib/thumb/v7e-m+fp/hard\libc_nano.a(libc_a-errno.o)
                0x0000000008009df8                __errno
 .text.__libc_init_array
                0x0000000008009e04       0x48 D:/STM32/stm32cubeide/STM32CubeIDE_1.13.0/STM32CubeIDE/plugins/com.st.stm32cube.ide.mcu.externaltools.gnu-tools-for-stm32.11.3.rel1.win32_1.1.0.202305231506/tools/bin/../lib/gcc/arm-none-eabi/11.3.1/../../../../arm-none-eabi/lib/thumb/v7e-m+fp/hard\libc_nano.a(libc_a-init.o)
                0x0000000008009e04                __libc_init_array
 .text.__retarget_lock_acquire_recursive
                0x0000000008009e4c        0x2 D:/STM32/stm32cubeide/STM32CubeIDE_1.13.0/STM32CubeIDE/plugins/com.st.stm32cube.ide.mcu.externaltools.gnu-tools-for-stm32.11.3.rel1.win32_1.1.0.202305231506/tools/bin/../lib/gcc/arm-none-eabi/11.3.1/../../../../arm-none-eabi/lib/thumb/v7e-m+fp/hard\libc_nano.a(libc_a-lock.o)
                0x0000000008009e4c                __retarget_lock_acquire_recursive
 .text.__retarget_lock_release_recursive
                0x0000000008009e4e        0x2 D:/STM32/stm32cubeide/STM32CubeIDE_1.13.0/STM32CubeIDE/plugins/com.st.stm32cube.ide.mcu.externaltools.gnu-tools-for-stm32.11.3.rel1.win32_1.1.0.202305231506/tools/bin/../lib/gcc/arm-none-eabi/11.3.1/../../../../arm-none-eabi/lib/thumb/v7e-m+fp/hard\libc_nano.a(libc_a-lock.o)
                0x0000000008009e4e                __retarget_lock_release_recursive
 .text._free_r  0x0000000008009e50       0x98 D:/STM32/stm32cubeide/STM32CubeIDE_1.13.0/STM32CubeIDE/plugins/com.st.stm32cube.ide.mcu.externaltools.gnu-tools-for-stm32.11.3.rel1.win32_1.1.0.202305231506/tools/bin/../lib/gcc/arm-none-eabi/11.3.1/../../../../arm-none-eabi/lib/thumb/v7e-m+fp/hard\libc_nano.a(libc_a-freer.o)
                0x0000000008009e50                _free_r
 .text.sbrk_aligned
                0x0000000008009ee8       0x40 D:/STM32/stm32cubeide/STM32CubeIDE_1.13.0/STM32CubeIDE/plugins/com.st.stm32cube.ide.mcu.externaltools.gnu-tools-for-stm32.11.3.rel1.win32_1.1.0.202305231506/tools/bin/../lib/gcc/arm-none-eabi/11.3.1/../../../../arm-none-eabi/lib/thumb/v7e-m+fp/hard\libc_nano.a(libc_a-mallocr.o)
 .text._malloc_r
                0x0000000008009f28      0x100 D:/STM32/stm32cubeide/STM32CubeIDE_1.13.0/STM32CubeIDE/plugins/com.st.stm32cube.ide.mcu.externaltools.gnu-tools-for-stm32.11.3.rel1.win32_1.1.0.202305231506/tools/bin/../lib/gcc/arm-none-eabi/11.3.1/../../../../arm-none-eabi/lib/thumb/v7e-m+fp/hard\libc_nano.a(libc_a-mallocr.o)
                0x0000000008009f28                _malloc_r
 .text.__malloc_lock
                0x000000000800a028        0xc D:/STM32/stm32cubeide/STM32CubeIDE_1.13.0/STM32CubeIDE/plugins/com.st.stm32cube.ide.mcu.externaltools.gnu-tools-for-stm32.11.3.rel1.win32_1.1.0.202305231506/tools/bin/../lib/gcc/arm-none-eabi/11.3.1/../../../../arm-none-eabi/lib/thumb/v7e-m+fp/hard\libc_nano.a(libc_a-mlock.o)
                0x000000000800a028                __malloc_lock
 .text.__malloc_unlock
                0x000000000800a034        0xc D:/STM32/stm32cubeide/STM32CubeIDE_1.13.0/STM32CubeIDE/plugins/com.st.stm32cube.ide.mcu.externaltools.gnu-tools-for-stm32.11.3.rel1.win32_1.1.0.202305231506/tools/bin/../lib/gcc/arm-none-eabi/11.3.1/../../../../arm-none-eabi/lib/thumb/v7e-m+fp/hard\libc_nano.a(libc_a-mlock.o)
                0x000000000800a034                __malloc_unlock
 .text.__ssputs_r
                0x000000000800a040       0xb4 D:/STM32/stm32cubeide/STM32CubeIDE_1.13.0/STM32CubeIDE/plugins/com.st.stm32cube.ide.mcu.externaltools.gnu-tools-for-stm32.11.3.rel1.win32_1.1.0.202305231506/tools/bin/../lib/gcc/arm-none-eabi/11.3.1/../../../../arm-none-eabi/lib/thumb/v7e-m+fp/hard\libc_nano.a(libc_a-nano-svfprintf.o)
                0x000000000800a040                __ssputs_r
 .text._svfprintf_r
                0x000000000800a0f4      0x1fc D:/STM32/stm32cubeide/STM32CubeIDE_1.13.0/STM32CubeIDE/plugins/com.st.stm32cube.ide.mcu.externaltools.gnu-tools-for-stm32.11.3.rel1.win32_1.1.0.202305231506/tools/bin/../lib/gcc/arm-none-eabi/11.3.1/../../../../arm-none-eabi/lib/thumb/v7e-m+fp/hard\libc_nano.a(libc_a-nano-svfprintf.o)
                0x000000000800a0f4                _svfiprintf_r
                0x000000000800a0f4                _svfprintf_r
 .text._printf_common
                0x000000000800a2f0       0xda D:/STM32/stm32cubeide/STM32CubeIDE_1.13.0/STM32CubeIDE/plugins/com.st.stm32cube.ide.mcu.externaltools.gnu-tools-for-stm32.11.3.rel1.win32_1.1.0.202305231506/tools/bin/../lib/gcc/arm-none-eabi/11.3.1/../../../../arm-none-eabi/lib/thumb/v7e-m+fp/hard\libc_nano.a(libc_a-nano-vfprintf_i.o)
                0x000000000800a2f0                _printf_common
 *fill*         0x000000000800a3ca        0x2 
 .text._printf_i
                0x000000000800a3cc      0x244 D:/STM32/stm32cubeide/STM32CubeIDE_1.13.0/STM32CubeIDE/plugins/com.st.stm32cube.ide.mcu.externaltools.gnu-tools-for-stm32.11.3.rel1.win32_1.1.0.202305231506/tools/bin/../lib/gcc/arm-none-eabi/11.3.1/../../../../arm-none-eabi/lib/thumb/v7e-m+fp/hard\libc_nano.a(libc_a-nano-vfprintf_i.o)
                0x000000000800a3cc                _printf_i
 .text.memmove  0x000000000800a610       0x34 D:/STM32/stm32cubeide/STM32CubeIDE_1.13.0/STM32CubeIDE/plugins/com.st.stm32cube.ide.mcu.externaltools.gnu-tools-for-stm32.11.3.rel1.win32_1.1.0.202305231506/tools/bin/../lib/gcc/arm-none-eabi/11.3.1/../../../../arm-none-eabi/lib/thumb/v7e-m+fp/hard\libc_nano.a(libc_a-memmove.o)
                0x000000000800a610                memmove
 .text._sbrk_r  0x000000000800a644       0x20 D:/STM32/stm32cubeide/STM32CubeIDE_1.13.0/STM32CubeIDE/plugins/com.st.stm32cube.ide.mcu.externaltools.gnu-tools-for-stm32.11.3.rel1.win32_1.1.0.202305231506/tools/bin/../lib/gcc/arm-none-eabi/11.3.1/../../../../arm-none-eabi/lib/thumb/v7e-m+fp/hard\libc_nano.a(libc_a-sbrkr.o)
                0x000000000800a644                _sbrk_r
 .text.memcpy   0x000000000800a664       0x1c D:/STM32/stm32cubeide/STM32CubeIDE_1.13.0/STM32CubeIDE/plugins/com.st.stm32cube.ide.mcu.externaltools.gnu-tools-for-stm32.11.3.rel1.win32_1.1.0.202305231506/tools/bin/../lib/gcc/arm-none-eabi/11.3.1/../../../../arm-none-eabi/lib/thumb/v7e-m+fp/hard\libc_nano.a(libc_a-memcpy-stub.o)
                0x000000000800a664                memcpy
 .text._realloc_r
                0x000000000800a680       0x5e D:/STM32/stm32cubeide/STM32CubeIDE_1.13.0/STM32CubeIDE/plugins/com.st.stm32cube.ide.mcu.externaltools.gnu-tools-for-stm32.11.3.rel1.win32_1.1.0.202305231506/tools/bin/../lib/gcc/arm-none-eabi/11.3.1/../../../../arm-none-eabi/lib/thumb/v7e-m+fp/hard\libc_nano.a(libc_a-reallocr.o)
                0x000000000800a680                _realloc_r
 .text._malloc_usable_size_r
                0x000000000800a6de       0x10 D:/STM32/stm32cubeide/STM32CubeIDE_1.13.0/STM32CubeIDE/plugins/com.st.stm32cube.ide.mcu.externaltools.gnu-tools-for-stm32.11.3.rel1.win32_1.1.0.202305231506/tools/bin/../lib/gcc/arm-none-eabi/11.3.1/../../../../arm-none-eabi/lib/thumb/v7e-m+fp/hard\libc_nano.a(libc_a-msizer.o)
                0x000000000800a6de                _malloc_usable_size_r
 *(.glue_7)
 .glue_7        0x000000000800a6ee        0x0 linker stubs
 *(.glue_7t)
 .glue_7t       0x000000000800a6ee        0x0 linker stubs
 *(.eh_frame)
 *fill*         0x000000000800a6ee        0x2 
 .eh_frame      0x000000000800a6f0        0x0 D:/STM32/stm32cubeide/STM32CubeIDE_1.13.0/STM32CubeIDE/plugins/com.st.stm32cube.ide.mcu.externaltools.gnu-tools-for-stm32.11.3.rel1.win32_1.1.0.202305231506/tools/bin/../lib/gcc/arm-none-eabi/11.3.1/thumb/v7e-m+fp/hard/crtbegin.o
 *(.init)
 .init          0x000000000800a6f0        0x4 D:/STM32/stm32cubeide/STM32CubeIDE_1.13.0/STM32CubeIDE/plugins/com.st.stm32cube.ide.mcu.externaltools.gnu-tools-for-stm32.11.3.rel1.win32_1.1.0.202305231506/tools/bin/../lib/gcc/arm-none-eabi/11.3.1/thumb/v7e-m+fp/hard/crti.o
                0x000000000800a6f0                _init
 .init          0x000000000800a6f4        0x8 D:/STM32/stm32cubeide/STM32CubeIDE_1.13.0/STM32CubeIDE/plugins/com.st.stm32cube.ide.mcu.externaltools.gnu-tools-for-stm32.11.3.rel1.win32_1.1.0.202305231506/tools/bin/../lib/gcc/arm-none-eabi/11.3.1/thumb/v7e-m+fp/hard/crtn.o
 *(.fini)
 .fini          0x000000000800a6fc        0x4 D:/STM32/stm32cubeide/STM32CubeIDE_1.13.0/STM32CubeIDE/plugins/com.st.stm32cube.ide.mcu.externaltools.gnu-tools-for-stm32.11.3.rel1.win32_1.1.0.202305231506/tools/bin/../lib/gcc/arm-none-eabi/11.3.1/thumb/v7e-m+fp/hard/crti.o
                0x000000000800a6fc                _fini
 .fini          0x000000000800a700        0x8 D:/STM32/stm32cubeide/STM32CubeIDE_1.13.0/STM32CubeIDE/plugins/com.st.stm32cube.ide.mcu.externaltools.gnu-tools-for-stm32.11.3.rel1.win32_1.1.0.202305231506/tools/bin/../lib/gcc/arm-none-eabi/11.3.1/thumb/v7e-m+fp/hard/crtn.o
                0x000000000800a708                . = ALIGN (0x4)
                0x000000000800a708                _etext = .

.vfp11_veneer   0x000000000800a708        0x0
 .vfp11_veneer  0x000000000800a708        0x0 linker stubs

.v4_bx          0x000000000800a708        0x0
 .v4_bx         0x000000000800a708        0x0 linker stubs

.iplt           0x000000000800a708        0x0
 .iplt          0x000000000800a708        0x0 D:/STM32/stm32cubeide/STM32CubeIDE_1.13.0/STM32CubeIDE/plugins/com.st.stm32cube.ide.mcu.externaltools.gnu-tools-for-stm32.11.3.rel1.win32_1.1.0.202305231506/tools/bin/../lib/gcc/arm-none-eabi/11.3.1/thumb/v7e-m+fp/hard/crtbegin.o

.rodata         0x000000000800a708     0x30e0
                0x000000000800a708                . = ALIGN (0x4)
 *(.rodata)
 .rodata        0x000000000800a708       0x38 ./Core/Src/my_clock.o
 .rodata        0x000000000800a740       0x23 ./Core/Src/my_display.o
 *fill*         0x000000000800a763        0x1 
 .rodata        0x000000000800a764       0x99 ./Core/Src/system.o
 *fill*         0x000000000800a7fd        0x3 
 .rodata        0x000000000800a800       0x12 ./Core/Src/uart.o
 *(.rodata*)
 *fill*         0x000000000800a812        0x2 
 .rodata.ascii_1608
                0x000000000800a814      0x5f0 ./Core/Src/lcd.o
                0x000000000800a814                ascii_1608
 .rodata.ascii_2412
                0x000000000800ae04     0x11d0 ./Core/Src/lcd.o
                0x000000000800ae04                ascii_2412
 .rodata.ascii_3216
                0x000000000800bfd4     0x17c0 ./Core/Src/lcd.o
                0x000000000800bfd4                ascii_3216
 .rodata.AHBPrescTable
                0x000000000800d794       0x10 ./Core/Src/system_stm32f4xx.o
                0x000000000800d794                AHBPrescTable
 .rodata.APBPrescTable
                0x000000000800d7a4        0x8 ./Core/Src/system_stm32f4xx.o
                0x000000000800d7a4                APBPrescTable
 .rodata.flagBitshiftOffset.0
                0x000000000800d7ac        0x8 ./Drivers/STM32F4xx_HAL_Driver/Src/stm32f4xx_hal_dma.o
 .rodata._svfprintf_r.str1.1
                0x000000000800d7b4       0x11 D:/STM32/stm32cubeide/STM32CubeIDE_1.13.0/STM32CubeIDE/plugins/com.st.stm32cube.ide.mcu.externaltools.gnu-tools-for-stm32.11.3.rel1.win32_1.1.0.202305231506/tools/bin/../lib/gcc/arm-none-eabi/11.3.1/../../../../arm-none-eabi/lib/thumb/v7e-m+fp/hard\libc_nano.a(libc_a-nano-svfprintf.o)
 .rodata._printf_i.str1.1
                0x000000000800d7c5       0x22 D:/STM32/stm32cubeide/STM32CubeIDE_1.13.0/STM32CubeIDE/plugins/com.st.stm32cube.ide.mcu.externaltools.gnu-tools-for-stm32.11.3.rel1.win32_1.1.0.202305231506/tools/bin/../lib/gcc/arm-none-eabi/11.3.1/../../../../arm-none-eabi/lib/thumb/v7e-m+fp/hard\libc_nano.a(libc_a-nano-vfprintf_i.o)
                0x000000000800d7e8                . = ALIGN (0x4)
 *fill*         0x000000000800d7e7        0x1 

.ARM.extab      0x000000000800d7e8        0x0
                0x000000000800d7e8                . = ALIGN (0x4)
 *(.ARM.extab* .gnu.linkonce.armextab.*)
                0x000000000800d7e8                . = ALIGN (0x4)

.ARM            0x000000000800d7e8        0x8
                0x000000000800d7e8                . = ALIGN (0x4)
                0x000000000800d7e8                __exidx_start = .
 *(.ARM.exidx*)
 .ARM.exidx     0x000000000800d7e8        0x8 D:/STM32/stm32cubeide/STM32CubeIDE_1.13.0/STM32CubeIDE/plugins/com.st.stm32cube.ide.mcu.externaltools.gnu-tools-for-stm32.11.3.rel1.win32_1.1.0.202305231506/tools/bin/../lib/gcc/arm-none-eabi/11.3.1/thumb/v7e-m+fp/hard\libgcc.a(_udivmoddi4.o)
                0x000000000800d7f0                __exidx_end = .
                0x000000000800d7f0                . = ALIGN (0x4)

.rel.dyn        0x000000000800d7f0        0x0
 .rel.iplt      0x000000000800d7f0        0x0 D:/STM32/stm32cubeide/STM32CubeIDE_1.13.0/STM32CubeIDE/plugins/com.st.stm32cube.ide.mcu.externaltools.gnu-tools-for-stm32.11.3.rel1.win32_1.1.0.202305231506/tools/bin/../lib/gcc/arm-none-eabi/11.3.1/thumb/v7e-m+fp/hard/crtbegin.o

.preinit_array  0x000000000800d7f0        0x0
                0x000000000800d7f0                . = ALIGN (0x4)
                0x000000000800d7f0                PROVIDE (__preinit_array_start = .)
 *(.preinit_array*)
                0x000000000800d7f0                PROVIDE (__preinit_array_end = .)
                0x000000000800d7f0                . = ALIGN (0x4)

.init_array     0x000000000800d7f0        0x4
                0x000000000800d7f0                . = ALIGN (0x4)
                0x000000000800d7f0                PROVIDE (__init_array_start = .)
 *(SORT_BY_NAME(.init_array.*))
 *(.init_array*)
 .init_array    0x000000000800d7f0        0x4 D:/STM32/stm32cubeide/STM32CubeIDE_1.13.0/STM32CubeIDE/plugins/com.st.stm32cube.ide.mcu.externaltools.gnu-tools-for-stm32.11.3.rel1.win32_1.1.0.202305231506/tools/bin/../lib/gcc/arm-none-eabi/11.3.1/thumb/v7e-m+fp/hard/crtbegin.o
                0x000000000800d7f4                PROVIDE (__init_array_end = .)
                0x000000000800d7f4                . = ALIGN (0x4)

.fini_array     0x000000000800d7f4        0x4
                0x000000000800d7f4                . = ALIGN (0x4)
                [!provide]                        PROVIDE (__fini_array_start = .)
 *(SORT_BY_NAME(.fini_array.*))
 *(.fini_array*)
 .fini_array    0x000000000800d7f4        0x4 D:/STM32/stm32cubeide/STM32CubeIDE_1.13.0/STM32CubeIDE/plugins/com.st.stm32cube.ide.mcu.externaltools.gnu-tools-for-stm32.11.3.rel1.win32_1.1.0.202305231506/tools/bin/../lib/gcc/arm-none-eabi/11.3.1/thumb/v7e-m+fp/hard/crtbegin.o
                [!provide]                        PROVIDE (__fini_array_end = .)
                0x000000000800d7f8                . = ALIGN (0x4)
                0x000000000800d7f8                _sidata = LOADADDR (.data)

.data           0x0000000020000000       0x70 load address 0x000000000800d7f8
                0x0000000020000000                . = ALIGN (0x4)
                0x0000000020000000                _sdata = .
 *(.data)
 *(.data*)
 .data.buf_sec  0x0000000020000000        0x1 ./Core/Src/my_clock.o
                0x0000000020000000                buf_sec
 .data.buf_min  0x0000000020000001        0x1 ./Core/Src/my_clock.o
                0x0000000020000001                buf_min
 .data.buf_hour
                0x0000000020000002        0x1 ./Core/Src/my_clock.o
                0x0000000020000002                buf_hour
 .data.buf_day  0x0000000020000003        0x1 ./Core/Src/my_clock.o
                0x0000000020000003                buf_day
 .data.buf_date
                0x0000000020000004        0x1 ./Core/Src/my_clock.o
                0x0000000020000004                buf_date
 .data.buf_mon  0x0000000020000005        0x1 ./Core/Src/my_clock.o
                0x0000000020000005                buf_mon
 .data.buf_year
                0x0000000020000006        0x1 ./Core/Src/my_clock.o
                0x0000000020000006                buf_year
 .data.ala_min  0x0000000020000007        0x1 ./Core/Src/my_clock.o
                0x0000000020000007                ala_min
 .data.ala_hour
                0x0000000020000008        0x1 ./Core/Src/my_clock.o
                0x0000000020000008                ala_hour
 .data.ala_day  0x0000000020000009        0x1 ./Core/Src/my_clock.o
                0x0000000020000009                ala_day
 .data.ala_date
                0x000000002000000a        0x1 ./Core/Src/my_clock.o
                0x000000002000000a                ala_date
 .data.ala_mon  0x000000002000000b        0x1 ./Core/Src/my_clock.o
                0x000000002000000b                ala_mon
 .data.ala_year
                0x000000002000000c        0x1 ./Core/Src/my_clock.o
                0x000000002000000c                ala_year
 *fill*         0x000000002000000d        0x3 
 .data.volval   0x0000000020000010        0x4 ./Core/Src/system.o
                0x0000000020000010                volval
 .data.SystemCoreClock
                0x0000000020000014        0x4 ./Core/Src/system_stm32f4xx.o
                0x0000000020000014                SystemCoreClock
 .data.uwTickPrio
                0x0000000020000018        0x4 ./Drivers/STM32F4xx_HAL_Driver/Src/stm32f4xx_hal.o
                0x0000000020000018                uwTickPrio
 .data.uwTickFreq
                0x000000002000001c        0x1 ./Drivers/STM32F4xx_HAL_Driver/Src/stm32f4xx_hal.o
                0x000000002000001c                uwTickFreq
 *fill*         0x000000002000001d        0x3 
 .data._impure_data
                0x0000000020000020       0x4c D:/STM32/stm32cubeide/STM32CubeIDE_1.13.0/STM32CubeIDE/plugins/com.st.stm32cube.ide.mcu.externaltools.gnu-tools-for-stm32.11.3.rel1.win32_1.1.0.202305231506/tools/bin/../lib/gcc/arm-none-eabi/11.3.1/../../../../arm-none-eabi/lib/thumb/v7e-m+fp/hard\libc_nano.a(libc_a-impure.o)
                0x0000000020000020                _impure_data
 .data._impure_ptr
                0x000000002000006c        0x4 D:/STM32/stm32cubeide/STM32CubeIDE_1.13.0/STM32CubeIDE/plugins/com.st.stm32cube.ide.mcu.externaltools.gnu-tools-for-stm32.11.3.rel1.win32_1.1.0.202305231506/tools/bin/../lib/gcc/arm-none-eabi/11.3.1/../../../../arm-none-eabi/lib/thumb/v7e-m+fp/hard\libc_nano.a(libc_a-impure.o)
                0x000000002000006c                _impure_ptr
 *(.RamFunc)
 *(.RamFunc*)
                0x0000000020000070                . = ALIGN (0x4)
                0x0000000020000070                _edata = .
                0x000000000800d868                _siccmram = LOADADDR (.ccmram)

.igot.plt       0x0000000020000070        0x0 load address 0x000000000800d868
 .igot.plt      0x0000000020000070        0x0 D:/STM32/stm32cubeide/STM32CubeIDE_1.13.0/STM32CubeIDE/plugins/com.st.stm32cube.ide.mcu.externaltools.gnu-tools-for-stm32.11.3.rel1.win32_1.1.0.202305231506/tools/bin/../lib/gcc/arm-none-eabi/11.3.1/thumb/v7e-m+fp/hard/crtbegin.o

.ccmram         0x0000000010000000        0x0 load address 0x000000000800d868
                0x0000000010000000                . = ALIGN (0x4)
                0x0000000010000000                _sccmram = .
 *(.ccmram)
 *(.ccmram*)
                0x0000000010000000                . = ALIGN (0x4)
                0x0000000010000000                _eccmram = .
                0x0000000010000000                . = ALIGN (0x4)

.bss            0x0000000020000070      0x4e4
                0x0000000020000070                _sbss = .
                0x0000000020000070                __bss_start__ = _sbss
 *(.bss)
 .bss           0x0000000020000070       0x1c D:/STM32/stm32cubeide/STM32CubeIDE_1.13.0/STM32CubeIDE/plugins/com.st.stm32cube.ide.mcu.externaltools.gnu-tools-for-stm32.11.3.rel1.win32_1.1.0.202305231506/tools/bin/../lib/gcc/arm-none-eabi/11.3.1/thumb/v7e-m+fp/hard/crtbegin.o
 *(.bss*)
 .bss.hadc1     0x000000002000008c       0x48 ./Core/Src/adc.o
                0x000000002000008c                hadc1
 .bss.hdma_adc1
                0x00000000200000d4       0x60 ./Core/Src/adc.o
                0x00000000200000d4                hdma_adc1
 .bss.button_count
                0x0000000020000134       0x20 ./Core/Src/button.o
                0x0000000020000134                button_count
 .bss.spi_button
                0x0000000020000154        0x2 ./Core/Src/button.o
                0x0000000020000154                spi_button
 .bss.duty_cycle
                0x0000000020000156        0x1 ./Core/Src/buzzer.o
                0x0000000020000156                duty_cycle
 *fill*         0x0000000020000157        0x1 
 .bss.ds3231_buffer
                0x0000000020000158        0x7 ./Core/Src/ds3231.o
                0x0000000020000158                ds3231_buffer
 .bss.ds3231_hours
                0x000000002000015f        0x1 ./Core/Src/ds3231.o
                0x000000002000015f                ds3231_hours
 .bss.ds3231_min
                0x0000000020000160        0x1 ./Core/Src/ds3231.o
                0x0000000020000160                ds3231_min
 .bss.ds3231_sec
                0x0000000020000161        0x1 ./Core/Src/ds3231.o
                0x0000000020000161                ds3231_sec
 .bss.ds3231_date
                0x0000000020000162        0x1 ./Core/Src/ds3231.o
                0x0000000020000162                ds3231_date
 .bss.ds3231_day
                0x0000000020000163        0x1 ./Core/Src/ds3231.o
                0x0000000020000163                ds3231_day
 .bss.ds3231_month
                0x0000000020000164        0x1 ./Core/Src/ds3231.o
                0x0000000020000164                ds3231_month
 .bss.ds3231_year
                0x0000000020000165        0x1 ./Core/Src/ds3231.o
                0x0000000020000165                ds3231_year
 *fill*         0x0000000020000166        0x2 
 .bss.hsram1    0x0000000020000168       0x50 ./Core/Src/fsmc.o
                0x0000000020000168                hsram1
 .bss.FSMC_Initialized
                0x00000000200001b8        0x4 ./Core/Src/fsmc.o
 .bss.hi2c1     0x00000000200001bc       0x54 ./Core/Src/i2c.o
                0x00000000200001bc                hi2c1
 .bss.lcddev    0x0000000020000210        0x6 ./Core/Src/lcd.o
                0x0000000020000210                lcddev
 .bss.st_clock  0x0000000020000216        0x1 ./Core/Src/my_clock.o
                0x0000000020000216                st_clock
 *fill*         0x0000000020000217        0x1 
 .bss.button_st
                0x0000000020000218        0x3 ./Core/Src/my_clock.o
                0x0000000020000218                button_st
 .bss.st_changing
                0x000000002000021b        0x1 ./Core/Src/my_clock.o
                0x000000002000021b                st_changing
 .bss.st_blinking
                0x000000002000021c        0x1 ./Core/Src/my_clock.o
                0x000000002000021c                st_blinking
 *fill*         0x000000002000021d        0x3 
 .bss.box       0x0000000020000220       0x18 ./Core/Src/my_display.o
                0x0000000020000220                box
 .bss.adc_receive
                0x0000000020000238        0xa ./Core/Src/sensor.o
                0x0000000020000238                adc_receive
 *fill*         0x0000000020000242        0x2 
 .bss.timer     0x0000000020000244       0x28 ./Core/Src/software_timer.o
                0x0000000020000244                timer
 .bss.hspi1     0x000000002000026c       0x58 ./Core/Src/spi.o
                0x000000002000026c                hspi1
 .bss.__sbrk_heap_end
                0x00000000200002c4        0x4 ./Core/Src/sysmem.o
 .bss.isnotify  0x00000000200002c8        0x1 ./Core/Src/system.o
                0x00000000200002c8                isnotify
 *fill*         0x00000000200002c9        0x3 
 .bss.htim2     0x00000000200002cc       0x48 ./Core/Src/tim.o
                0x00000000200002cc                htim2
 .bss.htim13    0x0000000020000314       0x48 ./Core/Src/tim.o
                0x0000000020000314                htim13
 .bss.receive_buffer1
                0x000000002000035c        0x1 ./Core/Src/uart.o
                0x000000002000035c                receive_buffer1
 *fill*         0x000000002000035d        0x3 
 .bss.msg       0x0000000020000360       0x64 ./Core/Src/uart.o
                0x0000000020000360                msg
 .bss.huart1    0x00000000200003c4       0x44 ./Core/Src/usart.o
                0x00000000200003c4                huart1
 .bss.uwTick    0x0000000020000408        0x4 ./Drivers/STM32F4xx_HAL_Driver/Src/stm32f4xx_hal.o
                0x0000000020000408                uwTick
 .bss.__sf      0x000000002000040c      0x138 D:/STM32/stm32cubeide/STM32CubeIDE_1.13.0/STM32CubeIDE/plugins/com.st.stm32cube.ide.mcu.externaltools.gnu-tools-for-stm32.11.3.rel1.win32_1.1.0.202305231506/tools/bin/../lib/gcc/arm-none-eabi/11.3.1/../../../../arm-none-eabi/lib/thumb/v7e-m+fp/hard\libc_nano.a(libc_a-findfp.o)
                0x000000002000040c                __sf
 .bss.errno     0x0000000020000544        0x4 D:/STM32/stm32cubeide/STM32CubeIDE_1.13.0/STM32CubeIDE/plugins/com.st.stm32cube.ide.mcu.externaltools.gnu-tools-for-stm32.11.3.rel1.win32_1.1.0.202305231506/tools/bin/../lib/gcc/arm-none-eabi/11.3.1/../../../../arm-none-eabi/lib/thumb/v7e-m+fp/hard\libc_nano.a(libc_a-reent.o)
                0x0000000020000544                errno
 .bss.__lock___malloc_recursive_mutex
                0x0000000020000548        0x1 D:/STM32/stm32cubeide/STM32CubeIDE_1.13.0/STM32CubeIDE/plugins/com.st.stm32cube.ide.mcu.externaltools.gnu-tools-for-stm32.11.3.rel1.win32_1.1.0.202305231506/tools/bin/../lib/gcc/arm-none-eabi/11.3.1/../../../../arm-none-eabi/lib/thumb/v7e-m+fp/hard\libc_nano.a(libc_a-lock.o)
                0x0000000020000548                __lock___malloc_recursive_mutex
 *fill*         0x0000000020000549        0x3 
 .bss.__malloc_free_list
                0x000000002000054c        0x4 D:/STM32/stm32cubeide/STM32CubeIDE_1.13.0/STM32CubeIDE/plugins/com.st.stm32cube.ide.mcu.externaltools.gnu-tools-for-stm32.11.3.rel1.win32_1.1.0.202305231506/tools/bin/../lib/gcc/arm-none-eabi/11.3.1/../../../../arm-none-eabi/lib/thumb/v7e-m+fp/hard\libc_nano.a(libc_a-mallocr.o)
                0x000000002000054c                __malloc_free_list
 .bss.__malloc_sbrk_start
                0x0000000020000550        0x4 D:/STM32/stm32cubeide/STM32CubeIDE_1.13.0/STM32CubeIDE/plugins/com.st.stm32cube.ide.mcu.externaltools.gnu-tools-for-stm32.11.3.rel1.win32_1.1.0.202305231506/tools/bin/../lib/gcc/arm-none-eabi/11.3.1/../../../../arm-none-eabi/lib/thumb/v7e-m+fp/hard\libc_nano.a(libc_a-mallocr.o)
                0x0000000020000550                __malloc_sbrk_start
 *(COMMON)
                0x0000000020000554                . = ALIGN (0x4)
                0x0000000020000554                _ebss = .
                0x0000000020000554                __bss_end__ = _ebss

._user_heap_stack
                0x0000000020000554      0x604
                0x0000000020000558                . = ALIGN (0x8)
 *fill*         0x0000000020000554        0x4 
                [!provide]                        PROVIDE (end = .)
                0x0000000020000558                PROVIDE (_end = .)
                0x0000000020000758                . = (. + _Min_Heap_Size)
 *fill*         0x0000000020000558      0x200 
                0x0000000020000b58                . = (. + _Min_Stack_Size)
 *fill*         0x0000000020000758      0x400 
                0x0000000020000b58                . = ALIGN (0x8)

/DISCARD/
 libc.a(*)
 libm.a(*)
 libgcc.a(*)

.ARM.attributes
                0x0000000000000000       0x30
 *(.ARM.attributes)
 .ARM.attributes
                0x0000000000000000       0x1e D:/STM32/stm32cubeide/STM32CubeIDE_1.13.0/STM32CubeIDE/plugins/com.st.stm32cube.ide.mcu.externaltools.gnu-tools-for-stm32.11.3.rel1.win32_1.1.0.202305231506/tools/bin/../lib/gcc/arm-none-eabi/11.3.1/thumb/v7e-m+fp/hard/crti.o
 .ARM.attributes
                0x000000000000001e       0x34 D:/STM32/stm32cubeide/STM32CubeIDE_1.13.0/STM32CubeIDE/plugins/com.st.stm32cube.ide.mcu.externaltools.gnu-tools-for-stm32.11.3.rel1.win32_1.1.0.202305231506/tools/bin/../lib/gcc/arm-none-eabi/11.3.1/thumb/v7e-m+fp/hard/crtbegin.o
 .ARM.attributes
                0x0000000000000052       0x34 ./Core/Src/adc.o
 .ARM.attributes
                0x0000000000000086       0x34 ./Core/Src/button.o
 .ARM.attributes
                0x00000000000000ba       0x34 ./Core/Src/buzzer.o
 .ARM.attributes
                0x00000000000000ee       0x34 ./Core/Src/dma.o
 .ARM.attributes
                0x0000000000000122       0x34 ./Core/Src/ds3231.o
 .ARM.attributes
                0x0000000000000156       0x34 ./Core/Src/fsmc.o
 .ARM.attributes
                0x000000000000018a       0x34 ./Core/Src/gpio.o
 .ARM.attributes
                0x00000000000001be       0x34 ./Core/Src/i2c.o
 .ARM.attributes
                0x00000000000001f2       0x34 ./Core/Src/lcd.o
 .ARM.attributes
                0x0000000000000226       0x34 ./Core/Src/main.o
 .ARM.attributes
                0x000000000000025a       0x34 ./Core/Src/my_clock.o
 .ARM.attributes
                0x000000000000028e       0x34 ./Core/Src/my_display.o
 .ARM.attributes
                0x00000000000002c2       0x34 ./Core/Src/sensor.o
 .ARM.attributes
                0x00000000000002f6       0x34 ./Core/Src/software_timer.o
 .ARM.attributes
                0x000000000000032a       0x34 ./Core/Src/spi.o
 .ARM.attributes
                0x000000000000035e       0x34 ./Core/Src/stm32f4xx_hal_msp.o
 .ARM.attributes
                0x0000000000000392       0x34 ./Core/Src/stm32f4xx_it.o
 .ARM.attributes
                0x00000000000003c6       0x34 ./Core/Src/sysmem.o
 .ARM.attributes
                0x00000000000003fa       0x34 ./Core/Src/system.o
 .ARM.attributes
                0x000000000000042e       0x34 ./Core/Src/system_stm32f4xx.o
 .ARM.attributes
                0x0000000000000462       0x34 ./Core/Src/tim.o
 .ARM.attributes
                0x0000000000000496       0x34 ./Core/Src/uart.o
 .ARM.attributes
                0x00000000000004ca       0x34 ./Core/Src/usart.o
 .ARM.attributes
                0x00000000000004fe       0x34 ./Core/Src/utils.o
 .ARM.attributes
                0x0000000000000532       0x21 ./Core/Startup/startup_stm32f407zetx.o
 .ARM.attributes
                0x0000000000000553       0x34 ./Drivers/STM32F4xx_HAL_Driver/Src/stm32f4xx_hal.o
 .ARM.attributes
                0x0000000000000587       0x34 ./Drivers/STM32F4xx_HAL_Driver/Src/stm32f4xx_hal_adc.o
 .ARM.attributes
                0x00000000000005bb       0x34 ./Drivers/STM32F4xx_HAL_Driver/Src/stm32f4xx_hal_cortex.o
 .ARM.attributes
                0x00000000000005ef       0x34 ./Drivers/STM32F4xx_HAL_Driver/Src/stm32f4xx_hal_dma.o
 .ARM.attributes
                0x0000000000000623       0x34 ./Drivers/STM32F4xx_HAL_Driver/Src/stm32f4xx_hal_gpio.o
 .ARM.attributes
                0x0000000000000657       0x34 ./Drivers/STM32F4xx_HAL_Driver/Src/stm32f4xx_hal_i2c.o
 .ARM.attributes
                0x000000000000068b       0x34 ./Drivers/STM32F4xx_HAL_Driver/Src/stm32f4xx_hal_rcc.o
 .ARM.attributes
                0x00000000000006bf       0x34 ./Drivers/STM32F4xx_HAL_Driver/Src/stm32f4xx_hal_spi.o
 .ARM.attributes
                0x00000000000006f3       0x34 ./Drivers/STM32F4xx_HAL_Driver/Src/stm32f4xx_hal_sram.o
 .ARM.attributes
                0x0000000000000727       0x34 ./Drivers/STM32F4xx_HAL_Driver/Src/stm32f4xx_hal_tim.o
 .ARM.attributes
                0x000000000000075b       0x34 ./Drivers/STM32F4xx_HAL_Driver/Src/stm32f4xx_hal_tim_ex.o
 .ARM.attributes
                0x000000000000078f       0x34 ./Drivers/STM32F4xx_HAL_Driver/Src/stm32f4xx_hal_uart.o
 .ARM.attributes
                0x00000000000007c3       0x34 ./Drivers/STM32F4xx_HAL_Driver/Src/stm32f4xx_ll_fsmc.o
 .ARM.attributes
                0x00000000000007f7       0x34 D:/STM32/stm32cubeide/STM32CubeIDE_1.13.0/STM32CubeIDE/plugins/com.st.stm32cube.ide.mcu.externaltools.gnu-tools-for-stm32.11.3.rel1.win32_1.1.0.202305231506/tools/bin/../lib/gcc/arm-none-eabi/11.3.1/../../../../arm-none-eabi/lib/thumb/v7e-m+fp/hard\libc_nano.a(libc_a-findfp.o)
 .ARM.attributes
                0x000000000000082b       0x34 D:/STM32/stm32cubeide/STM32CubeIDE_1.13.0/STM32CubeIDE/plugins/com.st.stm32cube.ide.mcu.externaltools.gnu-tools-for-stm32.11.3.rel1.win32_1.1.0.202305231506/tools/bin/../lib/gcc/arm-none-eabi/11.3.1/../../../../arm-none-eabi/lib/thumb/v7e-m+fp/hard\libc_nano.a(libc_a-sprintf.o)
 .ARM.attributes
                0x000000000000085f       0x34 D:/STM32/stm32cubeide/STM32CubeIDE_1.13.0/STM32CubeIDE/plugins/com.st.stm32cube.ide.mcu.externaltools.gnu-tools-for-stm32.11.3.rel1.win32_1.1.0.202305231506/tools/bin/../lib/gcc/arm-none-eabi/11.3.1/../../../../arm-none-eabi/lib/thumb/v7e-m+fp/hard\libc_nano.a(libc_a-memset.o)
 .ARM.attributes
                0x0000000000000893       0x34 D:/STM32/stm32cubeide/STM32CubeIDE_1.13.0/STM32CubeIDE/plugins/com.st.stm32cube.ide.mcu.externaltools.gnu-tools-for-stm32.11.3.rel1.win32_1.1.0.202305231506/tools/bin/../lib/gcc/arm-none-eabi/11.3.1/../../../../arm-none-eabi/lib/thumb/v7e-m+fp/hard\libc_nano.a(libc_a-reent.o)
 .ARM.attributes
                0x00000000000008c7       0x34 D:/STM32/stm32cubeide/STM32CubeIDE_1.13.0/STM32CubeIDE/plugins/com.st.stm32cube.ide.mcu.externaltools.gnu-tools-for-stm32.11.3.rel1.win32_1.1.0.202305231506/tools/bin/../lib/gcc/arm-none-eabi/11.3.1/../../../../arm-none-eabi/lib/thumb/v7e-m+fp/hard\libc_nano.a(libc_a-impure.o)
 .ARM.attributes
                0x00000000000008fb       0x34 D:/STM32/stm32cubeide/STM32CubeIDE_1.13.0/STM32CubeIDE/plugins/com.st.stm32cube.ide.mcu.externaltools.gnu-tools-for-stm32.11.3.rel1.win32_1.1.0.202305231506/tools/bin/../lib/gcc/arm-none-eabi/11.3.1/../../../../arm-none-eabi/lib/thumb/v7e-m+fp/hard\libc_nano.a(libc_a-errno.o)
 .ARM.attributes
                0x000000000000092f       0x34 D:/STM32/stm32cubeide/STM32CubeIDE_1.13.0/STM32CubeIDE/plugins/com.st.stm32cube.ide.mcu.externaltools.gnu-tools-for-stm32.11.3.rel1.win32_1.1.0.202305231506/tools/bin/../lib/gcc/arm-none-eabi/11.3.1/../../../../arm-none-eabi/lib/thumb/v7e-m+fp/hard\libc_nano.a(libc_a-init.o)
 .ARM.attributes
                0x0000000000000963       0x34 D:/STM32/stm32cubeide/STM32CubeIDE_1.13.0/STM32CubeIDE/plugins/com.st.stm32cube.ide.mcu.externaltools.gnu-tools-for-stm32.11.3.rel1.win32_1.1.0.202305231506/tools/bin/../lib/gcc/arm-none-eabi/11.3.1/../../../../arm-none-eabi/lib/thumb/v7e-m+fp/hard\libc_nano.a(libc_a-lock.o)
 .ARM.attributes
                0x0000000000000997       0x34 D:/STM32/stm32cubeide/STM32CubeIDE_1.13.0/STM32CubeIDE/plugins/com.st.stm32cube.ide.mcu.externaltools.gnu-tools-for-stm32.11.3.rel1.win32_1.1.0.202305231506/tools/bin/../lib/gcc/arm-none-eabi/11.3.1/../../../../arm-none-eabi/lib/thumb/v7e-m+fp/hard\libc_nano.a(libc_a-freer.o)
 .ARM.attributes
                0x00000000000009cb       0x34 D:/STM32/stm32cubeide/STM32CubeIDE_1.13.0/STM32CubeIDE/plugins/com.st.stm32cube.ide.mcu.externaltools.gnu-tools-for-stm32.11.3.rel1.win32_1.1.0.202305231506/tools/bin/../lib/gcc/arm-none-eabi/11.3.1/../../../../arm-none-eabi/lib/thumb/v7e-m+fp/hard\libc_nano.a(libc_a-mallocr.o)
 .ARM.attributes
                0x00000000000009ff       0x34 D:/STM32/stm32cubeide/STM32CubeIDE_1.13.0/STM32CubeIDE/plugins/com.st.stm32cube.ide.mcu.externaltools.gnu-tools-for-stm32.11.3.rel1.win32_1.1.0.202305231506/tools/bin/../lib/gcc/arm-none-eabi/11.3.1/../../../../arm-none-eabi/lib/thumb/v7e-m+fp/hard\libc_nano.a(libc_a-mlock.o)
 .ARM.attributes
                0x0000000000000a33       0x34 D:/STM32/stm32cubeide/STM32CubeIDE_1.13.0/STM32CubeIDE/plugins/com.st.stm32cube.ide.mcu.externaltools.gnu-tools-for-stm32.11.3.rel1.win32_1.1.0.202305231506/tools/bin/../lib/gcc/arm-none-eabi/11.3.1/../../../../arm-none-eabi/lib/thumb/v7e-m+fp/hard\libc_nano.a(libc_a-nano-svfprintf.o)
 .ARM.attributes
                0x0000000000000a67       0x34 D:/STM32/stm32cubeide/STM32CubeIDE_1.13.0/STM32CubeIDE/plugins/com.st.stm32cube.ide.mcu.externaltools.gnu-tools-for-stm32.11.3.rel1.win32_1.1.0.202305231506/tools/bin/../lib/gcc/arm-none-eabi/11.3.1/../../../../arm-none-eabi/lib/thumb/v7e-m+fp/hard\libc_nano.a(libc_a-nano-vfprintf_i.o)
 .ARM.attributes
                0x0000000000000a9b       0x34 D:/STM32/stm32cubeide/STM32CubeIDE_1.13.0/STM32CubeIDE/plugins/com.st.stm32cube.ide.mcu.externaltools.gnu-tools-for-stm32.11.3.rel1.win32_1.1.0.202305231506/tools/bin/../lib/gcc/arm-none-eabi/11.3.1/../../../../arm-none-eabi/lib/thumb/v7e-m+fp/hard\libc_nano.a(libc_a-memmove.o)
 .ARM.attributes
                0x0000000000000acf       0x34 D:/STM32/stm32cubeide/STM32CubeIDE_1.13.0/STM32CubeIDE/plugins/com.st.stm32cube.ide.mcu.externaltools.gnu-tools-for-stm32.11.3.rel1.win32_1.1.0.202305231506/tools/bin/../lib/gcc/arm-none-eabi/11.3.1/../../../../arm-none-eabi/lib/thumb/v7e-m+fp/hard\libc_nano.a(libc_a-sbrkr.o)
 .ARM.attributes
                0x0000000000000b03       0x1c D:/STM32/stm32cubeide/STM32CubeIDE_1.13.0/STM32CubeIDE/plugins/com.st.stm32cube.ide.mcu.externaltools.gnu-tools-for-stm32.11.3.rel1.win32_1.1.0.202305231506/tools/bin/../lib/gcc/arm-none-eabi/11.3.1/../../../../arm-none-eabi/lib/thumb/v7e-m+fp/hard\libc_nano.a(libc_a-memchr.o)
 .ARM.attributes
                0x0000000000000b1f       0x34 D:/STM32/stm32cubeide/STM32CubeIDE_1.13.0/STM32CubeIDE/plugins/com.st.stm32cube.ide.mcu.externaltools.gnu-tools-for-stm32.11.3.rel1.win32_1.1.0.202305231506/tools/bin/../lib/gcc/arm-none-eabi/11.3.1/../../../../arm-none-eabi/lib/thumb/v7e-m+fp/hard\libc_nano.a(libc_a-memcpy-stub.o)
 .ARM.attributes
                0x0000000000000b53       0x34 D:/STM32/stm32cubeide/STM32CubeIDE_1.13.0/STM32CubeIDE/plugins/com.st.stm32cube.ide.mcu.externaltools.gnu-tools-for-stm32.11.3.rel1.win32_1.1.0.202305231506/tools/bin/../lib/gcc/arm-none-eabi/11.3.1/../../../../arm-none-eabi/lib/thumb/v7e-m+fp/hard\libc_nano.a(libc_a-reallocr.o)
 .ARM.attributes
                0x0000000000000b87       0x34 D:/STM32/stm32cubeide/STM32CubeIDE_1.13.0/STM32CubeIDE/plugins/com.st.stm32cube.ide.mcu.externaltools.gnu-tools-for-stm32.11.3.rel1.win32_1.1.0.202305231506/tools/bin/../lib/gcc/arm-none-eabi/11.3.1/../../../../arm-none-eabi/lib/thumb/v7e-m+fp/hard\libc_nano.a(libc_a-msizer.o)
 .ARM.attributes
                0x0000000000000bbb       0x1e D:/STM32/stm32cubeide/STM32CubeIDE_1.13.0/STM32CubeIDE/plugins/com.st.stm32cube.ide.mcu.externaltools.gnu-tools-for-stm32.11.3.rel1.win32_1.1.0.202305231506/tools/bin/../lib/gcc/arm-none-eabi/11.3.1/thumb/v7e-m+fp/hard\libgcc.a(_arm_addsubdf3.o)
 .ARM.attributes
                0x0000000000000bd9       0x1e D:/STM32/stm32cubeide/STM32CubeIDE_1.13.0/STM32CubeIDE/plugins/com.st.stm32cube.ide.mcu.externaltools.gnu-tools-for-stm32.11.3.rel1.win32_1.1.0.202305231506/tools/bin/../lib/gcc/arm-none-eabi/11.3.1/thumb/v7e-m+fp/hard\libgcc.a(_arm_muldivdf3.o)
 .ARM.attributes
                0x0000000000000bf7       0x1e D:/STM32/stm32cubeide/STM32CubeIDE_1.13.0/STM32CubeIDE/plugins/com.st.stm32cube.ide.mcu.externaltools.gnu-tools-for-stm32.11.3.rel1.win32_1.1.0.202305231506/tools/bin/../lib/gcc/arm-none-eabi/11.3.1/thumb/v7e-m+fp/hard\libgcc.a(_arm_fixunsdfsi.o)
 .ARM.attributes
                0x0000000000000c15       0x1e D:/STM32/stm32cubeide/STM32CubeIDE_1.13.0/STM32CubeIDE/plugins/com.st.stm32cube.ide.mcu.externaltools.gnu-tools-for-stm32.11.3.rel1.win32_1.1.0.202305231506/tools/bin/../lib/gcc/arm-none-eabi/11.3.1/thumb/v7e-m+fp/hard\libgcc.a(_arm_truncdfsf2.o)
 .ARM.attributes
                0x0000000000000c33       0x1e D:/STM32/stm32cubeide/STM32CubeIDE_1.13.0/STM32CubeIDE/plugins/com.st.stm32cube.ide.mcu.externaltools.gnu-tools-for-stm32.11.3.rel1.win32_1.1.0.202305231506/tools/bin/../lib/gcc/arm-none-eabi/11.3.1/thumb/v7e-m+fp/hard\libgcc.a(_aeabi_uldivmod.o)
 .ARM.attributes
                0x0000000000000c51       0x34 D:/STM32/stm32cubeide/STM32CubeIDE_1.13.0/STM32CubeIDE/plugins/com.st.stm32cube.ide.mcu.externaltools.gnu-tools-for-stm32.11.3.rel1.win32_1.1.0.202305231506/tools/bin/../lib/gcc/arm-none-eabi/11.3.1/thumb/v7e-m+fp/hard\libgcc.a(_udivmoddi4.o)
 .ARM.attributes
                0x0000000000000c85       0x1e D:/STM32/stm32cubeide/STM32CubeIDE_1.13.0/STM32CubeIDE/plugins/com.st.stm32cube.ide.mcu.externaltools.gnu-tools-for-stm32.11.3.rel1.win32_1.1.0.202305231506/tools/bin/../lib/gcc/arm-none-eabi/11.3.1/thumb/v7e-m+fp/hard\libgcc.a(_dvmd_tls.o)
 .ARM.attributes
                0x0000000000000ca3       0x1e D:/STM32/stm32cubeide/STM32CubeIDE_1.13.0/STM32CubeIDE/plugins/com.st.stm32cube.ide.mcu.externaltools.gnu-tools-for-stm32.11.3.rel1.win32_1.1.0.202305231506/tools/bin/../lib/gcc/arm-none-eabi/11.3.1/thumb/v7e-m+fp/hard/crtn.o
OUTPUT(lab6_ADC_PWM.elf elf32-littlearm)
LOAD linker stubs
LOAD D:/STM32/stm32cubeide/STM32CubeIDE_1.13.0/STM32CubeIDE/plugins/com.st.stm32cube.ide.mcu.externaltools.gnu-tools-for-stm32.11.3.rel1.win32_1.1.0.202305231506/tools/bin/../lib/gcc/arm-none-eabi/11.3.1/../../../../arm-none-eabi/lib/thumb/v7e-m+fp/hard\libc.a
LOAD D:/STM32/stm32cubeide/STM32CubeIDE_1.13.0/STM32CubeIDE/plugins/com.st.stm32cube.ide.mcu.externaltools.gnu-tools-for-stm32.11.3.rel1.win32_1.1.0.202305231506/tools/bin/../lib/gcc/arm-none-eabi/11.3.1/../../../../arm-none-eabi/lib/thumb/v7e-m+fp/hard\libm.a
LOAD D:/STM32/stm32cubeide/STM32CubeIDE_1.13.0/STM32CubeIDE/plugins/com.st.stm32cube.ide.mcu.externaltools.gnu-tools-for-stm32.11.3.rel1.win32_1.1.0.202305231506/tools/bin/../lib/gcc/arm-none-eabi/11.3.1/thumb/v7e-m+fp/hard\libgcc.a

.comment        0x0000000000000000       0x43
 .comment       0x0000000000000000       0x43 D:/STM32/stm32cubeide/STM32CubeIDE_1.13.0/STM32CubeIDE/plugins/com.st.stm32cube.ide.mcu.externaltools.gnu-tools-for-stm32.11.3.rel1.win32_1.1.0.202305231506/tools/bin/../lib/gcc/arm-none-eabi/11.3.1/thumb/v7e-m+fp/hard/crtbegin.o
                                         0x44 (size before relaxing)
 .comment       0x0000000000000043       0x44 ./Core/Src/adc.o
 .comment       0x0000000000000043       0x44 ./Core/Src/button.o
 .comment       0x0000000000000043       0x44 ./Core/Src/buzzer.o
 .comment       0x0000000000000043       0x44 ./Core/Src/dma.o
 .comment       0x0000000000000043       0x44 ./Core/Src/ds3231.o
 .comment       0x0000000000000043       0x44 ./Core/Src/fsmc.o
 .comment       0x0000000000000043       0x44 ./Core/Src/gpio.o
 .comment       0x0000000000000043       0x44 ./Core/Src/i2c.o
 .comment       0x0000000000000043       0x44 ./Core/Src/lcd.o
 .comment       0x0000000000000043       0x44 ./Core/Src/main.o
 .comment       0x0000000000000043       0x44 ./Core/Src/my_clock.o
 .comment       0x0000000000000043       0x44 ./Core/Src/my_display.o
 .comment       0x0000000000000043       0x44 ./Core/Src/sensor.o
 .comment       0x0000000000000043       0x44 ./Core/Src/software_timer.o
 .comment       0x0000000000000043       0x44 ./Core/Src/spi.o
 .comment       0x0000000000000043       0x44 ./Core/Src/stm32f4xx_hal_msp.o
 .comment       0x0000000000000043       0x44 ./Core/Src/stm32f4xx_it.o
 .comment       0x0000000000000043       0x44 ./Core/Src/sysmem.o
 .comment       0x0000000000000043       0x44 ./Core/Src/system.o
 .comment       0x0000000000000043       0x44 ./Core/Src/system_stm32f4xx.o
 .comment       0x0000000000000043       0x44 ./Core/Src/tim.o
 .comment       0x0000000000000043       0x44 ./Core/Src/uart.o
 .comment       0x0000000000000043       0x44 ./Core/Src/usart.o
 .comment       0x0000000000000043       0x44 ./Core/Src/utils.o
 .comment       0x0000000000000043       0x44 ./Drivers/STM32F4xx_HAL_Driver/Src/stm32f4xx_hal.o
 .comment       0x0000000000000043       0x44 ./Drivers/STM32F4xx_HAL_Driver/Src/stm32f4xx_hal_adc.o
 .comment       0x0000000000000043       0x44 ./Drivers/STM32F4xx_HAL_Driver/Src/stm32f4xx_hal_cortex.o
 .comment       0x0000000000000043       0x44 ./Drivers/STM32F4xx_HAL_Driver/Src/stm32f4xx_hal_dma.o